#
# There is insufficient memory for the Java Runtime Environment to continue.
# Native memory allocation (mmap) failed to map 109051904 bytes for G1 virtual space
# Possible reasons:
#   The system is out of physical RAM or swap space
#   The process is running with CompressedOops enabled, and the Java Heap may be blocking the growth of the native heap
# Possible solutions:
#   Reduce memory load on the system
#   Increase physical memory or swap space
#   Check if swap backing store is full
#   Decrease Java heap size (-Xmx/-Xms)
#   Decrease number of Java threads
#   Decrease Java thread stack sizes (-Xss)
#   Set larger code cache with -XX:ReservedCodeCacheSize=
#   JVM is running with Unscaled Compressed Oops mode in which the Java heap is
#     placed in the first 4GB address space. The Java Heap base address is the
#     maximum limit for the native heap growth. Please use -XX:HeapBaseMinAddress
#     to set the Java Heap base and to place the Java Heap above 4GB virtual address.
# This output file may be truncated or incomplete.
#
#  Out of Memory Error (os_windows.cpp:3604), pid=6384, tid=2716
#
# JRE version: Java(TM) SE Runtime Environment (21.0.10+8) (build 21.0.10+8-LTS-217)
# Java VM: Java HotSpot(TM) 64-Bit Server VM (21.0.10+8-LTS-217, mixed mode, sharing, tiered, compressed oops, compressed class ptrs, g1 gc, windows-amd64)
# No core dump will be written. Minidumps are not enabled by default on client versions of Windows
#

---------------  S U M M A R Y ------------

Command Line: google-java-format-1.23.0-all-deps.jar --replace src/main/java/library/app/com/concurrency/ThreadRenamer.java src/main/java/library/app/com/datastructure/ListGrouper.java src/main/java/library/app/com/endpoint/EndpointConf.java src/main/java/library/app/com/endpoint/RequestLoggerConfigurer.java src/main/java/library/app/com/endpoint/rest/controller/health/AuthorController.java src/main/java/library/app/com/endpoint/rest/controller/health/BookController.java src/main/java/library/app/com/endpoint/rest/controller/health/CartController.java src/main/java/library/app/com/endpoint/rest/controller/health/CategoryController.java src/main/java/library/app/com/endpoint/rest/controller/health/CustomerController.java src/main/java/library/app/com/endpoint/rest/controller/health/EmployeeController.java src/main/java/library/app/com/endpoint/rest/controller/health/HealthEmailController.java src/main/java/library/app/com/endpoint/rest/controller/health/InvoiceController.java src/main/java/library/app/com/endpoint/rest/controller/health/OrderController.java src/main/java/library/app/com/endpoint/rest/controller/health/OrderLineController.java src/main/java/library/app/com/endpoint/rest/controller/health/PaymentController.java src/main/java/library/app/com/endpoint/rest/controller/health/PingController.java src/main/java/library/app/com/endpoint/rest/controller/health/PromotionController.java src/main/java/library/app/com/endpoint/rest/controller/health/PublisherController.java src/main/java/library/app/com/endpoint/rest/controller/health/RestockingController.java src/main/java/library/app/com/endpoint/rest/controller/health/ReviewController.java src/main/java/library/app/com/endpoint/rest/controller/health/SaleController.java src/main/java/library/app/com/endpoint/rest/controller/health/StockController.java src/main/java/library/app/com/endpoint/rest/controller/health/SupplierController.java src/main/java/library/app/com/endpoint/rest/model/JAuthor.java src/main/java/library/app/com/endpoint/rest/model/JBook.java src/main/java/library/app/com/endpoint/rest/model/JCart.java src/main/java/library/app/com/endpoint/rest/model/JCartLine.java src/main/java/library/app/com/endpoint/rest/model/JCategory.java src/main/java/library/app/com/endpoint/rest/model/JCustomer.java src/main/java/library/app/com/endpoint/rest/model/JEmployee.java src/main/java/library/app/com/endpoint/rest/model/JInvoice.java src/main/java/library/app/com/endpoint/rest/model/JOrder.java src/main/java/library/app/com/endpoint/rest/model/JOrderLine.java src/main/java/library/app/com/endpoint/rest/model/JPayment.java src/main/java/library/app/com/endpoint/rest/model/JPromotion.java src/main/java/library/app/com/endpoint/rest/model/JPromotionBook.java src/main/java/library/app/com/endpoint/rest/model/JPublisher.java src/main/java/library/app/com/endpoint/rest/model/JRestocking.java src/main/java/library/app/com/endpoint/rest/model/JReview.java src/main/java/library/app/com/endpoint/rest/model/JSale.java src/main/java/library/app/com/endpoint/rest/model/JSaleItem.java src/main/java/library/app/com/endpoint/rest/model/JStock.java src/main/java/library/app/com/endpoint/rest/model/JSupplier.java src/main/java/library/app/com/entity/Author.java src/main/java/library/app/com/entity/Book.java src/main/java/library/app/com/entity/BookCopy.java src/main/java/library/app/com/entity/Category.java src/main/java/library/app/com/entity/Customer.java src/main/java/library/app/com/entity/Employee.java src/main/java/library/app/com/entity/Order.java src/main/java/library/app/com/entity/OrderItem.java src/main/java/library/app/com/entity/OrderLine.java src/main/java/library/app/com/entity/Payment.java src/main/java/library/app/com/entity/Publisher.java src/main/java/library/app/com/entity/Review.java src/main/java/library/app/com/entity/Sale.java src/main/java/library/app/com/entity/SaleItem.java src/main/java/library/app/com/entity/Stock.java src/main/java/library/app/com/exception/GlobalExceptionHandler.java src/main/java/library/app/com/exception/NotFoundException.java src/main/java/library/app/com/exception/ResourceNotFoundException.java src/main/java/library/app/com/file/hash/FileHash.java src/main/java/library/app/com/file/hash/FileHashAlgorithm.java src/main/java/library/app/com/file/zip/FileTyper.java src/main/java/library/app/com/handler/LambdaHandler.java src/main/java/library/app/com/mail/Email.java src/main/java/library/app/com/mail/EmailAddressVerifier.java src/main/java/library/app/com/mail/EmailConf.java src/main/java/library/app/com/mail/Mailer.java src/main/java/library/app/com/PojaApplication.java src/main/java/library/app/com/PojaGenerated.java src/main/java/library/app/com/repository/AuthorRepository.java src/main/java/library/app/com/repository/BookRepository.java src/main/java/library/app/com/repository/CartLineRepository.java src/main/java/library/app/com/repository/CartRepository.java src/main/java/library/app/com/repository/CategoryRepository.java src/main/java/library/app/com/repository/CustomerRepository.java src/main/java/library/app/com/repository/EmployeeRepository.java src/main/java/library/app/com/repository/InvoiceRepository.java src/main/java/library/app/com/repository/OrderLineRepository.java src/main/java/library/app/com/repository/OrderRepository.java src/main/java/library/app/com/repository/PaymentRepository.java src/main/java/library/app/com/repository/projection/RevenueByCategory.java src/main/java/library/app/com/repository/PromotionRepository.java src/main/java/library/app/com/repository/PublisherRepository.java src/main/java/library/app/com/repository/RestockingRepository.java src/main/java/library/app/com/repository/ReviewRepository.java src/main/java/library/app/com/repository/SaleItemRepository.java src/main/java/library/app/com/repository/SaleRepository.java src/main/java/library/app/com/repository/StockRepository.java src/main/java/library/app/com/repository/SupplierRepository.java src/main/java/library/app/com/service/AuthorService.java src/main/java/library/app/com/service/BookService.java src/main/java/library/app/com/service/CartService.java src/main/java/library/app/com/service/CategoryService.java src/main/java/library/app/com/service/CustomerService.java src/main/java/library/app/com/service/EmployeeService.java src/main/java/library/app/com/service/InvoiceService.java src/main/java/library/app/com/service/OrderLineService.java src/main/java/library/app/com/service/OrderService.java src/main/java/library/app/com/service/PaymentService.java src/main/java/library/app/com/service/PromotionService.java src/main/java/library/app/com/service/PublisherService.java src/main/java/library/app/com/service/RestockingService.java src/main/java/library/app/com/service/ReviewService.java src/main/java/library/app/com/service/SaleService.java src/main/java/library/app/com/service/StockService.java src/main/java/library/app/com/service/SupplierService.java src/test/java/library/app/com/conf/BucketConf.java src/test/java/library/app/com/conf/EmailConf.java src/test/java/library/app/com/conf/FacadeIT.java src/test/java/library/app/com/endpoint/BookControllerTest.java

Host: Intel(R) Core(TM) i5-3230M CPU @ 2.60GHz, 4 cores, 5G,  Windows 10 , 64 bit Build 19041 (10.0.19041.6807)
Time: Fri Jul 10 07:32:02 2026 Jordanie elapsed time: 4.317776 seconds (0d 0h 0m 4s)

---------------  T H R E A D  ---------------

Current thread (0x0000022c7c2b8710):  VMThread "VM Thread"          [id=2716, stack(0x000000c412800000,0x000000c412900000) (1024K)]

Stack: [0x000000c412800000,0x000000c412900000]
Native frames: (J=compiled Java code, j=interpreted, Vv=VM code, C=native code)
V  [jvm.dll+0x6d0b59]
V  [jvm.dll+0x85fd56]
V  [jvm.dll+0x86224e]
V  [jvm.dll+0x862923]
V  [jvm.dll+0x282a16]
V  [jvm.dll+0x6cd405]
V  [jvm.dll+0x6c1f8a]
V  [jvm.dll+0x35bcc8]
V  [jvm.dll+0x363986]
V  [jvm.dll+0x3b4a3e]
V  [jvm.dll+0x3b4ce8]
V  [jvm.dll+0x32f98c]
V  [jvm.dll+0x32fa17]
V  [jvm.dll+0x373c9c]
V  [jvm.dll+0x372441]
V  [jvm.dll+0x32f0d1]
V  [jvm.dll+0x371aaa]
V  [jvm.dll+0x86861f]
V  [jvm.dll+0x8699ac]
V  [jvm.dll+0x869ee1]
V  [jvm.dll+0x86a183]
V  [jvm.dll+0x80a83d]
V  [jvm.dll+0x6cf3fd]
C  [ucrtbase.dll+0x21bb2]
C  [KERNEL32.DLL+0x17374]
C  [ntdll.dll+0x4cc91]

VM_Operation (0x000000c413efd730): G1CollectForAllocation, mode: safepoint, requested by thread 0x0000022c7c6dbeb0


---------------  P R O C E S S  ---------------

Threads class SMR info:
_java_thread_list=0x0000022c7ca32f80, length=32, elements={
0x0000022c6db99840, 0x0000022c7c2d55c0, 0x0000022c7c2d63e0, 0x0000022c7c2d7300,
0x0000022c7c2db000, 0x0000022c7c2dda70, 0x0000022c7c2e2230, 0x0000022c7c2edfa0,
0x0000022c7c2f0660, 0x0000022c7c55eb60, 0x0000022c7c55ffb0, 0x0000022c7c677ec0,
0x0000022c7c649080, 0x0000022c7c6496f0, 0x0000022c7c6d1e00, 0x0000022c7c6d2470,
0x0000022c7c6d2ae0, 0x0000022c7c6d3150, 0x0000022c7c6d37c0, 0x0000022c7c6d8a30,
0x0000022c7c6d9de0, 0x0000022c7c6da470, 0x0000022c7c6dbeb0, 0x0000022c7c6db820,
0x0000022c7c6d90c0, 0x0000022c7c6dab00, 0x0000022c7c6d9750, 0x0000022c7c6db190,
0x0000022c7c5d4930, 0x0000022c7c5d42a0, 0x0000022c7c5d6a00, 0x0000022c7d190560
}

Java Threads: ( => current thread )
  0x0000022c6db99840 JavaThread "main"                              [_thread_blocked, id=11732, stack(0x000000c412100000,0x000000c412200000) (1024K)]
  0x0000022c7c2d55c0 JavaThread "Reference Handler"          daemon [_thread_blocked, id=2148, stack(0x000000c412900000,0x000000c412a00000) (1024K)]
  0x0000022c7c2d63e0 JavaThread "Finalizer"                  daemon [_thread_blocked, id=9164, stack(0x000000c412a00000,0x000000c412b00000) (1024K)]
  0x0000022c7c2d7300 JavaThread "Signal Dispatcher"          daemon [_thread_blocked, id=9912, stack(0x000000c412b00000,0x000000c412c00000) (1024K)]
  0x0000022c7c2db000 JavaThread "Attach Listener"            daemon [_thread_blocked, id=10952, stack(0x000000c412c00000,0x000000c412d00000) (1024K)]
  0x0000022c7c2dda70 JavaThread "Service Thread"             daemon [_thread_blocked, id=6584, stack(0x000000c412d00000,0x000000c412e00000) (1024K)]
  0x0000022c7c2e2230 JavaThread "Monitor Deflation Thread"   daemon [_thread_blocked, id=10944, stack(0x000000c412e00000,0x000000c412f00000) (1024K)]
  0x0000022c7c2edfa0 JavaThread "C2 CompilerThread0"         daemon [_thread_blocked, id=9820, stack(0x000000c412f00000,0x000000c413000000) (1024K)]
  0x0000022c7c2f0660 JavaThread "C1 CompilerThread0"         daemon [_thread_blocked, id=7540, stack(0x000000c413000000,0x000000c413100000) (1024K)]
  0x0000022c7c55eb60 JavaThread "Notification Thread"        daemon [_thread_blocked, id=10640, stack(0x000000c413100000,0x000000c413200000) (1024K)]
  0x0000022c7c55ffb0 JavaThread "Common-Cleaner"             daemon [_thread_blocked, id=10088, stack(0x000000c413200000,0x000000c413300000) (1024K)]
  0x0000022c7c677ec0 JavaThread "pool-1-thread-1"                   [_thread_blocked, id=612, stack(0x000000c413300000,0x000000c413400000) (1024K)]
  0x0000022c7c649080 JavaThread "pool-1-thread-2"                   [_thread_blocked, id=2248, stack(0x000000c413400000,0x000000c413500000) (1024K)]
  0x0000022c7c6496f0 JavaThread "pool-1-thread-3"                   [_thread_blocked, id=9728, stack(0x000000c413500000,0x000000c413600000) (1024K)]
  0x0000022c7c6d1e00 JavaThread "pool-1-thread-4"                   [_thread_blocked, id=8288, stack(0x000000c413600000,0x000000c413700000) (1024K)]
  0x0000022c7c6d2470 JavaThread "pool-1-thread-5"                   [_thread_blocked, id=9884, stack(0x000000c413700000,0x000000c413800000) (1024K)]
  0x0000022c7c6d2ae0 JavaThread "pool-1-thread-6"                   [_thread_blocked, id=11704, stack(0x000000c413800000,0x000000c413900000) (1024K)]
  0x0000022c7c6d3150 JavaThread "pool-1-thread-7"                   [_thread_blocked, id=6440, stack(0x000000c413900000,0x000000c413a00000) (1024K)]
  0x0000022c7c6d37c0 JavaThread "pool-1-thread-8"                   [_thread_blocked, id=10156, stack(0x000000c413a00000,0x000000c413b00000) (1024K)]
  0x0000022c7c6d8a30 JavaThread "pool-1-thread-9"                   [_thread_blocked, id=8664, stack(0x000000c413b00000,0x000000c413c00000) (1024K)]
  0x0000022c7c6d9de0 JavaThread "pool-1-thread-10"                  [_thread_blocked, id=10408, stack(0x000000c413c00000,0x000000c413d00000) (1024K)]
  0x0000022c7c6da470 JavaThread "pool-1-thread-11"                  [_thread_blocked, id=11720, stack(0x000000c413d00000,0x000000c413e00000) (1024K)]
  0x0000022c7c6dbeb0 JavaThread "pool-1-thread-12"                  [_thread_blocked, id=11080, stack(0x000000c413e00000,0x000000c413f00000) (1024K)]
  0x0000022c7c6db820 JavaThread "pool-1-thread-13"                  [_thread_blocked, id=11764, stack(0x000000c413f00000,0x000000c414000000) (1024K)]
  0x0000022c7c6d90c0 JavaThread "pool-1-thread-14"                  [_thread_blocked, id=2932, stack(0x000000c414000000,0x000000c414100000) (1024K)]
  0x0000022c7c6dab00 JavaThread "pool-1-thread-15"                  [_thread_blocked, id=11712, stack(0x000000c414100000,0x000000c414200000) (1024K)]
  0x0000022c7c6d9750 JavaThread "pool-1-thread-16"                  [_thread_blocked, id=6780, stack(0x000000c414200000,0x000000c414300000) (1024K)]
  0x0000022c7c6db190 JavaThread "pool-1-thread-17"                  [_thread_blocked, id=10264, stack(0x000000c414300000,0x000000c414400000) (1024K)]
  0x0000022c7c5d4930 JavaThread "pool-1-thread-18"                  [_thread_blocked, id=2692, stack(0x000000c414400000,0x000000c414500000) (1024K)]
  0x0000022c7c5d42a0 JavaThread "pool-1-thread-19"                  [_thread_blocked, id=9136, stack(0x000000c414500000,0x000000c414600000) (1024K)]
  0x0000022c7c5d6a00 JavaThread "pool-1-thread-20"                  [_thread_blocked, id=1576, stack(0x000000c414600000,0x000000c414700000) (1024K)]
  0x0000022c7d190560 JavaThread "C2 CompilerThread1"         daemon [_thread_blocked, id=8352, stack(0x000000c414a00000,0x000000c414b00000) (1024K)]
Total: 32

Other Threads:
=>0x0000022c7c2b8710 VMThread "VM Thread"                           [id=2716, stack(0x000000c412800000,0x000000c412900000) (1024K)]
  0x0000022c7c2a8c50 WatcherThread "VM Periodic Task Thread"        [id=4792, stack(0x000000c412700000,0x000000c412800000) (1024K)]
  0x0000022c6dce3760 WorkerThread "GC Thread#0"                     [id=2480, stack(0x000000c412200000,0x000000c412300000) (1024K)]
  0x0000022c7c2b7fb0 WorkerThread "GC Thread#1"                     [id=2220, stack(0x000000c414700000,0x000000c414800000) (1024K)]
  0x0000022c7c2b8e70 WorkerThread "GC Thread#2"                     [id=1972, stack(0x000000c414800000,0x000000c414900000) (1024K)]
  0x0000022c7c2b8360 WorkerThread "GC Thread#3"                     [id=11184, stack(0x000000c414900000,0x000000c414a00000) (1024K)]
  0x0000022c6dcf0300 ConcurrentGCThread "G1 Main Marker"            [id=2504, stack(0x000000c412300000,0x000000c412400000) (1024K)]
  0x0000022c6dcf35d0 WorkerThread "G1 Conc#0"                       [id=8188, stack(0x000000c412400000,0x000000c412500000) (1024K)]
  0x0000022c6dd544f0 ConcurrentGCThread "G1 Refine#0"               [id=6964, stack(0x000000c412500000,0x000000c412600000) (1024K)]
  0x0000022c7c1801f0 ConcurrentGCThread "G1 Service"                [id=4236, stack(0x000000c412600000,0x000000c412700000) (1024K)]
Total: 10

Threads with active compile tasks:
C2 CompilerThread0     4573 2674       4       com.google.googlejavaformat.java.JavaOutput::append (598 bytes)
C1 CompilerThread0     4573 3027       3       com.google.googlejavaformat.java.JavaInput::buildToks (981 bytes)
C2 CompilerThread1     4573 2788       4       com.sun.tools.javac.parser.JavaTokenizer::scanIdent (639 bytes)
Total: 3

VM state: at safepoint (normal execution)

VM Mutex/Monitor currently owned by a thread:  ([mutex/lock_event])
[0x00007ffa34389f10] Threads_lock - owner thread: 0x0000022c7c2b8710
[0x00007ffa3438a010] Heap_lock - owner thread: 0x0000022c7c6dbeb0

Heap address: 0x00000000a1e00000, size: 1506 MB, Compressed Oops mode: 32-bit

CDS archive(s) mapped at: [0x0000022c0f000000-0x0000022c0fc90000-0x0000022c0fc90000), size 13172736, SharedBaseAddress: 0x0000022c0f000000, ArchiveRelocationMode: 1.
Compressed class space mapped at: 0x0000022c10000000-0x0000022c50000000, reserved size: 1073741824
Narrow klass base: 0x0000022c0f000000, Narrow klass shift: 0, Narrow klass range: 0x100000000

GC Precious Log:
 CardTable entry size: 512
 Card Set container configuration: InlinePtr #cards 5 size 8 Array Of Cards #cards 12 size 40 Howl #buckets 4 coarsen threshold 1843 Howl Bitmap #cards 512 size 80 coarsen threshold 460 Card regions per heap region 1 cards per card region 2048
 CPUs: 4 total, 4 available
 Memory: 6017M
 Large Page Support: Disabled
 NUMA Support: Disabled
 Compressed Oops: Enabled (32-bit)
 Heap Region Size: 1M
 Heap Min Capacity: 8M
 Heap Initial Capacity: 96M
 Heap Max Capacity: 1506M
 Pre-touch: Disabled
 Parallel Workers: 4
 Concurrent Workers: 1
 Concurrent Refinement Workers: 4
 Periodic GC: Disabled

Heap:
 garbage-first heap   total 153600K, used 49516K [0x00000000a1e00000, 0x0000000100000000)
  region size 1024K, 5 young (5120K), 5 survivors (5120K)
 Metaspace       used 14033K, committed 14656K, reserved 1114112K
  class space    used 2028K, committed 2304K, reserved 1048576K

Heap Regions: E=young(eden), S=young(survivor), O=old, HS=humongous(starts), HC=humongous(continues), CS=collection set, F=free, TAMS=top-at-mark-start, PB=parsable bottom
|   0|0x00000000a1e00000, 0x00000000a1f00000, 0x00000000a1f00000|100%| O|  |TAMS 0x00000000a1e00000| PB 0x00000000a1e00000| Untracked 
|   1|0x00000000a1f00000, 0x00000000a2000000, 0x00000000a2000000|100%| O|  |TAMS 0x00000000a1f00000| PB 0x00000000a1f00000| Untracked 
|   2|0x00000000a2000000, 0x00000000a2100000, 0x00000000a2100000|100%| O|  |TAMS 0x00000000a2000000| PB 0x00000000a2000000| Untracked 
|   3|0x00000000a2100000, 0x00000000a2200000, 0x00000000a2200000|100%| O|  |TAMS 0x00000000a2100000| PB 0x00000000a2100000| Untracked 
|   4|0x00000000a2200000, 0x00000000a2300000, 0x00000000a2300000|100%| O|  |TAMS 0x00000000a2200000| PB 0x00000000a2200000| Untracked 
|   5|0x00000000a2300000, 0x00000000a2400000, 0x00000000a2400000|100%| O|  |TAMS 0x00000000a2300000| PB 0x00000000a2300000| Untracked 
|   6|0x00000000a2400000, 0x00000000a2500000, 0x00000000a2500000|100%| O|  |TAMS 0x00000000a2400000| PB 0x00000000a2400000| Untracked 
|   7|0x00000000a2500000, 0x00000000a2600000, 0x00000000a2600000|100%| O|  |TAMS 0x00000000a2500000| PB 0x00000000a2500000| Untracked 
|   8|0x00000000a2600000, 0x00000000a2700000, 0x00000000a2700000|100%| O|  |TAMS 0x00000000a2600000| PB 0x00000000a2600000| Untracked 
|   9|0x00000000a2700000, 0x00000000a2800000, 0x00000000a2800000|100%| O|  |TAMS 0x00000000a2700000| PB 0x00000000a2700000| Untracked 
|  10|0x00000000a2800000, 0x00000000a2900000, 0x00000000a2900000|100%| O|  |TAMS 0x00000000a2800000| PB 0x00000000a2800000| Untracked 
|  11|0x00000000a2900000, 0x00000000a2a00000, 0x00000000a2a00000|100%| O|  |TAMS 0x00000000a2900000| PB 0x00000000a2900000| Untracked 
|  12|0x00000000a2a00000, 0x00000000a2b00000, 0x00000000a2b00000|100%| O|  |TAMS 0x00000000a2a00000| PB 0x00000000a2a00000| Untracked 
|  13|0x00000000a2b00000, 0x00000000a2c00000, 0x00000000a2c00000|100%| O|  |TAMS 0x00000000a2b00000| PB 0x00000000a2b00000| Untracked 
|  14|0x00000000a2c00000, 0x00000000a2d00000, 0x00000000a2d00000|100%| O|  |TAMS 0x00000000a2c00000| PB 0x00000000a2c00000| Untracked 
|  15|0x00000000a2d00000, 0x00000000a2e00000, 0x00000000a2e00000|100%| O|  |TAMS 0x00000000a2d00000| PB 0x00000000a2d00000| Untracked 
|  16|0x00000000a2e00000, 0x00000000a2f00000, 0x00000000a2f00000|100%| O|  |TAMS 0x00000000a2e00000| PB 0x00000000a2e00000| Untracked 
|  17|0x00000000a2f00000, 0x00000000a3000000, 0x00000000a3000000|100%| O|  |TAMS 0x00000000a2f00000| PB 0x00000000a2f00000| Untracked 
|  18|0x00000000a3000000, 0x00000000a3100000, 0x00000000a3100000|100%| O|  |TAMS 0x00000000a3000000| PB 0x00000000a3000000| Untracked 
|  19|0x00000000a3100000, 0x00000000a3200000, 0x00000000a3200000|100%| O|  |TAMS 0x00000000a3100000| PB 0x00000000a3100000| Untracked 
|  20|0x00000000a3200000, 0x00000000a3300000, 0x00000000a3300000|100%| O|  |TAMS 0x00000000a3200000| PB 0x00000000a3200000| Untracked 
|  21|0x00000000a3300000, 0x00000000a3400000, 0x00000000a3400000|100%| O|  |TAMS 0x00000000a3300000| PB 0x00000000a3300000| Untracked 
|  22|0x00000000a3400000, 0x00000000a3500000, 0x00000000a3500000|100%| O|  |TAMS 0x00000000a3400000| PB 0x00000000a3400000| Untracked 
|  23|0x00000000a3500000, 0x00000000a3600000, 0x00000000a3600000|100%| O|  |TAMS 0x00000000a3500000| PB 0x00000000a3500000| Untracked 
|  24|0x00000000a3600000, 0x00000000a3700000, 0x00000000a3700000|100%| O|  |TAMS 0x00000000a3600000| PB 0x00000000a3600000| Untracked 
|  25|0x00000000a3700000, 0x00000000a3800000, 0x00000000a3800000|100%| O|  |TAMS 0x00000000a3700000| PB 0x00000000a3700000| Untracked 
|  26|0x00000000a3800000, 0x00000000a3900000, 0x00000000a3900000|100%| O|  |TAMS 0x00000000a3800000| PB 0x00000000a3800000| Untracked 
|  27|0x00000000a3900000, 0x00000000a3a00000, 0x00000000a3a00000|100%| O|  |TAMS 0x00000000a3900000| PB 0x00000000a3900000| Untracked 
|  28|0x00000000a3a00000, 0x00000000a3b00000, 0x00000000a3b00000|100%| O|  |TAMS 0x00000000a3a00000| PB 0x00000000a3a00000| Untracked 
|  29|0x00000000a3b00000, 0x00000000a3c00000, 0x00000000a3c00000|100%| O|  |TAMS 0x00000000a3b00000| PB 0x00000000a3b00000| Untracked 
|  30|0x00000000a3c00000, 0x00000000a3d00000, 0x00000000a3d00000|100%| O|  |TAMS 0x00000000a3c00000| PB 0x00000000a3c00000| Untracked 
|  31|0x00000000a3d00000, 0x00000000a3e00000, 0x00000000a3e00000|100%| O|  |TAMS 0x00000000a3d00000| PB 0x00000000a3d00000| Untracked 
|  32|0x00000000a3e00000, 0x00000000a3f00000, 0x00000000a3f00000|100%| O|  |TAMS 0x00000000a3e00000| PB 0x00000000a3e00000| Untracked 
|  33|0x00000000a3f00000, 0x00000000a4000000, 0x00000000a4000000|100%| O|  |TAMS 0x00000000a3f00000| PB 0x00000000a3f00000| Untracked 
|  34|0x00000000a4000000, 0x00000000a4100000, 0x00000000a4100000|100%| O|  |TAMS 0x00000000a4000000| PB 0x00000000a4000000| Untracked 
|  35|0x00000000a4100000, 0x00000000a4200000, 0x00000000a4200000|100%| O|  |TAMS 0x00000000a4100000| PB 0x00000000a4100000| Untracked 
|  36|0x00000000a4200000, 0x00000000a4300000, 0x00000000a4300000|100%| O|  |TAMS 0x00000000a4200000| PB 0x00000000a4200000| Untracked 
|  37|0x00000000a4300000, 0x00000000a4400000, 0x00000000a4400000|100%| O|  |TAMS 0x00000000a4300000| PB 0x00000000a4300000| Untracked 
|  38|0x00000000a4400000, 0x00000000a4500000, 0x00000000a4500000|100%| O|  |TAMS 0x00000000a4400000| PB 0x00000000a4400000| Untracked 
|  39|0x00000000a4500000, 0x00000000a4600000, 0x00000000a4600000|100%| O|  |TAMS 0x00000000a4500000| PB 0x00000000a4500000| Untracked 
|  40|0x00000000a4600000, 0x00000000a4700000, 0x00000000a4700000|100%| O|  |TAMS 0x00000000a4600000| PB 0x00000000a4600000| Untracked 
|  41|0x00000000a4700000, 0x00000000a4800000, 0x00000000a4800000|100%| O|  |TAMS 0x00000000a4700000| PB 0x00000000a4700000| Untracked 
|  42|0x00000000a4800000, 0x00000000a4900000, 0x00000000a4900000|100%| O|  |TAMS 0x00000000a4800000| PB 0x00000000a4800000| Untracked 
|  43|0x00000000a4900000, 0x00000000a4961460, 0x00000000a4a00000| 37%| O|  |TAMS 0x00000000a4900000| PB 0x00000000a4900000| Untracked 
|  44|0x00000000a4a00000, 0x00000000a4a00000, 0x00000000a4b00000|  0%| F|  |TAMS 0x00000000a4a00000| PB 0x00000000a4a00000| Untracked 
|  45|0x00000000a4b00000, 0x00000000a4b00000, 0x00000000a4c00000|  0%| F|  |TAMS 0x00000000a4b00000| PB 0x00000000a4b00000| Untracked 
|  46|0x00000000a4c00000, 0x00000000a4c00000, 0x00000000a4d00000|  0%| F|  |TAMS 0x00000000a4c00000| PB 0x00000000a4c00000| Untracked 
|  47|0x00000000a4d00000, 0x00000000a4d00000, 0x00000000a4e00000|  0%| F|  |TAMS 0x00000000a4d00000| PB 0x00000000a4d00000| Untracked 
|  48|0x00000000a4e00000, 0x00000000a4e00000, 0x00000000a4f00000|  0%| F|  |TAMS 0x00000000a4e00000| PB 0x00000000a4e00000| Untracked 
|  49|0x00000000a4f00000, 0x00000000a4f00000, 0x00000000a5000000|  0%| F|  |TAMS 0x00000000a4f00000| PB 0x00000000a4f00000| Untracked 
|  50|0x00000000a5000000, 0x00000000a5000000, 0x00000000a5100000|  0%| F|  |TAMS 0x00000000a5000000| PB 0x00000000a5000000| Untracked 
|  51|0x00000000a5100000, 0x00000000a5100000, 0x00000000a5200000|  0%| F|  |TAMS 0x00000000a5100000| PB 0x00000000a5100000| Untracked 
|  52|0x00000000a5200000, 0x00000000a5200000, 0x00000000a5300000|  0%| F|  |TAMS 0x00000000a5200000| PB 0x00000000a5200000| Untracked 
|  53|0x00000000a5300000, 0x00000000a5300000, 0x00000000a5400000|  0%| F|  |TAMS 0x00000000a5300000| PB 0x00000000a5300000| Untracked 
|  54|0x00000000a5400000, 0x00000000a5400000, 0x00000000a5500000|  0%| F|  |TAMS 0x00000000a5400000| PB 0x00000000a5400000| Untracked 
|  55|0x00000000a5500000, 0x00000000a5500000, 0x00000000a5600000|  0%| F|  |TAMS 0x00000000a5500000| PB 0x00000000a5500000| Untracked 
|  56|0x00000000a5600000, 0x00000000a5600000, 0x00000000a5700000|  0%| F|  |TAMS 0x00000000a5600000| PB 0x00000000a5600000| Untracked 
|  57|0x00000000a5700000, 0x00000000a5700000, 0x00000000a5800000|  0%| F|  |TAMS 0x00000000a5700000| PB 0x00000000a5700000| Untracked 
|  58|0x00000000a5800000, 0x00000000a5800000, 0x00000000a5900000|  0%| F|  |TAMS 0x00000000a5800000| PB 0x00000000a5800000| Untracked 
|  59|0x00000000a5900000, 0x00000000a5900000, 0x00000000a5a00000|  0%| F|  |TAMS 0x00000000a5900000| PB 0x00000000a5900000| Untracked 
|  60|0x00000000a5a00000, 0x00000000a5a00000, 0x00000000a5b00000|  0%| F|  |TAMS 0x00000000a5a00000| PB 0x00000000a5a00000| Untracked 
|  61|0x00000000a5b00000, 0x00000000a5b00000, 0x00000000a5c00000|  0%| F|  |TAMS 0x00000000a5b00000| PB 0x00000000a5b00000| Untracked 
|  62|0x00000000a5c00000, 0x00000000a5c00000, 0x00000000a5d00000|  0%| F|  |TAMS 0x00000000a5c00000| PB 0x00000000a5c00000| Untracked 
|  63|0x00000000a5d00000, 0x00000000a5d00000, 0x00000000a5e00000|  0%| F|  |TAMS 0x00000000a5d00000| PB 0x00000000a5d00000| Untracked 
|  64|0x00000000a5e00000, 0x00000000a5e00000, 0x00000000a5f00000|  0%| F|  |TAMS 0x00000000a5e00000| PB 0x00000000a5e00000| Untracked 
|  65|0x00000000a5f00000, 0x00000000a5f00000, 0x00000000a6000000|  0%| F|  |TAMS 0x00000000a5f00000| PB 0x00000000a5f00000| Untracked 
|  66|0x00000000a6000000, 0x00000000a6000000, 0x00000000a6100000|  0%| F|  |TAMS 0x00000000a6000000| PB 0x00000000a6000000| Untracked 
|  67|0x00000000a6100000, 0x00000000a6100000, 0x00000000a6200000|  0%| F|  |TAMS 0x00000000a6100000| PB 0x00000000a6100000| Untracked 
|  68|0x00000000a6200000, 0x00000000a6200000, 0x00000000a6300000|  0%| F|  |TAMS 0x00000000a6200000| PB 0x00000000a6200000| Untracked 
|  69|0x00000000a6300000, 0x00000000a6300000, 0x00000000a6400000|  0%| F|  |TAMS 0x00000000a6300000| PB 0x00000000a6300000| Untracked 
|  70|0x00000000a6400000, 0x00000000a6400000, 0x00000000a6500000|  0%| F|  |TAMS 0x00000000a6400000| PB 0x00000000a6400000| Untracked 
|  71|0x00000000a6500000, 0x00000000a6500000, 0x00000000a6600000|  0%| F|  |TAMS 0x00000000a6500000| PB 0x00000000a6500000| Untracked 
|  72|0x00000000a6600000, 0x00000000a6600000, 0x00000000a6700000|  0%| F|  |TAMS 0x00000000a6600000| PB 0x00000000a6600000| Untracked 
|  73|0x00000000a6700000, 0x00000000a6700000, 0x00000000a6800000|  0%| F|  |TAMS 0x00000000a6700000| PB 0x00000000a6700000| Untracked 
|  74|0x00000000a6800000, 0x00000000a6800000, 0x00000000a6900000|  0%| F|  |TAMS 0x00000000a6800000| PB 0x00000000a6800000| Untracked 
|  75|0x00000000a6900000, 0x00000000a6900000, 0x00000000a6a00000|  0%| F|  |TAMS 0x00000000a6900000| PB 0x00000000a6900000| Untracked 
|  76|0x00000000a6a00000, 0x00000000a6a00000, 0x00000000a6b00000|  0%| F|  |TAMS 0x00000000a6a00000| PB 0x00000000a6a00000| Untracked 
|  77|0x00000000a6b00000, 0x00000000a6b00000, 0x00000000a6c00000|  0%| F|  |TAMS 0x00000000a6b00000| PB 0x00000000a6b00000| Untracked 
|  78|0x00000000a6c00000, 0x00000000a6c00000, 0x00000000a6d00000|  0%| F|  |TAMS 0x00000000a6c00000| PB 0x00000000a6c00000| Untracked 
|  79|0x00000000a6d00000, 0x00000000a6df9f00, 0x00000000a6e00000| 97%| S|CS|TAMS 0x00000000a6d00000| PB 0x00000000a6d00000| Complete 
|  80|0x00000000a6e00000, 0x00000000a6f00000, 0x00000000a6f00000|100%| S|CS|TAMS 0x00000000a6e00000| PB 0x00000000a6e00000| Complete 
|  81|0x00000000a6f00000, 0x00000000a7000000, 0x00000000a7000000|100%| S|CS|TAMS 0x00000000a6f00000| PB 0x00000000a6f00000| Complete 
|  82|0x00000000a7000000, 0x00000000a7100000, 0x00000000a7100000|100%| S|CS|TAMS 0x00000000a7000000| PB 0x00000000a7000000| Complete 
|  83|0x00000000a7100000, 0x00000000a7100000, 0x00000000a7200000|  0%| F|  |TAMS 0x00000000a7100000| PB 0x00000000a7100000| Untracked 
|  84|0x00000000a7200000, 0x00000000a7200000, 0x00000000a7300000|  0%| F|  |TAMS 0x00000000a7200000| PB 0x00000000a7200000| Untracked 
|  85|0x00000000a7300000, 0x00000000a7400000, 0x00000000a7400000|100%| S|CS|TAMS 0x00000000a7300000| PB 0x00000000a7300000| Complete 
|  86|0x00000000a7400000, 0x00000000a7400000, 0x00000000a7500000|  0%| F|  |TAMS 0x00000000a7400000| PB 0x00000000a7400000| Untracked 
|  87|0x00000000a7500000, 0x00000000a7500000, 0x00000000a7600000|  0%| F|  |TAMS 0x00000000a7500000| PB 0x00000000a7500000| Untracked 
|  88|0x00000000a7600000, 0x00000000a7600000, 0x00000000a7700000|  0%| F|  |TAMS 0x00000000a7600000| PB 0x00000000a7600000| Untracked 
|  89|0x00000000a7700000, 0x00000000a7700000, 0x00000000a7800000|  0%| F|  |TAMS 0x00000000a7700000| PB 0x00000000a7700000| Untracked 
|  90|0x00000000a7800000, 0x00000000a7800000, 0x00000000a7900000|  0%| F|  |TAMS 0x00000000a7800000| PB 0x00000000a7800000| Untracked 
|  91|0x00000000a7900000, 0x00000000a7900000, 0x00000000a7a00000|  0%| F|  |TAMS 0x00000000a7900000| PB 0x00000000a7900000| Untracked 
|  92|0x00000000a7a00000, 0x00000000a7a00000, 0x00000000a7b00000|  0%| F|  |TAMS 0x00000000a7a00000| PB 0x00000000a7a00000| Untracked 
|  93|0x00000000a7b00000, 0x00000000a7b00000, 0x00000000a7c00000|  0%| F|  |TAMS 0x00000000a7b00000| PB 0x00000000a7b00000| Untracked 
|  94|0x00000000a7c00000, 0x00000000a7c00000, 0x00000000a7d00000|  0%| F|  |TAMS 0x00000000a7c00000| PB 0x00000000a7c00000| Untracked 
|  95|0x00000000a7d00000, 0x00000000a7d00000, 0x00000000a7e00000|  0%| F|  |TAMS 0x00000000a7d00000| PB 0x00000000a7d00000| Untracked 
|  96|0x00000000a7e00000, 0x00000000a7e00000, 0x00000000a7f00000|  0%| F|  |TAMS 0x00000000a7e00000| PB 0x00000000a7e00000| Untracked 
|  97|0x00000000a7f00000, 0x00000000a7f00000, 0x00000000a8000000|  0%| F|  |TAMS 0x00000000a7f00000| PB 0x00000000a7f00000| Untracked 
|  98|0x00000000a8000000, 0x00000000a8000000, 0x00000000a8100000|  0%| F|  |TAMS 0x00000000a8000000| PB 0x00000000a8000000| Untracked 
|  99|0x00000000a8100000, 0x00000000a8100000, 0x00000000a8200000|  0%| F|  |TAMS 0x00000000a8100000| PB 0x00000000a8100000| Untracked 
| 100|0x00000000a8200000, 0x00000000a8200000, 0x00000000a8300000|  0%| F|  |TAMS 0x00000000a8200000| PB 0x00000000a8200000| Untracked 
| 101|0x00000000a8300000, 0x00000000a8300000, 0x00000000a8400000|  0%| F|  |TAMS 0x00000000a8300000| PB 0x00000000a8300000| Untracked 
| 102|0x00000000a8400000, 0x00000000a8400000, 0x00000000a8500000|  0%| F|  |TAMS 0x00000000a8400000| PB 0x00000000a8400000| Untracked 
| 103|0x00000000a8500000, 0x00000000a8500000, 0x00000000a8600000|  0%| F|  |TAMS 0x00000000a8500000| PB 0x00000000a8500000| Untracked 
| 104|0x00000000a8600000, 0x00000000a8600000, 0x00000000a8700000|  0%| F|  |TAMS 0x00000000a8600000| PB 0x00000000a8600000| Untracked 
| 105|0x00000000a8700000, 0x00000000a8700000, 0x00000000a8800000|  0%| F|  |TAMS 0x00000000a8700000| PB 0x00000000a8700000| Untracked 
| 106|0x00000000a8800000, 0x00000000a8800000, 0x00000000a8900000|  0%| F|  |TAMS 0x00000000a8800000| PB 0x00000000a8800000| Untracked 
| 107|0x00000000a8900000, 0x00000000a8900000, 0x00000000a8a00000|  0%| F|  |TAMS 0x00000000a8900000| PB 0x00000000a8900000| Untracked 
| 108|0x00000000a8a00000, 0x00000000a8a00000, 0x00000000a8b00000|  0%| F|  |TAMS 0x00000000a8a00000| PB 0x00000000a8a00000| Untracked 
| 109|0x00000000a8b00000, 0x00000000a8b00000, 0x00000000a8c00000|  0%| F|  |TAMS 0x00000000a8b00000| PB 0x00000000a8b00000| Untracked 
| 110|0x00000000a8c00000, 0x00000000a8c00000, 0x00000000a8d00000|  0%| F|  |TAMS 0x00000000a8c00000| PB 0x00000000a8c00000| Untracked 
| 111|0x00000000a8d00000, 0x00000000a8d00000, 0x00000000a8e00000|  0%| F|  |TAMS 0x00000000a8d00000| PB 0x00000000a8d00000| Untracked 
| 112|0x00000000a8e00000, 0x00000000a8e00000, 0x00000000a8f00000|  0%| F|  |TAMS 0x00000000a8e00000| PB 0x00000000a8e00000| Untracked 
| 113|0x00000000a8f00000, 0x00000000a8f00000, 0x00000000a9000000|  0%| F|  |TAMS 0x00000000a8f00000| PB 0x00000000a8f00000| Untracked 
| 114|0x00000000a9000000, 0x00000000a9000000, 0x00000000a9100000|  0%| F|  |TAMS 0x00000000a9000000| PB 0x00000000a9000000| Untracked 
| 115|0x00000000a9100000, 0x00000000a9100000, 0x00000000a9200000|  0%| F|  |TAMS 0x00000000a9100000| PB 0x00000000a9100000| Untracked 
| 116|0x00000000a9200000, 0x00000000a9200000, 0x00000000a9300000|  0%| F|  |TAMS 0x00000000a9200000| PB 0x00000000a9200000| Untracked 
| 117|0x00000000a9300000, 0x00000000a9300000, 0x00000000a9400000|  0%| F|  |TAMS 0x00000000a9300000| PB 0x00000000a9300000| Untracked 
| 118|0x00000000a9400000, 0x00000000a9400000, 0x00000000a9500000|  0%| F|  |TAMS 0x00000000a9400000| PB 0x00000000a9400000| Untracked 
| 119|0x00000000a9500000, 0x00000000a9500000, 0x00000000a9600000|  0%| F|  |TAMS 0x00000000a9500000| PB 0x00000000a9500000| Untracked 
| 120|0x00000000a9600000, 0x00000000a9600000, 0x00000000a9700000|  0%| F|  |TAMS 0x00000000a9600000| PB 0x00000000a9600000| Untracked 
| 121|0x00000000a9700000, 0x00000000a9700000, 0x00000000a9800000|  0%| F|  |TAMS 0x00000000a9700000| PB 0x00000000a9700000| Untracked 
| 122|0x00000000a9800000, 0x00000000a9800000, 0x00000000a9900000|  0%| F|  |TAMS 0x00000000a9800000| PB 0x00000000a9800000| Untracked 
| 123|0x00000000a9900000, 0x00000000a9900000, 0x00000000a9a00000|  0%| F|  |TAMS 0x00000000a9900000| PB 0x00000000a9900000| Untracked 
| 124|0x00000000a9a00000, 0x00000000a9a00000, 0x00000000a9b00000|  0%| F|  |TAMS 0x00000000a9a00000| PB 0x00000000a9a00000| Untracked 
| 125|0x00000000a9b00000, 0x00000000a9b00000, 0x00000000a9c00000|  0%| F|  |TAMS 0x00000000a9b00000| PB 0x00000000a9b00000| Untracked 
| 126|0x00000000a9c00000, 0x00000000a9c00000, 0x00000000a9d00000|  0%| F|  |TAMS 0x00000000a9c00000| PB 0x00000000a9c00000| Untracked 
| 127|0x00000000a9d00000, 0x00000000a9d00000, 0x00000000a9e00000|  0%| F|  |TAMS 0x00000000a9d00000| PB 0x00000000a9d00000| Untracked 
| 128|0x00000000a9e00000, 0x00000000a9e00000, 0x00000000a9f00000|  0%| F|  |TAMS 0x00000000a9e00000| PB 0x00000000a9e00000| Untracked 
| 129|0x00000000a9f00000, 0x00000000a9f00000, 0x00000000aa000000|  0%| F|  |TAMS 0x00000000a9f00000| PB 0x00000000a9f00000| Untracked 
| 130|0x00000000aa000000, 0x00000000aa000000, 0x00000000aa100000|  0%| F|  |TAMS 0x00000000aa000000| PB 0x00000000aa000000| Untracked 
| 131|0x00000000aa100000, 0x00000000aa100000, 0x00000000aa200000|  0%| F|  |TAMS 0x00000000aa100000| PB 0x00000000aa100000| Untracked 
| 132|0x00000000aa200000, 0x00000000aa200000, 0x00000000aa300000|  0%| F|  |TAMS 0x00000000aa200000| PB 0x00000000aa200000| Untracked 
| 133|0x00000000aa300000, 0x00000000aa300000, 0x00000000aa400000|  0%| F|  |TAMS 0x00000000aa300000| PB 0x00000000aa300000| Untracked 
| 134|0x00000000aa400000, 0x00000000aa400000, 0x00000000aa500000|  0%| F|  |TAMS 0x00000000aa400000| PB 0x00000000aa400000| Untracked 
| 135|0x00000000aa500000, 0x00000000aa500000, 0x00000000aa600000|  0%| F|  |TAMS 0x00000000aa500000| PB 0x00000000aa500000| Untracked 
| 136|0x00000000aa600000, 0x00000000aa600000, 0x00000000aa700000|  0%| F|  |TAMS 0x00000000aa600000| PB 0x00000000aa600000| Untracked 
| 137|0x00000000aa700000, 0x00000000aa700000, 0x00000000aa800000|  0%| F|  |TAMS 0x00000000aa700000| PB 0x00000000aa700000| Untracked 
| 138|0x00000000aa800000, 0x00000000aa800000, 0x00000000aa900000|  0%| F|  |TAMS 0x00000000aa800000| PB 0x00000000aa800000| Untracked 
| 139|0x00000000aa900000, 0x00000000aa900000, 0x00000000aaa00000|  0%| F|  |TAMS 0x00000000aa900000| PB 0x00000000aa900000| Untracked 
| 140|0x00000000aaa00000, 0x00000000aaa00000, 0x00000000aab00000|  0%| F|  |TAMS 0x00000000aaa00000| PB 0x00000000aaa00000| Untracked 
| 141|0x00000000aab00000, 0x00000000aab00000, 0x00000000aac00000|  0%| F|  |TAMS 0x00000000aab00000| PB 0x00000000aab00000| Untracked 
| 142|0x00000000aac00000, 0x00000000aac00000, 0x00000000aad00000|  0%| F|  |TAMS 0x00000000aac00000| PB 0x00000000aac00000| Untracked 
| 143|0x00000000aad00000, 0x00000000aad00000, 0x00000000aae00000|  0%| F|  |TAMS 0x00000000aad00000| PB 0x00000000aad00000| Untracked 
| 144|0x00000000aae00000, 0x00000000aae00000, 0x00000000aaf00000|  0%| F|  |TAMS 0x00000000aae00000| PB 0x00000000aae00000| Untracked 
| 145|0x00000000aaf00000, 0x00000000aaf00000, 0x00000000ab000000|  0%| F|  |TAMS 0x00000000aaf00000| PB 0x00000000aaf00000| Untracked 
| 146|0x00000000ab000000, 0x00000000ab000000, 0x00000000ab100000|  0%| F|  |TAMS 0x00000000ab000000| PB 0x00000000ab000000| Untracked 
| 147|0x00000000ab100000, 0x00000000ab100000, 0x00000000ab200000|  0%| F|  |TAMS 0x00000000ab100000| PB 0x00000000ab100000| Untracked 
| 148|0x00000000ab200000, 0x00000000ab200000, 0x00000000ab300000|  0%| F|  |TAMS 0x00000000ab200000| PB 0x00000000ab200000| Untracked 
| 149|0x00000000ab300000, 0x00000000ab300000, 0x00000000ab400000|  0%| F|  |TAMS 0x00000000ab300000| PB 0x00000000ab300000| Untracked 

Card table byte_map: [0x0000022c78290000,0x0000022c78590000] _byte_map_base: 0x0000022c77d81000

Marking Bits: (CMBitMap*) 0x0000022c6dce3e70
 Bits: [0x0000022c78590000, 0x0000022c79d18000)

Polling page: 0x0000022c6db30000

Metaspace:

Usage:
  Non-class:     11.72 MB used.
      Class:      1.98 MB used.
       Both:     13.70 MB used.

Virtual space:
  Non-class space:       64.00 MB reserved,      12.06 MB ( 19%) committed,  1 nodes.
      Class space:        1.00 GB reserved,       2.25 MB ( <1%) committed,  1 nodes.
             Both:        1.06 GB reserved,      14.31 MB (  1%) committed. 

Chunk freelists:
   Non-Class:  2.36 MB
       Class:  13.58 MB
        Both:  15.93 MB

MaxMetaspaceSize: unlimited
CompressedClassSpaceSize: 1.00 GB
Initial GC threshold: 21.00 MB
Current GC threshold: 21.00 MB
CDS: on
 - commit_granule_bytes: 65536.
 - commit_granule_words: 8192.
 - virtual_space_node_default_size: 8388608.
 - enlarge_chunks_in_place: 1.
 - use_allocation_guard: 0.


Internal statistics:

num_allocs_failed_limit: 0.
num_arena_births: 722.
num_arena_deaths: 0.
num_vsnodes_births: 2.
num_vsnodes_deaths: 0.
num_space_committed: 229.
num_space_uncommitted: 0.
num_chunks_returned_to_freelist: 0.
num_chunks_taken_from_freelist: 1476.
num_chunk_merges: 0.
num_chunk_splits: 865.
num_chunks_enlarged: 342.
num_inconsistent_stats: 0.

CodeHeap 'non-profiled nmethods': size=120000Kb used=1012Kb max_used=1012Kb free=118987Kb
 bounds [0x0000022c07ad0000, 0x0000022c07d40000, 0x0000022c0f000000]
CodeHeap 'profiled nmethods': size=120000Kb used=5740Kb max_used=5740Kb free=114259Kb
 bounds [0x0000022c00000000, 0x0000022c005a0000, 0x0000022c07530000]
CodeHeap 'non-nmethods': size=5760Kb used=1381Kb max_used=1422Kb free=4378Kb
 bounds [0x0000022c07530000, 0x0000022c077a0000, 0x0000022c07ad0000]
 total_blobs=3465 nmethods=2989 adapters=379
 compilation: enabled
              stopped_count=0, restarted_count=0
 full_count=0

Compilation events (20 events):
Event: 4.110 Thread 0x0000022c7c2f0660 nmethod 3002 0x0000022c07bcd010 code [0x0000022c07bcd1a0, 0x0000022c07bcd268]
Event: 4.110 Thread 0x0000022c7c2f0660 3012       2       com.sun.tools.javac.file.Locations::update (16 bytes)
Event: 4.111 Thread 0x0000022c7c2f0660 nmethod 3012 0x0000022c00586590 code [0x0000022c00586740, 0x0000022c00586908]
Event: 4.113 Thread 0x0000022c7c2f0660 3013       2       com.google.googlejavaformat.java.ImportOrderer::findIdentifier (55 bytes)
Event: 4.114 Thread 0x0000022c7c2f0660 nmethod 3013 0x0000022c00586990 code [0x0000022c00586be0, 0x0000022c00587228]
Event: 4.114 Thread 0x0000022c7c2f0660 3014       3       com.sun.tools.javac.parser.UnicodeReader::next (9 bytes)
Event: 4.114 Thread 0x0000022c7c2f0660 nmethod 3014 0x0000022c00587590 code [0x0000022c00587740, 0x0000022c00587890]
Event: 4.115 Thread 0x0000022c7c2f0660 3015 %     3       com.google.googlejavaformat.java.JavaInput::buildToks @ 191 (981 bytes)
Event: 4.131 Thread 0x0000022c7c2f0660 nmethod 3015% 0x0000022c00587910 code [0x0000022c005887a0, 0x0000022c00592128]
Event: 4.131 Thread 0x0000022c7c2f0660 3020       3       java.lang.String::startsWith (123 bytes)
Event: 4.132 Thread 0x0000022c7c2f0660 nmethod 3020 0x0000022c00595e90 code [0x0000022c005960c0, 0x0000022c00596838]
Event: 4.132 Thread 0x0000022c7c2f0660 3019       3       java.lang.String::startsWith (7 bytes)
Event: 4.132 Thread 0x0000022c7c2f0660 nmethod 3019 0x0000022c00596a90 code [0x0000022c00596c40, 0x0000022c00596d80]
Event: 4.132 Thread 0x0000022c7c2f0660 3022 %     3       java.util.TimSort::countRunAndMakeAscending @ 92 (128 bytes)
Event: 4.133 Thread 0x0000022c7c2f0660 nmethod 3022% 0x0000022c00596e10 code [0x0000022c00597040, 0x0000022c005978a8]
Event: 4.133 Thread 0x0000022c7c2f0660 3025       3       com.google.common.collect.ObjectArrays::checkElementsNotNull (7 bytes)
Event: 4.133 Thread 0x0000022c7c2f0660 nmethod 3025 0x0000022c00597b90 code [0x0000022c00597d40, 0x0000022c00597f90]
Event: 4.133 Thread 0x0000022c7c2f0660 3021       2       com.sun.tools.javac.parser.JavacParser::constructorOrMethodOrFieldDeclaration (732 bytes)
Event: 4.140 Thread 0x0000022c7c2f0660 nmethod 3021 0x0000022c00598110 code [0x0000022c00598600, 0x0000022c0059a360]
Event: 4.140 Thread 0x0000022c7c2f0660 3027       3       com.google.googlejavaformat.java.JavaInput::buildToks (981 bytes)

GC Heap History (19 events):
Event: 1.411 GC heap before
{Heap before GC invocations=0 (full 0):
 garbage-first heap   total 98304K, used 12288K [0x00000000a1e00000, 0x0000000100000000)
  region size 1024K, 13 young (13312K), 0 survivors (0K)
 Metaspace       used 3441K, committed 3648K, reserved 1114112K
  class space    used 460K, committed 576K, reserved 1048576K
}
Event: 1.417 GC heap after
{Heap after GC invocations=1 (full 0):
 garbage-first heap   total 98304K, used 5152K [0x00000000a1e00000, 0x0000000100000000)
  region size 1024K, 2 young (2048K), 2 survivors (2048K)
 Metaspace       used 3441K, committed 3648K, reserved 1114112K
  class space    used 460K, committed 576K, reserved 1048576K
}
Event: 1.801 GC heap before
{Heap before GC invocations=1 (full 0):
 garbage-first heap   total 98304K, used 18464K [0x00000000a1e00000, 0x0000000100000000)
  region size 1024K, 16 young (16384K), 2 survivors (2048K)
 Metaspace       used 4938K, committed 5184K, reserved 1114112K
  class space    used 657K, committed 768K, reserved 1048576K
}
Event: 1.824 GC heap after
{Heap after GC invocations=2 (full 0):
 garbage-first heap   total 98304K, used 8881K [0x00000000a1e00000, 0x0000000100000000)
  region size 1024K, 2 young (2048K), 2 survivors (2048K)
 Metaspace       used 4938K, committed 5184K, reserved 1114112K
  class space    used 657K, committed 768K, reserved 1048576K
}
Event: 3.025 GC heap before
{Heap before GC invocations=2 (full 0):
 garbage-first heap   total 98304K, used 45745K [0x00000000a1e00000, 0x0000000100000000)
  region size 1024K, 39 young (39936K), 2 survivors (2048K)
 Metaspace       used 12772K, committed 13312K, reserved 1114112K
  class space    used 1922K, committed 2176K, reserved 1048576K
}
Event: 3.038 GC heap after
{Heap after GC invocations=3 (full 0):
 garbage-first heap   total 98304K, used 23212K [0x00000000a1e00000, 0x0000000100000000)
  region size 1024K, 5 young (5120K), 5 survivors (5120K)
 Metaspace       used 12772K, committed 13312K, reserved 1114112K
  class space    used 1922K, committed 2176K, reserved 1048576K
}
Event: 3.145 GC heap before
{Heap before GC invocations=3 (full 0):
 garbage-first heap   total 98304K, used 47788K [0x00000000a1e00000, 0x0000000100000000)
  region size 1024K, 30 young (30720K), 5 survivors (5120K)
 Metaspace       used 13086K, committed 13632K, reserved 1114112K
  class space    used 1970K, committed 2176K, reserved 1048576K
}
Event: 3.151 GC heap after
{Heap after GC invocations=4 (full 0):
 garbage-first heap   total 98304K, used 23924K [0x00000000a1e00000, 0x0000000100000000)
  region size 1024K, 1 young (1024K), 1 survivors (1024K)
 Metaspace       used 13086K, committed 13632K, reserved 1114112K
  class space    used 1970K, committed 2176K, reserved 1048576K
}
Event: 3.232 GC heap before
{Heap before GC invocations=4 (full 0):
 garbage-first heap   total 98304K, used 57716K [0x00000000a1e00000, 0x0000000100000000)
  region size 1024K, 35 young (35840K), 1 survivors (1024K)
 Metaspace       used 13222K, committed 13696K, reserved 1114112K
  class space    used 1980K, committed 2176K, reserved 1048576K
}
Event: 3.240 GC heap after
{Heap after GC invocations=5 (full 0):
 garbage-first heap   total 98304K, used 36014K [0x00000000a1e00000, 0x0000000100000000)
  region size 1024K, 5 young (5120K), 5 survivors (5120K)
 Metaspace       used 13222K, committed 13696K, reserved 1114112K
  class space    used 1980K, committed 2176K, reserved 1048576K
}
Event: 3.314 GC heap before
{Heap before GC invocations=5 (full 0):
 garbage-first heap   total 98304K, used 65710K [0x00000000a1e00000, 0x0000000100000000)
  region size 1024K, 35 young (35840K), 5 survivors (5120K)
 Metaspace       used 13329K, committed 13888K, reserved 1114112K
  class space    used 1992K, committed 2240K, reserved 1048576K
}
Event: 3.321 GC heap after
{Heap after GC invocations=6 (full 0):
 garbage-first heap   total 153600K, used 41341K [0x00000000a1e00000, 0x0000000100000000)
  region size 1024K, 5 young (5120K), 5 survivors (5120K)
 Metaspace       used 13329K, committed 13888K, reserved 1114112K
  class space    used 1992K, committed 2240K, reserved 1048576K
}
Event: 3.620 GC heap before
{Heap before GC invocations=6 (full 0):
 garbage-first heap   total 153600K, used 95613K [0x00000000a1e00000, 0x0000000100000000)
  region size 1024K, 59 young (60416K), 5 survivors (5120K)
 Metaspace       used 13561K, committed 14144K, reserved 1114112K
  class space    used 1999K, committed 2240K, reserved 1048576K
}
Event: 3.625 GC heap after
{Heap after GC invocations=7 (full 0):
 garbage-first heap   total 153600K, used 43446K [0x00000000a1e00000, 0x0000000100000000)
  region size 1024K, 5 young (5120K), 5 survivors (5120K)
 Metaspace       used 13561K, committed 14144K, reserved 1114112K
  class space    used 1999K, committed 2240K, reserved 1048576K
}
Event: 3.702 GC heap before
{Heap before GC invocations=7 (full 0):
 garbage-first heap   total 153600K, used 105910K [0x00000000a1e00000, 0x0000000100000000)
  region size 1024K, 67 young (68608K), 5 survivors (5120K)
 Metaspace       used 13653K, committed 14272K, reserved 1114112K
  class space    used 1999K, committed 2240K, reserved 1048576K
}
Event: 3.708 GC heap after
{Heap after GC invocations=8 (full 0):
 garbage-first heap   total 153600K, used 49589K [0x00000000a1e00000, 0x0000000100000000)
  region size 1024K, 9 young (9216K), 9 survivors (9216K)
 Metaspace       used 13653K, committed 14272K, reserved 1114112K
  class space    used 1999K, committed 2240K, reserved 1048576K
}
Event: 3.944 GC heap before
{Heap before GC invocations=8 (full 0):
 garbage-first heap   total 153600K, used 115125K [0x00000000a1e00000, 0x0000000100000000)
  region size 1024K, 74 young (75776K), 9 survivors (9216K)
 Metaspace       used 13829K, committed 14464K, reserved 1114112K
  class space    used 2006K, committed 2304K, reserved 1048576K
}
Event: 3.969 GC heap after
{Heap after GC invocations=9 (full 0):
 garbage-first heap   total 153600K, used 53213K [0x00000000a1e00000, 0x0000000100000000)
  region size 1024K, 9 young (9216K), 9 survivors (9216K)
 Metaspace       used 13829K, committed 14464K, reserved 1114112K
  class space    used 2006K, committed 2304K, reserved 1048576K
}
Event: 4.159 GC heap before
{Heap before GC invocations=9 (full 0):
 garbage-first heap   total 153600K, used 117725K [0x00000000a1e00000, 0x0000000100000000)
  region size 1024K, 73 young (74752K), 9 survivors (9216K)
 Metaspace       used 14033K, committed 14656K, reserved 1114112K
  class space    used 2028K, committed 2304K, reserved 1048576K
}

Dll operation events (6 events):
Event: 0.109 Loaded shared library C:\Program Files\Java\jdk-21.0.10\bin\java.dll
Event: 0.150 Loaded shared library C:\Program Files\Java\jdk-21.0.10\bin\jsvml.dll
Event: 0.210 Loaded shared library C:\Program Files\Java\jdk-21.0.10\bin\net.dll
Event: 0.214 Loaded shared library C:\Program Files\Java\jdk-21.0.10\bin\nio.dll
Event: 0.259 Loaded shared library C:\Program Files\Java\jdk-21.0.10\bin\zip.dll
Event: 0.623 Loaded shared library C:\Program Files\Java\jdk-21.0.10\bin\jimage.dll

Deoptimization events (20 events):
Event: 4.115 Thread 0x0000022c7c677ec0 DEOPT PACKING pc=0x0000022c07b0dc64 sp=0x000000c4133fef80
Event: 4.115 Thread 0x0000022c7c677ec0 DEOPT UNPACKING pc=0x0000022c075846a2 sp=0x000000c4133fef20 mode 2
Event: 4.119 Thread 0x0000022c7c677ec0 Uncommon trap: trap_request=0xffffff66 fr.pc=0x0000022c07bc7c40 relative=0x0000000000003920
Event: 4.119 Thread 0x0000022c7c677ec0 Uncommon trap: reason=speculate_class_check action=maybe_recompile pc=0x0000022c07bc7c40 method=com.sun.tools.javac.parser.JavaTokenizer.readToken()Lcom/sun/tools/javac/parser/Tokens$Token; @ 1002 c2
Event: 4.123 Thread 0x0000022c7c6d9750 Uncommon trap: trap_request=0xffffff66 fr.pc=0x0000022c07bc7c40 relative=0x0000000000003920
Event: 4.123 Thread 0x0000022c7c6d9750 Uncommon trap: reason=speculate_class_check action=maybe_recompile pc=0x0000022c07bc7c40 method=com.sun.tools.javac.parser.JavaTokenizer.readToken()Lcom/sun/tools/javac/parser/Tokens$Token; @ 1002 c2
Event: 4.123 Thread 0x0000022c7c6d9750 DEOPT PACKING pc=0x0000022c07bc7c40 sp=0x000000c4142fe600
Event: 4.123 Thread 0x0000022c7c6d9750 DEOPT UNPACKING pc=0x0000022c075846a2 sp=0x000000c4142fe588 mode 2
Event: 4.124 Thread 0x0000022c7c677ec0 DEOPT PACKING pc=0x0000022c07bc7c40 sp=0x000000c4133feb00
Event: 4.124 Thread 0x0000022c7c677ec0 DEOPT UNPACKING pc=0x0000022c075846a2 sp=0x000000c4133fea88 mode 2
Event: 4.128 Thread 0x0000022c7c6dbeb0 DEOPT PACKING pc=0x0000022c00448d52 sp=0x000000c413efe7e0
Event: 4.128 Thread 0x0000022c7c6dbeb0 DEOPT UNPACKING pc=0x0000022c07584e42 sp=0x000000c413efdc30 mode 0
Event: 4.133 Thread 0x0000022c7c6da470 Uncommon trap: trap_request=0xffffff66 fr.pc=0x0000022c07bc7c40 relative=0x0000000000003920
Event: 4.133 Thread 0x0000022c7c6da470 Uncommon trap: reason=speculate_class_check action=maybe_recompile pc=0x0000022c07bc7c40 method=com.sun.tools.javac.parser.JavaTokenizer.readToken()Lcom/sun/tools/javac/parser/Tokens$Token; @ 1002 c2
Event: 4.134 Thread 0x0000022c7c6da470 DEOPT PACKING pc=0x0000022c07bc7c40 sp=0x000000c413dfe440
Event: 4.134 Thread 0x0000022c7c6da470 DEOPT UNPACKING pc=0x0000022c075846a2 sp=0x000000c413dfe3c8 mode 2
Event: 4.135 Thread 0x0000022c7c6dbeb0 Uncommon trap: trap_request=0xffffff66 fr.pc=0x0000022c07bc7c40 relative=0x0000000000003920
Event: 4.135 Thread 0x0000022c7c6dbeb0 Uncommon trap: reason=speculate_class_check action=maybe_recompile pc=0x0000022c07bc7c40 method=com.sun.tools.javac.parser.JavaTokenizer.readToken()Lcom/sun/tools/javac/parser/Tokens$Token; @ 1002 c2
Event: 4.135 Thread 0x0000022c7c6dbeb0 DEOPT PACKING pc=0x0000022c07bc7c40 sp=0x000000c413efe4d0
Event: 4.135 Thread 0x0000022c7c6dbeb0 DEOPT UNPACKING pc=0x0000022c075846a2 sp=0x000000c413efe458 mode 2

Classes loaded (20 events):
Event: 3.849 Loading class java/lang/StringLatin1$LinesSpliterator
Event: 3.883 Loading class java/lang/StringLatin1$LinesSpliterator done
Event: 3.895 Loading class java/util/ImmutableCollections$Access
Event: 3.904 Loading class java/util/ImmutableCollections$Access done
Event: 3.904 Loading class java/util/ImmutableCollections$Access$1
Event: 3.904 Loading class jdk/internal/access/JavaUtilCollectionAccess
Event: 3.915 Loading class jdk/internal/access/JavaUtilCollectionAccess done
Event: 3.915 Loading class java/util/ImmutableCollections$Access$1 done
Event: 4.013 Loading class java/util/stream/Nodes$SpinedNodeBuilder
Event: 4.036 Loading class java/util/stream/SpinedBuffer
Event: 4.037 Loading class java/util/stream/AbstractSpinedBuffer
Event: 4.053 Loading class java/util/stream/AbstractSpinedBuffer done
Event: 4.053 Loading class java/util/stream/SpinedBuffer done
Event: 4.053 Loading class java/util/stream/Nodes$SpinedNodeBuilder done
Event: 4.114 Loading class java/util/stream/SliceOps
Event: 4.119 Loading class java/util/stream/SliceOps done
Event: 4.120 Loading class java/util/stream/SliceOps$1
Event: 4.133 Loading class java/util/stream/SliceOps$1 done
Event: 4.148 Loading class java/lang/StringIndexOutOfBoundsException
Event: 4.148 Loading class java/lang/StringIndexOutOfBoundsException done

Classes unloaded (0 events):
No events

Classes redefined (0 events):
No events

Internal exceptions (20 events):
Event: 2.867 Thread 0x0000022c7c5d4930 Exception <a 'java/lang/NoSuchMethodError'{0x00000000a5d267b8}: 'void java.lang.invoke.DirectMethodHandle$Holder.invokeStatic(java.lang.Object, java.lang.Object, java.lang.Object)'> (0x00000000a5d267b8) 
thrown [s\open\src\hotspot\share\interpreter\linkResolver.cpp, line 773]
Event: 2.867 Thread 0x0000022c7c6db190 Exception <a 'java/lang/NoSuchMethodError'{0x00000000a5ff5018}: 'void java.lang.invoke.DirectMethodHandle$Holder.invokeStatic(java.lang.Object, java.lang.Object, java.lang.Object)'> (0x00000000a5ff5018) 
thrown [s\open\src\hotspot\share\interpreter\linkResolver.cpp, line 773]
Event: 2.867 Thread 0x0000022c7c6d9750 Exception <a 'java/lang/NoSuchMethodError'{0x00000000a5d34a00}: 'void java.lang.invoke.DirectMethodHandle$Holder.invokeStatic(java.lang.Object, java.lang.Object, java.lang.Object)'> (0x00000000a5d34a00) 
thrown [s\open\src\hotspot\share\interpreter\linkResolver.cpp, line 773]
Event: 2.867 Thread 0x0000022c7c6d2470 Exception <a 'java/lang/NoSuchMethodError'{0x00000000a5ea7170}: 'void java.lang.invoke.DirectMethodHandle$Holder.invokeStatic(java.lang.Object, java.lang.Object, java.lang.Object)'> (0x00000000a5ea7170) 
thrown [s\open\src\hotspot\share\interpreter\linkResolver.cpp, line 773]
Event: 2.867 Thread 0x0000022c7c649080 Exception <a 'java/lang/NoSuchMethodError'{0x00000000a5e574e8}: 'void java.lang.invoke.DirectMethodHandle$Holder.invokeStatic(java.lang.Object, java.lang.Object, java.lang.Object)'> (0x00000000a5e574e8) 
thrown [s\open\src\hotspot\share\interpreter\linkResolver.cpp, line 773]
Event: 2.868 Thread 0x0000022c7c6d8a30 Exception <a 'java/lang/NoSuchMethodError'{0x00000000a5d02bc8}: 'void java.lang.invoke.DirectMethodHandle$Holder.invokeStatic(java.lang.Object, java.lang.Object, java.lang.Object)'> (0x00000000a5d02bc8) 
thrown [s\open\src\hotspot\share\interpreter\linkResolver.cpp, line 773]
Event: 2.868 Thread 0x0000022c7c6496f0 Exception <a 'java/lang/NoSuchMethodError'{0x00000000a5fd7e80}: 'void java.lang.invoke.DirectMethodHandle$Holder.invokeStatic(java.lang.Object, java.lang.Object, java.lang.Object)'> (0x00000000a5fd7e80) 
thrown [s\open\src\hotspot\share\interpreter\linkResolver.cpp, line 773]
Event: 2.868 Thread 0x0000022c7c5d6a00 Exception <a 'java/lang/NoSuchMethodError'{0x00000000a5d63ea0}: 'void java.lang.invoke.DirectMethodHandle$Holder.invokeStatic(java.lang.Object, java.lang.Object, java.lang.Object)'> (0x00000000a5d63ea0) 
thrown [s\open\src\hotspot\share\interpreter\linkResolver.cpp, line 773]
Event: 2.868 Thread 0x0000022c7c6d1e00 Exception <a 'java/lang/NoSuchMethodError'{0x00000000a5e24d50}: 'void java.lang.invoke.DirectMethodHandle$Holder.invokeStatic(java.lang.Object, java.lang.Object, java.lang.Object)'> (0x00000000a5e24d50) 
thrown [s\open\src\hotspot\share\interpreter\linkResolver.cpp, line 773]
Event: 3.128 Thread 0x0000022c7c677ec0 Exception <a 'java/lang/NoSuchMethodError'{0x00000000a6de2180}: 'int java.lang.invoke.DirectMethodHandle$Holder.invokeSpecialIFC(java.lang.Object, java.lang.Object, java.lang.Object, java.lang.Object, java.lang.Object)'> (0x00000000a6de2180) 
thrown [s\open\src\hotspot\share\interpreter\linkResolver.cpp, line 773]
Event: 3.152 Thread 0x0000022c7c6d90c0 Implicit null exception at 0x0000022c07b404b8 to 0x0000022c07b40754
Event: 3.301 Thread 0x0000022c7c649080 Exception <a 'java/lang/NoSuchMethodError'{0x00000000a699db00}: 'java.lang.Object java.lang.invoke.DirectMethodHandle$Holder.invokeVirtual(java.lang.Object, java.lang.Object, int, int)'> (0x00000000a699db00) 
thrown [s\open\src\hotspot\share\interpreter\linkResolver.cpp, line 773]
Event: 3.328 Thread 0x0000022c7c649080 Exception <a 'java/lang/NoSuchMethodError'{0x00000000ab39f250}: 'java.lang.Object java.lang.invoke.DirectMethodHandle$Holder.invokeSpecial(java.lang.Object, java.lang.Object, java.lang.Object, int, int)'> (0x00000000ab39f250) 
thrown [s\open\src\hotspot\share\interpreter\linkResolver.cpp, line 773]
Event: 3.342 Thread 0x0000022c7c649080 Exception <a 'java/lang/NoSuchMethodError'{0x00000000ab3a9fd0}: 'java.lang.Object java.lang.invoke.Invokers$Holder.invokeExact_MT(java.lang.Object, java.lang.Object, java.lang.Object, java.lang.Object, java.lang.Object)'> (0x00000000ab3a9fd0) 
thrown [s\open\src\hotspot\share\interpreter\linkResolver.cpp, line 773]
Event: 3.408 Thread 0x0000022c7c6da470 Exception <a 'java/lang/NoSuchMethodError'{0x00000000aa9d0590}: 'java.lang.Object java.lang.invoke.Invokers$Holder.invokeExact_MT(java.lang.Object, java.lang.Object, java.lang.Object, java.lang.Object, java.lang.Object)'> (0x00000000aa9d0590) 
thrown [s\open\src\hotspot\share\interpreter\linkResolver.cpp, line 773]
Event: 3.903 Thread 0x0000022c7c649080 Exception <a 'java/lang/NoSuchMethodError'{0x00000000a7a6e220}: 'java.lang.Object java.lang.invoke.DirectMethodHandle$Holder.invokeInterface(java.lang.Object, java.lang.Object, java.lang.Object)'> (0x00000000a7a6e220) 
thrown [s\open\src\hotspot\share\interpreter\linkResolver.cpp, line 773]
Event: 3.904 Thread 0x0000022c7c6d9750 Exception <a 'java/lang/NoSuchMethodError'{0x00000000a80dbb10}: 'java.lang.Object java.lang.invoke.DirectMethodHandle$Holder.invokeInterface(java.lang.Object, java.lang.Object, java.lang.Object)'> (0x00000000a80dbb10) 
thrown [s\open\src\hotspot\share\interpreter\linkResolver.cpp, line 773]
Event: 3.904 Thread 0x0000022c7c677ec0 Exception <a 'java/lang/NoSuchMethodError'{0x00000000a7ad15a8}: 'java.lang.Object java.lang.invoke.DirectMethodHandle$Holder.invokeInterface(java.lang.Object, java.lang.Object, java.lang.Object)'> (0x00000000a7ad15a8) 
thrown [s\open\src\hotspot\share\interpreter\linkResolver.cpp, line 773]
Event: 4.085 Thread 0x0000022c7c6d1e00 Exception <a 'java/lang/NoSuchMethodError'{0x00000000a9b20fd0}: 'java.lang.Object java.lang.invoke.DirectMethodHandle$Holder.invokeStatic(java.lang.Object, int, java.lang.Object)'> (0x00000000a9b20fd0) 
thrown [s\open\src\hotspot\share\interpreter\linkResolver.cpp, line 773]
Event: 4.109 Thread 0x0000022c7c677ec0 Exception <a 'java/lang/NoSuchMethodError'{0x00000000a7b612c0}: 'java.lang.Object java.lang.invoke.DirectMethodHandle$Holder.invokeVirtual(java.lang.Object, java.lang.Object, java.lang.Object)'> (0x00000000a7b612c0) 
thrown [s\open\src\hotspot\share\interpreter\linkResolver.cpp, line 773]

ZGC Phase Switch (0 events):
No events

VM Operations (20 events):
Event: 3.041 Executing VM operation: G1CollectForAllocation (G1 Evacuation Pause) done
Event: 3.076 Executing VM operation: HandshakeAllThreads (Deoptimize)
Event: 3.084 Executing VM operation: HandshakeAllThreads (Deoptimize) done
Event: 3.144 Executing VM operation: G1CollectForAllocation (G1 Evacuation Pause)
Event: 3.152 Executing VM operation: G1CollectForAllocation (G1 Evacuation Pause) done
Event: 3.221 Executing VM operation: G1CollectForAllocation (G1 Evacuation Pause)
Event: 3.244 Executing VM operation: G1CollectForAllocation (G1 Evacuation Pause) done
Event: 3.314 Executing VM operation: G1CollectForAllocation (G1 Evacuation Pause)
Event: 3.335 Executing VM operation: G1CollectForAllocation (G1 Evacuation Pause) done
Event: 3.481 Executing VM operation: HandshakeAllThreads (Deoptimize)
Event: 3.620 Executing VM operation: HandshakeAllThreads (Deoptimize) done
Event: 3.620 Executing VM operation: G1CollectForAllocation (G1 Evacuation Pause)
Event: 3.628 Executing VM operation: G1CollectForAllocation (G1 Evacuation Pause) done
Event: 3.699 Executing VM operation: G1CollectForAllocation (G1 Evacuation Pause)
Event: 3.713 Executing VM operation: G1CollectForAllocation (G1 Evacuation Pause) done
Event: 3.915 Executing VM operation: G1CollectForAllocation (G1 Evacuation Pause)
Event: 4.013 Executing VM operation: G1CollectForAllocation (G1 Evacuation Pause) done
Event: 4.124 Executing VM operation: HandshakeAllThreads (Deoptimize)
Event: 4.148 Executing VM operation: HandshakeAllThreads (Deoptimize) done
Event: 4.158 Executing VM operation: G1CollectForAllocation (G1 Evacuation Pause)

Events (20 events):
Event: 0.607 Thread 0x0000022c7c6d1e00 Thread added: 0x0000022c7c6d1e00
Event: 0.608 Thread 0x0000022c7c6d2470 Thread added: 0x0000022c7c6d2470
Event: 0.609 Thread 0x0000022c7c6d2ae0 Thread added: 0x0000022c7c6d2ae0
Event: 0.609 Thread 0x0000022c7c6d3150 Thread added: 0x0000022c7c6d3150
Event: 0.610 Thread 0x0000022c7c6d37c0 Thread added: 0x0000022c7c6d37c0
Event: 0.611 Thread 0x0000022c7c6d8a30 Thread added: 0x0000022c7c6d8a30
Event: 0.611 Thread 0x0000022c7c6d9de0 Thread added: 0x0000022c7c6d9de0
Event: 0.622 Thread 0x0000022c7c6da470 Thread added: 0x0000022c7c6da470
Event: 0.623 Thread 0x0000022c7c6dbeb0 Thread added: 0x0000022c7c6dbeb0
Event: 0.623 Thread 0x0000022c7c6db820 Thread added: 0x0000022c7c6db820
Event: 0.624 Thread 0x0000022c7c6d90c0 Thread added: 0x0000022c7c6d90c0
Event: 0.625 Thread 0x0000022c7c6dab00 Thread added: 0x0000022c7c6dab00
Event: 0.667 Thread 0x0000022c7c6d9750 Thread added: 0x0000022c7c6d9750
Event: 0.668 Thread 0x0000022c7c6db190 Thread added: 0x0000022c7c6db190
Event: 0.669 Thread 0x0000022c7c5d4930 Thread added: 0x0000022c7c5d4930
Event: 0.669 Thread 0x0000022c7c5d42a0 Thread added: 0x0000022c7c5d42a0
Event: 0.670 Thread 0x0000022c7c5d6a00 Thread added: 0x0000022c7c5d6a00
Event: 1.505 Thread 0x0000022c7cac3dd0 Thread added: 0x0000022c7cac3dd0
Event: 2.028 Thread 0x0000022c7cac3dd0 Thread exited: 0x0000022c7cac3dd0
Event: 2.290 Thread 0x0000022c7d190560 Thread added: 0x0000022c7d190560


Dynamic libraries:
0x00007ff7a4180000 - 0x00007ff7a4190000 	C:\Program Files\Java\jdk-21.0.10\bin\java.exe
0x00007ffa69a50000 - 0x00007ffa69c48000 	C:\WINDOWS\SYSTEM32\ntdll.dll
0x00007ffa67e60000 - 0x00007ffa67f22000 	C:\WINDOWS\System32\KERNEL32.DLL
0x00007ffa67290000 - 0x00007ffa67587000 	C:\WINDOWS\System32\KERNELBASE.dll
0x00007ffa67660000 - 0x00007ffa67760000 	C:\WINDOWS\System32\ucrtbase.dll
0x00007ffa63d40000 - 0x00007ffa63d59000 	C:\Program Files\Java\jdk-21.0.10\bin\jli.dll
0x00007ffa62230000 - 0x00007ffa6224e000 	C:\Program Files\Java\jdk-21.0.10\bin\VCRUNTIME140.dll
0x00007ffa69830000 - 0x00007ffa698e1000 	C:\WINDOWS\System32\ADVAPI32.dll
0x00007ffa67c10000 - 0x00007ffa67cae000 	C:\WINDOWS\System32\msvcrt.dll
0x00007ffa68eb0000 - 0x00007ffa68f4f000 	C:\WINDOWS\System32\sechost.dll
0x00007ffa698f0000 - 0x00007ffa69a10000 	C:\WINDOWS\System32\RPCRT4.dll
0x00007ffa67590000 - 0x00007ffa675b7000 	C:\WINDOWS\System32\bcrypt.dll
0x00007ffa67a60000 - 0x00007ffa67c01000 	C:\WINDOWS\System32\USER32.dll
0x00007ffa57430000 - 0x00007ffa576cb000 	C:\WINDOWS\WinSxS\amd64_microsoft.windows.common-controls_6595b64144ccf1df_6.0.19041.6456_none_60b8a6cb71f64256\COMCTL32.dll
0x00007ffa670d0000 - 0x00007ffa670f2000 	C:\WINDOWS\System32\win32u.dll
0x00007ffa68a70000 - 0x00007ffa68a9b000 	C:\WINDOWS\System32\GDI32.dll
0x00007ffa678c0000 - 0x00007ffa679d9000 	C:\WINDOWS\System32\gdi32full.dll
0x00007ffa675c0000 - 0x00007ffa6765d000 	C:\WINDOWS\System32\msvcp_win.dll
0x00007ffa58aa0000 - 0x00007ffa58aaa000 	C:\WINDOWS\SYSTEM32\VERSION.dll
0x00007ffa684d0000 - 0x00007ffa684ff000 	C:\WINDOWS\System32\IMM32.DLL
0x00007ffa63b60000 - 0x00007ffa63b6c000 	C:\Program Files\Java\jdk-21.0.10\bin\vcruntime140_1.dll
0x00007ffa5d1a0000 - 0x00007ffa5d22d000 	C:\Program Files\Java\jdk-21.0.10\bin\msvcp140.dll
0x00007ffa33740000 - 0x00007ffa34467000 	C:\Program Files\Java\jdk-21.0.10\bin\server\jvm.dll
0x00007ffa68fd0000 - 0x00007ffa6903b000 	C:\WINDOWS\System32\WS2_32.dll
0x00007ffa66620000 - 0x00007ffa6666b000 	C:\WINDOWS\SYSTEM32\POWRPROF.dll
0x00007ffa4cc60000 - 0x00007ffa4cc87000 	C:\WINDOWS\SYSTEM32\WINMM.dll
0x00007ffa66490000 - 0x00007ffa664a2000 	C:\WINDOWS\SYSTEM32\UMPDC.dll
0x00007ffa64f00000 - 0x00007ffa64f12000 	C:\WINDOWS\SYSTEM32\kernel.appcore.dll
0x00007ffa620d0000 - 0x00007ffa620da000 	C:\Program Files\Java\jdk-21.0.10\bin\jimage.dll
0x00007ffa57700000 - 0x00007ffa57901000 	C:\WINDOWS\SYSTEM32\DBGHELP.DLL
0x00007ffa4d040000 - 0x00007ffa4d074000 	C:\WINDOWS\SYSTEM32\dbgcore.DLL
0x00007ffa67200000 - 0x00007ffa67282000 	C:\WINDOWS\System32\bcryptPrimitives.dll
0x00007ffa60e30000 - 0x00007ffa60e51000 	C:\Program Files\Java\jdk-21.0.10\bin\java.dll
0x00007ffa69040000 - 0x00007ffa697b1000 	C:\WINDOWS\System32\SHELL32.dll
0x00007ffa65100000 - 0x00007ffa658a6000 	C:\WINDOWS\SYSTEM32\windows.storage.dll
0x00007ffa68040000 - 0x00007ffa68393000 	C:\WINDOWS\System32\combase.dll
0x00007ffa66a20000 - 0x00007ffa66a4b000 	C:\WINDOWS\SYSTEM32\Wldp.dll
0x00007ffa68de0000 - 0x00007ffa68ead000 	C:\WINDOWS\System32\OLEAUT32.dll
0x00007ffa67f30000 - 0x00007ffa67fdd000 	C:\WINDOWS\System32\SHCORE.dll
0x00007ffa68f50000 - 0x00007ffa68fab000 	C:\WINDOWS\System32\shlwapi.dll
0x00007ffa67000000 - 0x00007ffa67024000 	C:\WINDOWS\SYSTEM32\profapi.dll
0x00007ffa545d0000 - 0x00007ffa546a7000 	C:\Program Files\Java\jdk-21.0.10\bin\jsvml.dll
0x00007ffa5d180000 - 0x00007ffa5d191000 	C:\Program Files\Java\jdk-21.0.10\bin\net.dll
0x00007ffa5e220000 - 0x00007ffa5e32a000 	C:\WINDOWS\SYSTEM32\WINHTTP.dll
0x00007ffa66800000 - 0x00007ffa6686a000 	C:\WINDOWS\system32\mswsock.dll
0x00007ffa5d160000 - 0x00007ffa5d176000 	C:\Program Files\Java\jdk-21.0.10\bin\nio.dll
0x00007ffa5d140000 - 0x00007ffa5d158000 	C:\Program Files\Java\jdk-21.0.10\bin\zip.dll

dbghelp: loaded successfully - version: 4.0.5 - missing functions: none
symbol engine: initialized successfully - sym options: 0x614 - pdb path: .;C:\Program Files\Java\jdk-21.0.10\bin;C:\WINDOWS\SYSTEM32;C:\WINDOWS\WinSxS\amd64_microsoft.windows.common-controls_6595b64144ccf1df_6.0.19041.6456_none_60b8a6cb71f64256;C:\Program Files\Java\jdk-21.0.10\bin\server

VM Arguments:
java_command: google-java-format-1.23.0-all-deps.jar --replace src/main/java/library/app/com/concurrency/ThreadRenamer.java src/main/java/library/app/com/datastructure/ListGrouper.java src/main/java/library/app/com/endpoint/EndpointConf.java src/main/java/library/app/com/endpoint/RequestLoggerConfigurer.java src/main/java/library/app/com/endpoint/rest/controller/health/AuthorController.java src/main/java/library/app/com/endpoint/rest/controller/health/BookController.java src/main/java/library/app/com/endpoint/rest/controller/health/CartController.java src/main/java/library/app/com/endpoint/rest/controller/health/CategoryController.java src/main/java/library/app/com/endpoint/rest/controller/health/CustomerController.java src/main/java/library/app/com/endpoint/rest/controller/health/EmployeeController.java src/main/java/library/app/com/endpoint/rest/controller/health/HealthEmailController.java src/main/java/library/app/com/endpoint/rest/controller/health/InvoiceController.java src/main/java/library/app/com/endpoint/rest/controller/health/OrderController.java src/main/java/library/app/com/endpoint/rest/controller/health/OrderLineController.java src/main/java/library/app/com/endpoint/rest/controller/health/PaymentController.java src/main/java/library/app/com/endpoint/rest/controller/health/PingController.java src/main/java/library/app/com/endpoint/rest/controller/health/PromotionController.java src/main/java/library/app/com/endpoint/rest/controller/health/PublisherController.java src/main/java/library/app/com/endpoint/rest/controller/health/RestockingController.java src/main/java/library/app/com/endpoint/rest/controller/health/ReviewController.java src/main/java/library/app/com/endpoint/rest/controller/health/SaleController.java src/main/java/library/app/com/endpoint/rest/controller/health/StockController.java src/main/java/library/app/com/endpoint/rest/controller/health/SupplierController.java src/main/java/library/app/com/endpoint/rest/model/JAuthor.java src/main/ja
java_class_path (initial): google-java-format-1.23.0-all-deps.jar
Launcher Type: SUN_STANDARD

[Global flags]
     intx CICompilerCount                          = 3                                         {product} {ergonomic}
     uint ConcGCThreads                            = 1                                         {product} {ergonomic}
     uint G1ConcRefinementThreads                  = 4                                         {product} {ergonomic}
   size_t G1HeapRegionSize                         = 1048576                                   {product} {ergonomic}
    uintx GCDrainStackTargetSize                   = 64                                        {product} {ergonomic}
   size_t InitialHeapSize                          = 100663296                                 {product} {ergonomic}
   size_t MarkStackSize                            = 4194304                                   {product} {ergonomic}
   size_t MaxHeapSize                              = 1579155456                                {product} {ergonomic}
   size_t MaxNewSize                               = 946864128                                 {product} {ergonomic}
   size_t MinHeapDeltaBytes                        = 1048576                                   {product} {ergonomic}
   size_t MinHeapSize                              = 8388608                                   {product} {ergonomic}
    uintx NonNMethodCodeHeapSize                   = 5832780                                {pd product} {ergonomic}
    uintx NonProfiledCodeHeapSize                  = 122912730                              {pd product} {ergonomic}
    uintx ProfiledCodeHeapSize                     = 122912730                              {pd product} {ergonomic}
    uintx ReservedCodeCacheSize                    = 251658240                              {pd product} {ergonomic}
     bool SegmentedCodeCache                       = true                                      {product} {ergonomic}
   size_t SoftMaxHeapSize                          = 1579155456                             {manageable} {ergonomic}
     bool UseCompressedOops                        = true                           {product lp64_product} {ergonomic}
     bool UseG1GC                                  = true                                      {product} {ergonomic}
     bool UseLargePagesIndividualAllocation        = false                                  {pd product} {ergonomic}

Logging:
Log output configuration:
 #0: stdout all=warning uptime,level,tags foldmultilines=false
 #1: stderr all=off uptime,level,tags foldmultilines=false

Environment Variables:
JAVA_HOME=C:\Program Files\Java\jdk-21.0.10
PATH=C:\Users\Sarobidy\bin;C:\Program Files\Git\mingw64\bin;C:\Program Files\Git\usr\local\bin;C:\Program Files\Git\usr\bin;C:\Program Files\Git\usr\bin;C:\Program Files\Git\mingw64\bin;C:\Program Files\Git\usr\bin;C:\Users\Sarobidy\bin;C:\Program Files (x86)\VMware\VMware Workstation\bin;C:\WINDOWS\system32;C:\WINDOWS;C:\WINDOWS\System32\Wbem;C:\WINDOWS\System32\WindowsPowerShell\v1.0;C:\WINDOWS\System32\OpenSSH;C:\Program Files\Git\cmd;C:\php;C:\ProgramData\ComposerSetup\bin;C:\Program Files\Java\jdk-21.0.10\bin;C:\Program Files\Apache\Maven\apache-maven-3.9.13-bin\apache-maven-3.9.13\bin;C:\Program Files\PostgreSQL\17\bin;C:\Program Files\KeePassXC;%NVM_HOME%;%NVM_SYMLINK%;C:\Program Files\nodejs;C:\Program Files\Apache\Maven\apache-maven-3.9.13-bin\apache-maven-3.9.13\bin;C:\Users\Sarobidy\AppData\Local\Programs\Microsoft VS Code\bin;C:\Users\Sarobidy\AppData\Local\Python\bin;C:\Users\Sarobidy\AppData\Local\nvm;C:\nvm4w\nodejs;C:\Users\Sarobidy\AppData\Roaming\npm;C:\Program Files\Git\usr\bin\vendor_perl;C:\Program Files\Git\usr\bin\core_perl
USERNAME=Sarobidy
SHELL=C:\Program Files\Git\usr\bin\bash.exe
DISPLAY=needs-to-be-defined
LC_CTYPE=fr_FR.UTF-8
TERM=xterm
TMPDIR=C:\Users\Sarobidy\AppData\Local\Temp
OS=Windows_NT
PROCESSOR_IDENTIFIER=Intel64 Family 6 Model 58 Stepping 9, GenuineIntel
TMP=C:\Users\Sarobidy\AppData\Local\Temp
TEMP=C:\Users\Sarobidy\AppData\Local\Temp




Periodic native trim disabled

---------------  S Y S T E M  ---------------

OS:
 Windows 10 , 64 bit Build 19041 (10.0.19041.6807)
OS uptime: 0 days 2:17 hours
Hyper-V role detected

CPU: total 4 (initial active 4) (2 cores per cpu, 2 threads per core) family 6 model 58 stepping 9 microcode 0x21, cx8, cmov, fxsr, ht, mmx, sse, sse2, sse3, ssse3, sse4.1, sse4.2, popcnt, tsc, tscinvbit, avx, aes, erms, clmul, vzeroupper, clflush, hv, rdtscp, f16c
Processor Information for all 4 processors :
  Max Mhz: 2601, Current Mhz: 2601, Mhz Limit: 2601

Memory: 4k page, system-wide physical 6017M (392M free)
TotalPageFile size 8017M (AvailPageFile size 7M)
current process WorkingSet (physical memory assigned to process): 237M, peak: 239M
current process commit charge ("private bytes"): 278M, peak: 384M

vm_info: Java HotSpot(TM) 64-Bit Server VM (21.0.10+8-LTS-217) for windows-amd64 JRE (21.0.10+8-LTS-217), built on 2025-12-18T14:59:28Z by "mach5run" with MS VC++ 17.13 (VS2022)

END.
