#
# There is insufficient memory for the Java Runtime Environment to continue.
# Native memory allocation (malloc) failed to allocate 354256 bytes for Chunk::new
# Possible reasons:
#   The system is out of physical RAM or swap space
#   The process is running with CompressedOops enabled, and the Java Heap may be blocking the growth of the native heap
# Possible solutions:
#   Reduce memory load on the system
#   Increase physical memory or swap space
#   Check if swap backing store is full
#   Decrease Java heap size (-Xmx/-Xms)
#   Decrease number of Java threads
#   Decrease Java thread stack sizes (-Xss)
#   Set larger code cache with -XX:ReservedCodeCacheSize=
#   JVM is running with Unscaled Compressed Oops mode in which the Java heap is
#     placed in the first 4GB address space. The Java Heap base address is the
#     maximum limit for the native heap growth. Please use -XX:HeapBaseMinAddress
#     to set the Java Heap base and to place the Java Heap above 4GB virtual address.
# This output file may be truncated or incomplete.
#
#  Out of Memory Error (arena.cpp:168), pid=6112, tid=7192
#
# JRE version: Java(TM) SE Runtime Environment (21.0.10+8) (build 21.0.10+8-LTS-217)
# Java VM: Java HotSpot(TM) 64-Bit Server VM (21.0.10+8-LTS-217, mixed mode, sharing, tiered, compressed oops, compressed class ptrs, g1 gc, windows-amd64)
# No core dump will be written. Minidumps are not enabled by default on client versions of Windows
#

---------------  S U M M A R Y ------------

Command Line: --add-opens=java.base/java.util=ALL-UNNAMED --add-opens=java.base/java.lang=ALL-UNNAMED --add-opens=java.base/java.lang.invoke=ALL-UNNAMED --add-opens=java.prefs/java.util.prefs=ALL-UNNAMED --add-opens=java.base/java.nio.charset=ALL-UNNAMED --add-opens=java.base/java.net=ALL-UNNAMED --add-opens=java.base/java.util.concurrent.atomic=ALL-UNNAMED -XX:MaxMetaspaceSize=384m -XX:+HeapDumpOnOutOfMemoryError -Xms256m -Xmx512m -Dfile.encoding=UTF-8 -Duser.country=FR -Duser.language=fr -Duser.variant -javaagent:C:\Users\Sarobidy\.gradle\wrapper\dists\gradle-8.5-bin\5t9huq95ubn472n8rpzujfbqh\gradle-8.5\lib\agents\gradle-instrumentation-agent-8.5.jar org.gradle.launcher.daemon.bootstrap.GradleDaemon 8.5

Host: Intel(R) Core(TM) i5-3230M CPU @ 2.60GHz, 4 cores, 5G,  Windows 10 , 64 bit Build 19041 (10.0.19041.6807)
Time: Fri Jul 10 06:28:48 2026 Jordanie elapsed time: 109.190023 seconds (0d 0h 1m 49s)

---------------  T H R E A D  ---------------

Current thread (0x000001877e8b9bc0):  JavaThread "C2 CompilerThread0" daemon [_thread_in_native, id=7192, stack(0x00000085e8000000,0x00000085e8100000) (1024K)]


Current CompileTask:
C2: 109366 5941 %     4       groovyjarjarantlr4.v4.runtime.atn.LexerATNSimulator::getReachableConfigSet @ 77 (198 bytes)

Stack: [0x00000085e8000000,0x00000085e8100000]
Native frames: (J=compiled Java code, j=interpreted, Vv=VM code, C=native code)
V  [jvm.dll+0x6d0b59]
V  [jvm.dll+0x85fd56]
V  [jvm.dll+0x86224e]
V  [jvm.dll+0x862923]
V  [jvm.dll+0x282a16]
V  [jvm.dll+0xc662d]
V  [jvm.dll+0xc6b71]
V  [jvm.dll+0x2f800e]
V  [jvm.dll+0x5fadb7]
V  [jvm.dll+0x2549d7]
V  [jvm.dll+0x24cd64]
V  [jvm.dll+0x24a84e]
V  [jvm.dll+0x1cacfe]
V  [jvm.dll+0x25a629]
V  [jvm.dll+0x258bb5]
V  [jvm.dll+0x3f4da1]
V  [jvm.dll+0x80a83d]
V  [jvm.dll+0x6cf3fd]
C  [ucrtbase.dll+0x21bb2]
C  [KERNEL32.DLL+0x17374]
C  [ntdll.dll+0x4cc91]


---------------  P R O C E S S  ---------------

Threads class SMR info:
_java_thread_list=0x000001877f550dc0, length=36, elements={
0x00000187643d5880, 0x000001877e8b22c0, 0x000001877e8b3390, 0x000001877e8b6f10,
0x000001877e8b7970, 0x000001877e8b83d0, 0x000001877e8b8e30, 0x000001877e8b9bc0,
0x000001877e8d1450, 0x000001877eca1040, 0x000001877ebf4fd0, 0x000001871b194010,
0x000001877eb56c60, 0x000001877ec984a0, 0x000001877eed79c0, 0x000001871bfc3020,
0x000001877eed21b0, 0x000001877eed2820, 0x000001877ec55d10, 0x000001877ec57750,
0x000001877ec59190, 0x000001877ec58470, 0x000001877ec570c0, 0x000001877ec58b00,
0x000001877ec57de0, 0x000001877ec56a30, 0x000001871b09cf90, 0x000001871b09e9d0,
0x000001871b09fd80, 0x000001871b0a0410, 0x000001871b09dcb0, 0x000001871b09e340,
0x000001871b09f060, 0x000001871b09f6f0, 0x000001871c6a9590, 0x000001871c6aafd0
}

Java Threads: ( => current thread )
  0x00000187643d5880 JavaThread "main"                              [_thread_blocked, id=1528, stack(0x00000085e7200000,0x00000085e7300000) (1024K)]
  0x000001877e8b22c0 JavaThread "Reference Handler"          daemon [_thread_blocked, id=10024, stack(0x00000085e7a00000,0x00000085e7b00000) (1024K)]
  0x000001877e8b3390 JavaThread "Finalizer"                  daemon [_thread_blocked, id=8120, stack(0x00000085e7b00000,0x00000085e7c00000) (1024K)]
  0x000001877e8b6f10 JavaThread "Signal Dispatcher"          daemon [_thread_blocked, id=10072, stack(0x00000085e7c00000,0x00000085e7d00000) (1024K)]
  0x000001877e8b7970 JavaThread "Attach Listener"            daemon [_thread_blocked, id=10452, stack(0x00000085e7d00000,0x00000085e7e00000) (1024K)]
  0x000001877e8b83d0 JavaThread "Service Thread"             daemon [_thread_blocked, id=10984, stack(0x00000085e7e00000,0x00000085e7f00000) (1024K)]
  0x000001877e8b8e30 JavaThread "Monitor Deflation Thread"   daemon [_thread_blocked, id=4756, stack(0x00000085e7f00000,0x00000085e8000000) (1024K)]
=>0x000001877e8b9bc0 JavaThread "C2 CompilerThread0"         daemon [_thread_in_native, id=7192, stack(0x00000085e8000000,0x00000085e8100000) (1024K)]
  0x000001877e8d1450 JavaThread "C1 CompilerThread0"         daemon [_thread_in_vm, id=9564, stack(0x00000085e8100000,0x00000085e8200000) (1024K)]
  0x000001877eca1040 JavaThread "Common-Cleaner"             daemon [_thread_blocked, id=9792, stack(0x00000085e8200000,0x00000085e8300000) (1024K)]
  0x000001877ebf4fd0 JavaThread "Notification Thread"        daemon [_thread_blocked, id=11896, stack(0x00000085e8300000,0x00000085e8400000) (1024K)]
  0x000001871b194010 JavaThread "Daemon health stats"               [_thread_blocked, id=11156, stack(0x00000085e8400000,0x00000085e8500000) (1024K)]
  0x000001877eb56c60 JavaThread "Incoming local TCP Connector on port 50403"        [_thread_in_native, id=7180, stack(0x00000085e8800000,0x00000085e8900000) (1024K)]
  0x000001877ec984a0 JavaThread "Daemon periodic checks"            [_thread_blocked, id=11476, stack(0x00000085e8900000,0x00000085e8a00000) (1024K)]
  0x000001877eed79c0 JavaThread "Daemon"                            [_thread_blocked, id=11704, stack(0x00000085e8a00000,0x00000085e8b00000) (1024K)]
  0x000001871bfc3020 JavaThread "Handler for socket connection from /127.0.0.1:50403 to /127.0.0.1:50404"        [_thread_in_native, id=8456, stack(0x00000085e8b00000,0x00000085e8c00000) (1024K)]
  0x000001877eed21b0 JavaThread "Cancel handler"                    [_thread_blocked, id=12184, stack(0x00000085e8c00000,0x00000085e8d00000) (1024K)]
  0x000001877eed2820 JavaThread "Daemon worker"                     [_thread_in_vm, id=11292, stack(0x00000085e8d00000,0x00000085e8e00000) (1024K)]
  0x000001877ec55d10 JavaThread "Asynchronous log dispatcher for DefaultDaemonConnection: socket connection from /127.0.0.1:50403 to /127.0.0.1:50404"        [_thread_blocked, id=11880, stack(0x00000085e8e00000,0x00000085e8f00000) (1024K)]
  0x000001877ec57750 JavaThread "Stdin handler"                     [_thread_blocked, id=7812, stack(0x00000085e8f00000,0x00000085e9000000) (1024K)]
  0x000001877ec59190 JavaThread "Daemon client event forwarder"        [_thread_blocked, id=4176, stack(0x00000085e9000000,0x00000085e9100000) (1024K)]
  0x000001877ec58470 JavaThread "Cache worker for journal cache (C:\Users\Sarobidy\.gradle\caches\journal-1)"        [_thread_blocked, id=7528, stack(0x00000085e9100000,0x00000085e9200000) (1024K)]
  0x000001877ec570c0 JavaThread "File lock request listener"        [_thread_in_native, id=1124, stack(0x00000085e9200000,0x00000085e9300000) (1024K)]
  0x000001877ec58b00 JavaThread "Cache worker for file hash cache (C:\Users\Sarobidy\.gradle\caches\8.5\fileHashes)"        [_thread_blocked, id=3188, stack(0x00000085e9300000,0x00000085e9400000) (1024K)]
  0x000001877ec57de0 JavaThread "File watcher server"        daemon [_thread_in_native, id=12096, stack(0x00000085e9400000,0x00000085e9500000) (1024K)]
  0x000001877ec56a30 JavaThread "File watcher consumer"      daemon [_thread_blocked, id=7348, stack(0x00000085e9500000,0x00000085e9600000) (1024K)]
  0x000001871b09cf90 JavaThread "jar transforms"                    [_thread_blocked, id=11948, stack(0x00000085e9600000,0x00000085e9700000) (1024K)]
  0x000001871b09e9d0 JavaThread "jar transforms Thread 2"           [_thread_blocked, id=2812, stack(0x00000085e9700000,0x00000085e9800000) (1024K)]
  0x000001871b09fd80 JavaThread "jar transforms Thread 3"           [_thread_blocked, id=9968, stack(0x00000085e9800000,0x00000085e9900000) (1024K)]
  0x000001871b0a0410 JavaThread "jar transforms Thread 4"           [_thread_blocked, id=10648, stack(0x00000085e9900000,0x00000085e9a00000) (1024K)]
  0x000001871b09dcb0 JavaThread "Cache worker for checksums cache (E:\L2\Prog4\Library-App-Prog4\.gradle\8.5\checksums)"        [_thread_blocked, id=11168, stack(0x00000085e6f00000,0x00000085e7000000) (1024K)]
  0x000001871b09e340 JavaThread "Cache worker for file hash cache (E:\L2\Prog4\Library-App-Prog4\.gradle\8.5\fileHashes)"        [_thread_blocked, id=11640, stack(0x00000085e7000000,0x00000085e7100000) (1024K)]
  0x000001871b09f060 JavaThread "Cache worker for cache directory md-supplier (C:\Users\Sarobidy\.gradle\caches\8.5\md-supplier)"        [_thread_blocked, id=7408, stack(0x00000085e7100000,0x00000085e7200000) (1024K)]
  0x000001871b09f6f0 JavaThread "Cache worker for cache directory md-rule (C:\Users\Sarobidy\.gradle\caches\8.5\md-rule)"        [_thread_blocked, id=9284, stack(0x00000085e9a00000,0x00000085e9b00000) (1024K)]
  0x000001871c6a9590 JavaThread "Cache worker for file content cache (C:\Users\Sarobidy\.gradle\caches\8.5\fileContent)"        [_thread_blocked, id=404, stack(0x00000085e9b00000,0x00000085e9c00000) (1024K)]
  0x000001871c6aafd0 JavaThread "Cache worker for execution history cache (C:\Users\Sarobidy\.gradle\caches\8.5\executionHistory)"        [_thread_blocked, id=5140, stack(0x00000085e9c00000,0x00000085e9d00000) (1024K)]
Total: 36

Other Threads:
  0x000001877e89b610 VMThread "VM Thread"                           [id=8088, stack(0x00000085e7900000,0x00000085e7a00000) (1024K)] _threads_hazard_ptr=0x000001877f550dc0
  0x000001877e88ac30 WatcherThread "VM Periodic Task Thread"        [id=10136, stack(0x00000085e7800000,0x00000085e7900000) (1024K)]
  0x0000018766516890 WorkerThread "GC Thread#0"                     [id=9532, stack(0x00000085e7300000,0x00000085e7400000) (1024K)]
  0x000001877ef78ac0 WorkerThread "GC Thread#1"                     [id=2476, stack(0x00000085e8500000,0x00000085e8600000) (1024K)]
  0x000001877ef78e70 WorkerThread "GC Thread#2"                     [id=11040, stack(0x00000085e8600000,0x00000085e8700000) (1024K)]
  0x000001877efa4660 WorkerThread "GC Thread#3"                     [id=4460, stack(0x00000085e8700000,0x00000085e8800000) (1024K)]
  0x000001876651b790 ConcurrentGCThread "G1 Main Marker"            [id=200, stack(0x00000085e7400000,0x00000085e7500000) (1024K)]
  0x000001876651c1b0 WorkerThread "G1 Conc#0"                       [id=10728, stack(0x00000085e7500000,0x00000085e7600000) (1024K)]
  0x00000187665bea50 ConcurrentGCThread "G1 Refine#0"               [id=12220, stack(0x00000085e7600000,0x00000085e7700000) (1024K)]
  0x000001877e75e6e0 ConcurrentGCThread "G1 Service"                [id=1900, stack(0x00000085e7700000,0x00000085e7800000) (1024K)]
Total: 10

Threads with active compile tasks:
C2 CompilerThread0   114090 5941 %     4       groovyjarjarantlr4.v4.runtime.atn.LexerATNSimulator::getReachableConfigSet @ 77 (198 bytes)
C1 CompilerThread0   114090 6164       2       groovyjarjarasm.asm.MethodWriter::visitVarInsn (302 bytes)
Total: 2

VM state: synchronizing (normal execution)

VM Mutex/Monitor currently owned by a thread:  ([mutex/lock_event])
[0x00007ffa2b2a7f10] Metaspace_lock - owner thread: 0x000001877e8d1450
[0x00007ffa2b2a9f10] Threads_lock - owner thread: 0x000001877e89b610

Heap address: 0x00000000e0000000, size: 512 MB, Compressed Oops mode: 32-bit

CDS archive(s) mapped at: [0x0000018702000000-0x0000018702c90000-0x0000018702c90000), size 13172736, SharedBaseAddress: 0x0000018702000000, ArchiveRelocationMode: 1.
Compressed class space mapped at: 0x0000018703000000-0x0000018717000000, reserved size: 335544320
Narrow klass base: 0x0000018702000000, Narrow klass shift: 0, Narrow klass range: 0x100000000

GC Precious Log:
 CardTable entry size: 512
 Card Set container configuration: InlinePtr #cards 5 size 8 Array Of Cards #cards 12 size 40 Howl #buckets 4 coarsen threshold 1843 Howl Bitmap #cards 512 size 80 coarsen threshold 460 Card regions per heap region 1 cards per card region 2048
 CPUs: 4 total, 4 available
 Memory: 6017M
 Large Page Support: Disabled
 NUMA Support: Disabled
 Compressed Oops: Enabled (32-bit)
 Heap Region Size: 1M
 Heap Min Capacity: 256M
 Heap Initial Capacity: 256M
 Heap Max Capacity: 512M
 Pre-touch: Disabled
 Parallel Workers: 4
 Concurrent Workers: 1
 Concurrent Refinement Workers: 4
 Periodic GC: Disabled

Heap:
 garbage-first heap   total 262144K, used 149633K [0x00000000e0000000, 0x0000000100000000)
  region size 1024K, 84 young (86016K), 2 survivors (2048K)
 Metaspace       used 46918K, committed 48320K, reserved 393216K
  class space    used 6526K, committed 7232K, reserved 327680K

Heap Regions: E=young(eden), S=young(survivor), O=old, HS=humongous(starts), HC=humongous(continues), CS=collection set, F=free, TAMS=top-at-mark-start, PB=parsable bottom
|   0|0x00000000e0000000, 0x00000000e0100000, 0x00000000e0100000|100%| O|  |TAMS 0x00000000e0000000| PB 0x00000000e0000000| Untracked 
|   1|0x00000000e0100000, 0x00000000e0200000, 0x00000000e0200000|100%|HS|  |TAMS 0x00000000e0100000| PB 0x00000000e0100000| Complete 
|   2|0x00000000e0200000, 0x00000000e0300000, 0x00000000e0300000|100%|HC|  |TAMS 0x00000000e0200000| PB 0x00000000e0200000| Complete 
|   3|0x00000000e0300000, 0x00000000e0400000, 0x00000000e0400000|100%|HC|  |TAMS 0x00000000e0300000| PB 0x00000000e0300000| Complete 
|   4|0x00000000e0400000, 0x00000000e0500000, 0x00000000e0500000|100%|HC|  |TAMS 0x00000000e0400000| PB 0x00000000e0400000| Complete 
|   5|0x00000000e0500000, 0x00000000e0600000, 0x00000000e0600000|100%| O|  |TAMS 0x00000000e0500000| PB 0x00000000e0500000| Untracked 
|   6|0x00000000e0600000, 0x00000000e0700000, 0x00000000e0700000|100%| O|  |TAMS 0x00000000e0600000| PB 0x00000000e0600000| Untracked 
|   7|0x00000000e0700000, 0x00000000e0800000, 0x00000000e0800000|100%| O|  |TAMS 0x00000000e0700000| PB 0x00000000e0700000| Untracked 
|   8|0x00000000e0800000, 0x00000000e0900000, 0x00000000e0900000|100%| O|  |TAMS 0x00000000e0800000| PB 0x00000000e0800000| Untracked 
|   9|0x00000000e0900000, 0x00000000e0a00000, 0x00000000e0a00000|100%| O|  |TAMS 0x00000000e0900000| PB 0x00000000e0900000| Untracked 
|  10|0x00000000e0a00000, 0x00000000e0b00000, 0x00000000e0b00000|100%| O|  |TAMS 0x00000000e0a00000| PB 0x00000000e0a00000| Untracked 
|  11|0x00000000e0b00000, 0x00000000e0c00000, 0x00000000e0c00000|100%|HS|  |TAMS 0x00000000e0b00000| PB 0x00000000e0b00000| Complete 
|  12|0x00000000e0c00000, 0x00000000e0d00000, 0x00000000e0d00000|100%|HC|  |TAMS 0x00000000e0c00000| PB 0x00000000e0c00000| Complete 
|  13|0x00000000e0d00000, 0x00000000e0e00000, 0x00000000e0e00000|100%|HC|  |TAMS 0x00000000e0d00000| PB 0x00000000e0d00000| Complete 
|  14|0x00000000e0e00000, 0x00000000e0f00000, 0x00000000e0f00000|100%|HC|  |TAMS 0x00000000e0e00000| PB 0x00000000e0e00000| Complete 
|  15|0x00000000e0f00000, 0x00000000e1000000, 0x00000000e1000000|100%|HC|  |TAMS 0x00000000e0f00000| PB 0x00000000e0f00000| Complete 
|  16|0x00000000e1000000, 0x00000000e1100000, 0x00000000e1100000|100%|HC|  |TAMS 0x00000000e1000000| PB 0x00000000e1000000| Complete 
|  17|0x00000000e1100000, 0x00000000e1200000, 0x00000000e1200000|100%|HS|  |TAMS 0x00000000e1100000| PB 0x00000000e1100000| Complete 
|  18|0x00000000e1200000, 0x00000000e1300000, 0x00000000e1300000|100%|HC|  |TAMS 0x00000000e1200000| PB 0x00000000e1200000| Complete 
|  19|0x00000000e1300000, 0x00000000e1400000, 0x00000000e1400000|100%|HC|  |TAMS 0x00000000e1300000| PB 0x00000000e1300000| Complete 
|  20|0x00000000e1400000, 0x00000000e1500000, 0x00000000e1500000|100%|HS|  |TAMS 0x00000000e1400000| PB 0x00000000e1400000| Complete 
|  21|0x00000000e1500000, 0x00000000e1600000, 0x00000000e1600000|100%|HC|  |TAMS 0x00000000e1500000| PB 0x00000000e1500000| Complete 
|  22|0x00000000e1600000, 0x00000000e1700000, 0x00000000e1700000|100%|HS|  |TAMS 0x00000000e1600000| PB 0x00000000e1600000| Complete 
|  23|0x00000000e1700000, 0x00000000e1800000, 0x00000000e1800000|100%|HS|  |TAMS 0x00000000e1700000| PB 0x00000000e1700000| Complete 
|  24|0x00000000e1800000, 0x00000000e1900000, 0x00000000e1900000|100%|HC|  |TAMS 0x00000000e1800000| PB 0x00000000e1800000| Complete 
|  25|0x00000000e1900000, 0x00000000e1a00000, 0x00000000e1a00000|100%|HC|  |TAMS 0x00000000e1900000| PB 0x00000000e1900000| Complete 
|  26|0x00000000e1a00000, 0x00000000e1b00000, 0x00000000e1b00000|100%|HC|  |TAMS 0x00000000e1a00000| PB 0x00000000e1a00000| Complete 
|  27|0x00000000e1b00000, 0x00000000e1c00000, 0x00000000e1c00000|100%|HC|  |TAMS 0x00000000e1b00000| PB 0x00000000e1b00000| Complete 
|  28|0x00000000e1c00000, 0x00000000e1d00000, 0x00000000e1d00000|100%|HC|  |TAMS 0x00000000e1c00000| PB 0x00000000e1c00000| Complete 
|  29|0x00000000e1d00000, 0x00000000e1e00000, 0x00000000e1e00000|100%|HS|  |TAMS 0x00000000e1d00000| PB 0x00000000e1d00000| Complete 
|  30|0x00000000e1e00000, 0x00000000e1f00000, 0x00000000e1f00000|100%|HC|  |TAMS 0x00000000e1e00000| PB 0x00000000e1e00000| Complete 
|  31|0x00000000e1f00000, 0x00000000e2000000, 0x00000000e2000000|100%|HC|  |TAMS 0x00000000e1f00000| PB 0x00000000e1f00000| Complete 
|  32|0x00000000e2000000, 0x00000000e2100000, 0x00000000e2100000|100%|HS|  |TAMS 0x00000000e2000000| PB 0x00000000e2000000| Complete 
|  33|0x00000000e2100000, 0x00000000e2200000, 0x00000000e2200000|100%|HC|  |TAMS 0x00000000e2100000| PB 0x00000000e2100000| Complete 
|  34|0x00000000e2200000, 0x00000000e2300000, 0x00000000e2300000|100%|HS|  |TAMS 0x00000000e2200000| PB 0x00000000e2200000| Complete 
|  35|0x00000000e2300000, 0x00000000e2400000, 0x00000000e2400000|100%| O|  |TAMS 0x00000000e2300000| PB 0x00000000e2300000| Untracked 
|  36|0x00000000e2400000, 0x00000000e2500000, 0x00000000e2500000|100%| O|  |TAMS 0x00000000e2400000| PB 0x00000000e2400000| Untracked 
|  37|0x00000000e2500000, 0x00000000e2600000, 0x00000000e2600000|100%| O|  |TAMS 0x00000000e2500000| PB 0x00000000e2500000| Untracked 
|  38|0x00000000e2600000, 0x00000000e2700000, 0x00000000e2700000|100%| O|  |TAMS 0x00000000e2600000| PB 0x00000000e2600000| Untracked 
|  39|0x00000000e2700000, 0x00000000e2800000, 0x00000000e2800000|100%| O|  |TAMS 0x00000000e2700000| PB 0x00000000e2700000| Untracked 
|  40|0x00000000e2800000, 0x00000000e2900000, 0x00000000e2900000|100%| O|  |TAMS 0x00000000e2800000| PB 0x00000000e2800000| Untracked 
|  41|0x00000000e2900000, 0x00000000e2a00000, 0x00000000e2a00000|100%| O|  |TAMS 0x00000000e2900000| PB 0x00000000e2900000| Untracked 
|  42|0x00000000e2a00000, 0x00000000e2b00000, 0x00000000e2b00000|100%| O|  |TAMS 0x00000000e2a00000| PB 0x00000000e2a00000| Untracked 
|  43|0x00000000e2b00000, 0x00000000e2c00000, 0x00000000e2c00000|100%| O|  |TAMS 0x00000000e2b00000| PB 0x00000000e2b00000| Untracked 
|  44|0x00000000e2c00000, 0x00000000e2d00000, 0x00000000e2d00000|100%| O|  |TAMS 0x00000000e2c00000| PB 0x00000000e2c00000| Untracked 
|  45|0x00000000e2d00000, 0x00000000e2e00000, 0x00000000e2e00000|100%| O|  |TAMS 0x00000000e2d00000| PB 0x00000000e2d00000| Untracked 
|  46|0x00000000e2e00000, 0x00000000e2e00000, 0x00000000e2f00000|  0%| F|  |TAMS 0x00000000e2e00000| PB 0x00000000e2e00000| Untracked 
|  47|0x00000000e2f00000, 0x00000000e3000000, 0x00000000e3000000|100%| O|  |TAMS 0x00000000e2f00000| PB 0x00000000e2f00000| Untracked 
|  48|0x00000000e3000000, 0x00000000e3100000, 0x00000000e3100000|100%| O|  |TAMS 0x00000000e3000000| PB 0x00000000e3000000| Untracked 
|  49|0x00000000e3100000, 0x00000000e3200000, 0x00000000e3200000|100%| O|  |TAMS 0x00000000e3100000| PB 0x00000000e3100000| Untracked 
|  50|0x00000000e3200000, 0x00000000e3300000, 0x00000000e3300000|100%| O|  |TAMS 0x00000000e3200000| PB 0x00000000e3200000| Untracked 
|  51|0x00000000e3300000, 0x00000000e3400000, 0x00000000e3400000|100%| O|  |TAMS 0x00000000e3300000| PB 0x00000000e3300000| Untracked 
|  52|0x00000000e3400000, 0x00000000e3500000, 0x00000000e3500000|100%| O|  |TAMS 0x00000000e3400000| PB 0x00000000e3400000| Untracked 
|  53|0x00000000e3500000, 0x00000000e3600000, 0x00000000e3600000|100%| O|  |TAMS 0x00000000e3500000| PB 0x00000000e3500000| Untracked 
|  54|0x00000000e3600000, 0x00000000e3700000, 0x00000000e3700000|100%| O|  |TAMS 0x00000000e3600000| PB 0x00000000e3600000| Untracked 
|  55|0x00000000e3700000, 0x00000000e3800000, 0x00000000e3800000|100%| O|  |TAMS 0x00000000e3700000| PB 0x00000000e3700000| Untracked 
|  56|0x00000000e3800000, 0x00000000e3900000, 0x00000000e3900000|100%| O|  |TAMS 0x00000000e3800000| PB 0x00000000e3800000| Untracked 
|  57|0x00000000e3900000, 0x00000000e3a00000, 0x00000000e3a00000|100%| O|  |TAMS 0x00000000e3900000| PB 0x00000000e3900000| Untracked 
|  58|0x00000000e3a00000, 0x00000000e3b00000, 0x00000000e3b00000|100%| O|  |TAMS 0x00000000e3a00000| PB 0x00000000e3a00000| Untracked 
|  59|0x00000000e3b00000, 0x00000000e3c00000, 0x00000000e3c00000|100%| O|  |TAMS 0x00000000e3b00000| PB 0x00000000e3b00000| Untracked 
|  60|0x00000000e3c00000, 0x00000000e3d00000, 0x00000000e3d00000|100%| O|  |TAMS 0x00000000e3c00000| PB 0x00000000e3c00000| Untracked 
|  61|0x00000000e3d00000, 0x00000000e3e00000, 0x00000000e3e00000|100%| O|  |TAMS 0x00000000e3d00000| PB 0x00000000e3d00000| Untracked 
|  62|0x00000000e3e00000, 0x00000000e3f00000, 0x00000000e3f00000|100%| O|  |TAMS 0x00000000e3e00000| PB 0x00000000e3e00000| Untracked 
|  63|0x00000000e3f00000, 0x00000000e4000000, 0x00000000e4000000|100%| O|  |TAMS 0x00000000e3f00000| PB 0x00000000e3f00000| Untracked 
|  64|0x00000000e4000000, 0x00000000e4100000, 0x00000000e4100000|100%| O|  |TAMS 0x00000000e4000000| PB 0x00000000e4000000| Untracked 
|  65|0x00000000e4100000, 0x00000000e417b7f0, 0x00000000e4200000| 48%| O|  |TAMS 0x00000000e4100000| PB 0x00000000e4100000| Untracked 
|  66|0x00000000e4200000, 0x00000000e4200000, 0x00000000e4300000|  0%| F|  |TAMS 0x00000000e4200000| PB 0x00000000e4200000| Untracked 
|  67|0x00000000e4300000, 0x00000000e4300000, 0x00000000e4400000|  0%| F|  |TAMS 0x00000000e4300000| PB 0x00000000e4300000| Untracked 
|  68|0x00000000e4400000, 0x00000000e4400000, 0x00000000e4500000|  0%| F|  |TAMS 0x00000000e4400000| PB 0x00000000e4400000| Untracked 
|  69|0x00000000e4500000, 0x00000000e4500000, 0x00000000e4600000|  0%| F|  |TAMS 0x00000000e4500000| PB 0x00000000e4500000| Untracked 
|  70|0x00000000e4600000, 0x00000000e4600000, 0x00000000e4700000|  0%| F|  |TAMS 0x00000000e4600000| PB 0x00000000e4600000| Untracked 
|  71|0x00000000e4700000, 0x00000000e4700000, 0x00000000e4800000|  0%| F|  |TAMS 0x00000000e4700000| PB 0x00000000e4700000| Untracked 
|  72|0x00000000e4800000, 0x00000000e4800000, 0x00000000e4900000|  0%| F|  |TAMS 0x00000000e4800000| PB 0x00000000e4800000| Untracked 
|  73|0x00000000e4900000, 0x00000000e4900000, 0x00000000e4a00000|  0%| F|  |TAMS 0x00000000e4900000| PB 0x00000000e4900000| Untracked 
|  74|0x00000000e4a00000, 0x00000000e4a00000, 0x00000000e4b00000|  0%| F|  |TAMS 0x00000000e4a00000| PB 0x00000000e4a00000| Untracked 
|  75|0x00000000e4b00000, 0x00000000e4b00000, 0x00000000e4c00000|  0%| F|  |TAMS 0x00000000e4b00000| PB 0x00000000e4b00000| Untracked 
|  76|0x00000000e4c00000, 0x00000000e4c00000, 0x00000000e4d00000|  0%| F|  |TAMS 0x00000000e4c00000| PB 0x00000000e4c00000| Untracked 
|  77|0x00000000e4d00000, 0x00000000e4d00000, 0x00000000e4e00000|  0%| F|  |TAMS 0x00000000e4d00000| PB 0x00000000e4d00000| Untracked 
|  78|0x00000000e4e00000, 0x00000000e4e00000, 0x00000000e4f00000|  0%| F|  |TAMS 0x00000000e4e00000| PB 0x00000000e4e00000| Untracked 
|  79|0x00000000e4f00000, 0x00000000e4f00000, 0x00000000e5000000|  0%| F|  |TAMS 0x00000000e4f00000| PB 0x00000000e4f00000| Untracked 
|  80|0x00000000e5000000, 0x00000000e5000000, 0x00000000e5100000|  0%| F|  |TAMS 0x00000000e5000000| PB 0x00000000e5000000| Untracked 
|  81|0x00000000e5100000, 0x00000000e5100000, 0x00000000e5200000|  0%| F|  |TAMS 0x00000000e5100000| PB 0x00000000e5100000| Untracked 
|  82|0x00000000e5200000, 0x00000000e5200000, 0x00000000e5300000|  0%| F|  |TAMS 0x00000000e5200000| PB 0x00000000e5200000| Untracked 
|  83|0x00000000e5300000, 0x00000000e5300000, 0x00000000e5400000|  0%| F|  |TAMS 0x00000000e5300000| PB 0x00000000e5300000| Untracked 
|  84|0x00000000e5400000, 0x00000000e5400000, 0x00000000e5500000|  0%| F|  |TAMS 0x00000000e5400000| PB 0x00000000e5400000| Untracked 
|  85|0x00000000e5500000, 0x00000000e5500000, 0x00000000e5600000|  0%| F|  |TAMS 0x00000000e5500000| PB 0x00000000e5500000| Untracked 
|  86|0x00000000e5600000, 0x00000000e5600000, 0x00000000e5700000|  0%| F|  |TAMS 0x00000000e5600000| PB 0x00000000e5600000| Untracked 
|  87|0x00000000e5700000, 0x00000000e5700000, 0x00000000e5800000|  0%| F|  |TAMS 0x00000000e5700000| PB 0x00000000e5700000| Untracked 
|  88|0x00000000e5800000, 0x00000000e5800000, 0x00000000e5900000|  0%| F|  |TAMS 0x00000000e5800000| PB 0x00000000e5800000| Untracked 
|  89|0x00000000e5900000, 0x00000000e5900000, 0x00000000e5a00000|  0%| F|  |TAMS 0x00000000e5900000| PB 0x00000000e5900000| Untracked 
|  90|0x00000000e5a00000, 0x00000000e5a00000, 0x00000000e5b00000|  0%| F|  |TAMS 0x00000000e5a00000| PB 0x00000000e5a00000| Untracked 
|  91|0x00000000e5b00000, 0x00000000e5b00000, 0x00000000e5c00000|  0%| F|  |TAMS 0x00000000e5b00000| PB 0x00000000e5b00000| Untracked 
|  92|0x00000000e5c00000, 0x00000000e5c00000, 0x00000000e5d00000|  0%| F|  |TAMS 0x00000000e5c00000| PB 0x00000000e5c00000| Untracked 
|  93|0x00000000e5d00000, 0x00000000e5d00000, 0x00000000e5e00000|  0%| F|  |TAMS 0x00000000e5d00000| PB 0x00000000e5d00000| Untracked 
|  94|0x00000000e5e00000, 0x00000000e5e00000, 0x00000000e5f00000|  0%| F|  |TAMS 0x00000000e5e00000| PB 0x00000000e5e00000| Untracked 
|  95|0x00000000e5f00000, 0x00000000e5f00000, 0x00000000e6000000|  0%| F|  |TAMS 0x00000000e5f00000| PB 0x00000000e5f00000| Untracked 
|  96|0x00000000e6000000, 0x00000000e6000000, 0x00000000e6100000|  0%| F|  |TAMS 0x00000000e6000000| PB 0x00000000e6000000| Untracked 
|  97|0x00000000e6100000, 0x00000000e6100000, 0x00000000e6200000|  0%| F|  |TAMS 0x00000000e6100000| PB 0x00000000e6100000| Untracked 
|  98|0x00000000e6200000, 0x00000000e6200000, 0x00000000e6300000|  0%| F|  |TAMS 0x00000000e6200000| PB 0x00000000e6200000| Untracked 
|  99|0x00000000e6300000, 0x00000000e6300000, 0x00000000e6400000|  0%| F|  |TAMS 0x00000000e6300000| PB 0x00000000e6300000| Untracked 
| 100|0x00000000e6400000, 0x00000000e6400000, 0x00000000e6500000|  0%| F|  |TAMS 0x00000000e6400000| PB 0x00000000e6400000| Untracked 
| 101|0x00000000e6500000, 0x00000000e6500000, 0x00000000e6600000|  0%| F|  |TAMS 0x00000000e6500000| PB 0x00000000e6500000| Untracked 
| 102|0x00000000e6600000, 0x00000000e6600000, 0x00000000e6700000|  0%| F|  |TAMS 0x00000000e6600000| PB 0x00000000e6600000| Untracked 
| 103|0x00000000e6700000, 0x00000000e6700000, 0x00000000e6800000|  0%| F|  |TAMS 0x00000000e6700000| PB 0x00000000e6700000| Untracked 
| 104|0x00000000e6800000, 0x00000000e6800000, 0x00000000e6900000|  0%| F|  |TAMS 0x00000000e6800000| PB 0x00000000e6800000| Untracked 
| 105|0x00000000e6900000, 0x00000000e6900000, 0x00000000e6a00000|  0%| F|  |TAMS 0x00000000e6900000| PB 0x00000000e6900000| Untracked 
| 106|0x00000000e6a00000, 0x00000000e6a00000, 0x00000000e6b00000|  0%| F|  |TAMS 0x00000000e6a00000| PB 0x00000000e6a00000| Untracked 
| 107|0x00000000e6b00000, 0x00000000e6b00000, 0x00000000e6c00000|  0%| F|  |TAMS 0x00000000e6b00000| PB 0x00000000e6b00000| Untracked 
| 108|0x00000000e6c00000, 0x00000000e6c00000, 0x00000000e6d00000|  0%| F|  |TAMS 0x00000000e6c00000| PB 0x00000000e6c00000| Untracked 
| 109|0x00000000e6d00000, 0x00000000e6d00000, 0x00000000e6e00000|  0%| F|  |TAMS 0x00000000e6d00000| PB 0x00000000e6d00000| Untracked 
| 110|0x00000000e6e00000, 0x00000000e6e00000, 0x00000000e6f00000|  0%| F|  |TAMS 0x00000000e6e00000| PB 0x00000000e6e00000| Untracked 
| 111|0x00000000e6f00000, 0x00000000e6f00000, 0x00000000e7000000|  0%| F|  |TAMS 0x00000000e6f00000| PB 0x00000000e6f00000| Untracked 
| 112|0x00000000e7000000, 0x00000000e7000000, 0x00000000e7100000|  0%| F|  |TAMS 0x00000000e7000000| PB 0x00000000e7000000| Untracked 
| 113|0x00000000e7100000, 0x00000000e7100000, 0x00000000e7200000|  0%| F|  |TAMS 0x00000000e7100000| PB 0x00000000e7100000| Untracked 
| 114|0x00000000e7200000, 0x00000000e7200000, 0x00000000e7300000|  0%| F|  |TAMS 0x00000000e7200000| PB 0x00000000e7200000| Untracked 
| 115|0x00000000e7300000, 0x00000000e7300000, 0x00000000e7400000|  0%| F|  |TAMS 0x00000000e7300000| PB 0x00000000e7300000| Untracked 
| 116|0x00000000e7400000, 0x00000000e7400000, 0x00000000e7500000|  0%| F|  |TAMS 0x00000000e7400000| PB 0x00000000e7400000| Untracked 
| 117|0x00000000e7500000, 0x00000000e7500000, 0x00000000e7600000|  0%| F|  |TAMS 0x00000000e7500000| PB 0x00000000e7500000| Untracked 
| 118|0x00000000e7600000, 0x00000000e7600000, 0x00000000e7700000|  0%| F|  |TAMS 0x00000000e7600000| PB 0x00000000e7600000| Untracked 
| 119|0x00000000e7700000, 0x00000000e7700000, 0x00000000e7800000|  0%| F|  |TAMS 0x00000000e7700000| PB 0x00000000e7700000| Untracked 
| 120|0x00000000e7800000, 0x00000000e7800000, 0x00000000e7900000|  0%| F|  |TAMS 0x00000000e7800000| PB 0x00000000e7800000| Untracked 
| 121|0x00000000e7900000, 0x00000000e7900000, 0x00000000e7a00000|  0%| F|  |TAMS 0x00000000e7900000| PB 0x00000000e7900000| Untracked 
| 122|0x00000000e7a00000, 0x00000000e7a00000, 0x00000000e7b00000|  0%| F|  |TAMS 0x00000000e7a00000| PB 0x00000000e7a00000| Untracked 
| 123|0x00000000e7b00000, 0x00000000e7b00000, 0x00000000e7c00000|  0%| F|  |TAMS 0x00000000e7b00000| PB 0x00000000e7b00000| Untracked 
| 124|0x00000000e7c00000, 0x00000000e7c00000, 0x00000000e7d00000|  0%| F|  |TAMS 0x00000000e7c00000| PB 0x00000000e7c00000| Untracked 
| 125|0x00000000e7d00000, 0x00000000e7d00000, 0x00000000e7e00000|  0%| F|  |TAMS 0x00000000e7d00000| PB 0x00000000e7d00000| Untracked 
| 126|0x00000000e7e00000, 0x00000000e7e00000, 0x00000000e7f00000|  0%| F|  |TAMS 0x00000000e7e00000| PB 0x00000000e7e00000| Untracked 
| 127|0x00000000e7f00000, 0x00000000e7f00000, 0x00000000e8000000|  0%| F|  |TAMS 0x00000000e7f00000| PB 0x00000000e7f00000| Untracked 
| 128|0x00000000e8000000, 0x00000000e8000000, 0x00000000e8100000|  0%| F|  |TAMS 0x00000000e8000000| PB 0x00000000e8000000| Untracked 
| 129|0x00000000e8100000, 0x00000000e8100000, 0x00000000e8200000|  0%| F|  |TAMS 0x00000000e8100000| PB 0x00000000e8100000| Untracked 
| 130|0x00000000e8200000, 0x00000000e8200000, 0x00000000e8300000|  0%| F|  |TAMS 0x00000000e8200000| PB 0x00000000e8200000| Untracked 
| 131|0x00000000e8300000, 0x00000000e8300000, 0x00000000e8400000|  0%| F|  |TAMS 0x00000000e8300000| PB 0x00000000e8300000| Untracked 
| 132|0x00000000e8400000, 0x00000000e8400000, 0x00000000e8500000|  0%| F|  |TAMS 0x00000000e8400000| PB 0x00000000e8400000| Untracked 
| 133|0x00000000e8500000, 0x00000000e8500000, 0x00000000e8600000|  0%| F|  |TAMS 0x00000000e8500000| PB 0x00000000e8500000| Untracked 
| 134|0x00000000e8600000, 0x00000000e8600000, 0x00000000e8700000|  0%| F|  |TAMS 0x00000000e8600000| PB 0x00000000e8600000| Untracked 
| 135|0x00000000e8700000, 0x00000000e8700000, 0x00000000e8800000|  0%| F|  |TAMS 0x00000000e8700000| PB 0x00000000e8700000| Untracked 
| 136|0x00000000e8800000, 0x00000000e8800000, 0x00000000e8900000|  0%| F|  |TAMS 0x00000000e8800000| PB 0x00000000e8800000| Untracked 
| 137|0x00000000e8900000, 0x00000000e8900000, 0x00000000e8a00000|  0%| F|  |TAMS 0x00000000e8900000| PB 0x00000000e8900000| Untracked 
| 138|0x00000000e8a00000, 0x00000000e8a00000, 0x00000000e8b00000|  0%| F|  |TAMS 0x00000000e8a00000| PB 0x00000000e8a00000| Untracked 
| 139|0x00000000e8b00000, 0x00000000e8b00000, 0x00000000e8c00000|  0%| F|  |TAMS 0x00000000e8b00000| PB 0x00000000e8b00000| Untracked 
| 140|0x00000000e8c00000, 0x00000000e8c00000, 0x00000000e8d00000|  0%| F|  |TAMS 0x00000000e8c00000| PB 0x00000000e8c00000| Untracked 
| 141|0x00000000e8d00000, 0x00000000e8d00000, 0x00000000e8e00000|  0%| F|  |TAMS 0x00000000e8d00000| PB 0x00000000e8d00000| Untracked 
| 142|0x00000000e8e00000, 0x00000000e8e00000, 0x00000000e8f00000|  0%| F|  |TAMS 0x00000000e8e00000| PB 0x00000000e8e00000| Untracked 
| 143|0x00000000e8f00000, 0x00000000e8f00000, 0x00000000e9000000|  0%| F|  |TAMS 0x00000000e8f00000| PB 0x00000000e8f00000| Untracked 
| 144|0x00000000e9000000, 0x00000000e9000000, 0x00000000e9100000|  0%| F|  |TAMS 0x00000000e9000000| PB 0x00000000e9000000| Untracked 
| 145|0x00000000e9100000, 0x00000000e9100000, 0x00000000e9200000|  0%| F|  |TAMS 0x00000000e9100000| PB 0x00000000e9100000| Untracked 
| 146|0x00000000e9200000, 0x00000000e9200000, 0x00000000e9300000|  0%| F|  |TAMS 0x00000000e9200000| PB 0x00000000e9200000| Untracked 
| 147|0x00000000e9300000, 0x00000000e9300000, 0x00000000e9400000|  0%| F|  |TAMS 0x00000000e9300000| PB 0x00000000e9300000| Untracked 
| 148|0x00000000e9400000, 0x00000000e9400000, 0x00000000e9500000|  0%| F|  |TAMS 0x00000000e9400000| PB 0x00000000e9400000| Untracked 
| 149|0x00000000e9500000, 0x00000000e9500000, 0x00000000e9600000|  0%| F|  |TAMS 0x00000000e9500000| PB 0x00000000e9500000| Untracked 
| 150|0x00000000e9600000, 0x00000000e9600000, 0x00000000e9700000|  0%| F|  |TAMS 0x00000000e9600000| PB 0x00000000e9600000| Untracked 
| 151|0x00000000e9700000, 0x00000000e9700000, 0x00000000e9800000|  0%| F|  |TAMS 0x00000000e9700000| PB 0x00000000e9700000| Untracked 
| 152|0x00000000e9800000, 0x00000000e9800000, 0x00000000e9900000|  0%| F|  |TAMS 0x00000000e9800000| PB 0x00000000e9800000| Untracked 
| 153|0x00000000e9900000, 0x00000000e9900000, 0x00000000e9a00000|  0%| F|  |TAMS 0x00000000e9900000| PB 0x00000000e9900000| Untracked 
| 154|0x00000000e9a00000, 0x00000000e9a00000, 0x00000000e9b00000|  0%| F|  |TAMS 0x00000000e9a00000| PB 0x00000000e9a00000| Untracked 
| 155|0x00000000e9b00000, 0x00000000e9b00000, 0x00000000e9c00000|  0%| F|  |TAMS 0x00000000e9b00000| PB 0x00000000e9b00000| Untracked 
| 156|0x00000000e9c00000, 0x00000000e9c00000, 0x00000000e9d00000|  0%| F|  |TAMS 0x00000000e9c00000| PB 0x00000000e9c00000| Untracked 
| 157|0x00000000e9d00000, 0x00000000e9d00000, 0x00000000e9e00000|  0%| F|  |TAMS 0x00000000e9d00000| PB 0x00000000e9d00000| Untracked 
| 158|0x00000000e9e00000, 0x00000000e9e00000, 0x00000000e9f00000|  0%| F|  |TAMS 0x00000000e9e00000| PB 0x00000000e9e00000| Untracked 
| 159|0x00000000e9f00000, 0x00000000e9f00000, 0x00000000ea000000|  0%| F|  |TAMS 0x00000000e9f00000| PB 0x00000000e9f00000| Untracked 
| 160|0x00000000ea000000, 0x00000000ea000000, 0x00000000ea100000|  0%| F|  |TAMS 0x00000000ea000000| PB 0x00000000ea000000| Untracked 
| 161|0x00000000ea100000, 0x00000000ea100000, 0x00000000ea200000|  0%| F|  |TAMS 0x00000000ea100000| PB 0x00000000ea100000| Untracked 
| 162|0x00000000ea200000, 0x00000000ea200000, 0x00000000ea300000|  0%| F|  |TAMS 0x00000000ea200000| PB 0x00000000ea200000| Untracked 
| 163|0x00000000ea300000, 0x00000000ea300000, 0x00000000ea400000|  0%| F|  |TAMS 0x00000000ea300000| PB 0x00000000ea300000| Untracked 
| 164|0x00000000ea400000, 0x00000000ea400000, 0x00000000ea500000|  0%| F|  |TAMS 0x00000000ea400000| PB 0x00000000ea400000| Untracked 
| 165|0x00000000ea500000, 0x00000000ea500000, 0x00000000ea600000|  0%| F|  |TAMS 0x00000000ea500000| PB 0x00000000ea500000| Untracked 
| 166|0x00000000ea600000, 0x00000000ea600000, 0x00000000ea700000|  0%| F|  |TAMS 0x00000000ea600000| PB 0x00000000ea600000| Untracked 
| 167|0x00000000ea700000, 0x00000000ea700000, 0x00000000ea800000|  0%| F|  |TAMS 0x00000000ea700000| PB 0x00000000ea700000| Untracked 
| 168|0x00000000ea800000, 0x00000000ea800000, 0x00000000ea900000|  0%| F|  |TAMS 0x00000000ea800000| PB 0x00000000ea800000| Untracked 
| 169|0x00000000ea900000, 0x00000000ea900000, 0x00000000eaa00000|  0%| F|  |TAMS 0x00000000ea900000| PB 0x00000000ea900000| Untracked 
| 170|0x00000000eaa00000, 0x00000000eaa00000, 0x00000000eab00000|  0%| F|  |TAMS 0x00000000eaa00000| PB 0x00000000eaa00000| Untracked 
| 171|0x00000000eab00000, 0x00000000eab00000, 0x00000000eac00000|  0%| F|  |TAMS 0x00000000eab00000| PB 0x00000000eab00000| Untracked 
| 172|0x00000000eac00000, 0x00000000eac863e8, 0x00000000ead00000| 52%| E|  |TAMS 0x00000000eac00000| PB 0x00000000eac00000| Complete 
| 173|0x00000000ead00000, 0x00000000eae00000, 0x00000000eae00000|100%| E|CS|TAMS 0x00000000ead00000| PB 0x00000000ead00000| Complete 
| 174|0x00000000eae00000, 0x00000000eaf00000, 0x00000000eaf00000|100%| E|CS|TAMS 0x00000000eae00000| PB 0x00000000eae00000| Complete 
| 175|0x00000000eaf00000, 0x00000000eb000000, 0x00000000eb000000|100%| E|CS|TAMS 0x00000000eaf00000| PB 0x00000000eaf00000| Complete 
| 176|0x00000000eb000000, 0x00000000eb100000, 0x00000000eb100000|100%| E|CS|TAMS 0x00000000eb000000| PB 0x00000000eb000000| Complete 
| 177|0x00000000eb100000, 0x00000000eb200000, 0x00000000eb200000|100%| E|CS|TAMS 0x00000000eb100000| PB 0x00000000eb100000| Complete 
| 178|0x00000000eb200000, 0x00000000eb300000, 0x00000000eb300000|100%| E|CS|TAMS 0x00000000eb200000| PB 0x00000000eb200000| Complete 
| 179|0x00000000eb300000, 0x00000000eb400000, 0x00000000eb400000|100%| E|CS|TAMS 0x00000000eb300000| PB 0x00000000eb300000| Complete 
| 180|0x00000000eb400000, 0x00000000eb500000, 0x00000000eb500000|100%| E|CS|TAMS 0x00000000eb400000| PB 0x00000000eb400000| Complete 
| 181|0x00000000eb500000, 0x00000000eb600000, 0x00000000eb600000|100%| E|CS|TAMS 0x00000000eb500000| PB 0x00000000eb500000| Complete 
| 182|0x00000000eb600000, 0x00000000eb700000, 0x00000000eb700000|100%| E|CS|TAMS 0x00000000eb600000| PB 0x00000000eb600000| Complete 
| 183|0x00000000eb700000, 0x00000000eb800000, 0x00000000eb800000|100%| E|CS|TAMS 0x00000000eb700000| PB 0x00000000eb700000| Complete 
| 184|0x00000000eb800000, 0x00000000eb900000, 0x00000000eb900000|100%| E|CS|TAMS 0x00000000eb800000| PB 0x00000000eb800000| Complete 
| 185|0x00000000eb900000, 0x00000000eba00000, 0x00000000eba00000|100%| E|CS|TAMS 0x00000000eb900000| PB 0x00000000eb900000| Complete 
| 186|0x00000000eba00000, 0x00000000ebb00000, 0x00000000ebb00000|100%| E|CS|TAMS 0x00000000eba00000| PB 0x00000000eba00000| Complete 
| 187|0x00000000ebb00000, 0x00000000ebc00000, 0x00000000ebc00000|100%| E|CS|TAMS 0x00000000ebb00000| PB 0x00000000ebb00000| Complete 
| 188|0x00000000ebc00000, 0x00000000ebd00000, 0x00000000ebd00000|100%| E|CS|TAMS 0x00000000ebc00000| PB 0x00000000ebc00000| Complete 
| 189|0x00000000ebd00000, 0x00000000ebe00000, 0x00000000ebe00000|100%| E|CS|TAMS 0x00000000ebd00000| PB 0x00000000ebd00000| Complete 
| 190|0x00000000ebe00000, 0x00000000ebf00000, 0x00000000ebf00000|100%| E|CS|TAMS 0x00000000ebe00000| PB 0x00000000ebe00000| Complete 
| 191|0x00000000ebf00000, 0x00000000ec000000, 0x00000000ec000000|100%| E|CS|TAMS 0x00000000ebf00000| PB 0x00000000ebf00000| Complete 
| 192|0x00000000ec000000, 0x00000000ec100000, 0x00000000ec100000|100%| E|CS|TAMS 0x00000000ec000000| PB 0x00000000ec000000| Complete 
| 193|0x00000000ec100000, 0x00000000ec200000, 0x00000000ec200000|100%| E|CS|TAMS 0x00000000ec100000| PB 0x00000000ec100000| Complete 
| 194|0x00000000ec200000, 0x00000000ec300000, 0x00000000ec300000|100%| E|CS|TAMS 0x00000000ec200000| PB 0x00000000ec200000| Complete 
| 195|0x00000000ec300000, 0x00000000ec400000, 0x00000000ec400000|100%| E|CS|TAMS 0x00000000ec300000| PB 0x00000000ec300000| Complete 
| 196|0x00000000ec400000, 0x00000000ec500000, 0x00000000ec500000|100%| E|CS|TAMS 0x00000000ec400000| PB 0x00000000ec400000| Complete 
| 197|0x00000000ec500000, 0x00000000ec600000, 0x00000000ec600000|100%| E|CS|TAMS 0x00000000ec500000| PB 0x00000000ec500000| Complete 
| 198|0x00000000ec600000, 0x00000000ec700000, 0x00000000ec700000|100%| E|CS|TAMS 0x00000000ec600000| PB 0x00000000ec600000| Complete 
| 199|0x00000000ec700000, 0x00000000ec7a4c40, 0x00000000ec800000| 64%| S|CS|TAMS 0x00000000ec700000| PB 0x00000000ec700000| Complete 
| 200|0x00000000ec800000, 0x00000000ec900000, 0x00000000ec900000|100%| S|CS|TAMS 0x00000000ec800000| PB 0x00000000ec800000| Complete 
| 201|0x00000000ec900000, 0x00000000eca00000, 0x00000000eca00000|100%| E|CS|TAMS 0x00000000ec900000| PB 0x00000000ec900000| Complete 
| 202|0x00000000eca00000, 0x00000000ecb00000, 0x00000000ecb00000|100%| E|CS|TAMS 0x00000000eca00000| PB 0x00000000eca00000| Complete 
| 203|0x00000000ecb00000, 0x00000000ecc00000, 0x00000000ecc00000|100%| E|CS|TAMS 0x00000000ecb00000| PB 0x00000000ecb00000| Complete 
| 204|0x00000000ecc00000, 0x00000000ecd00000, 0x00000000ecd00000|100%| E|CS|TAMS 0x00000000ecc00000| PB 0x00000000ecc00000| Complete 
| 205|0x00000000ecd00000, 0x00000000ece00000, 0x00000000ece00000|100%| E|CS|TAMS 0x00000000ecd00000| PB 0x00000000ecd00000| Complete 
| 206|0x00000000ece00000, 0x00000000ecf00000, 0x00000000ecf00000|100%| E|CS|TAMS 0x00000000ece00000| PB 0x00000000ece00000| Complete 
| 207|0x00000000ecf00000, 0x00000000ed000000, 0x00000000ed000000|100%| E|CS|TAMS 0x00000000ecf00000| PB 0x00000000ecf00000| Complete 
| 208|0x00000000ed000000, 0x00000000ed100000, 0x00000000ed100000|100%| E|CS|TAMS 0x00000000ed000000| PB 0x00000000ed000000| Complete 
| 209|0x00000000ed100000, 0x00000000ed200000, 0x00000000ed200000|100%| E|CS|TAMS 0x00000000ed100000| PB 0x00000000ed100000| Complete 
| 210|0x00000000ed200000, 0x00000000ed300000, 0x00000000ed300000|100%| E|CS|TAMS 0x00000000ed200000| PB 0x00000000ed200000| Complete 
| 211|0x00000000ed300000, 0x00000000ed400000, 0x00000000ed400000|100%| E|CS|TAMS 0x00000000ed300000| PB 0x00000000ed300000| Complete 
| 212|0x00000000ed400000, 0x00000000ed500000, 0x00000000ed500000|100%| E|CS|TAMS 0x00000000ed400000| PB 0x00000000ed400000| Complete 
| 213|0x00000000ed500000, 0x00000000ed600000, 0x00000000ed600000|100%| E|CS|TAMS 0x00000000ed500000| PB 0x00000000ed500000| Complete 
| 214|0x00000000ed600000, 0x00000000ed700000, 0x00000000ed700000|100%| E|CS|TAMS 0x00000000ed600000| PB 0x00000000ed600000| Complete 
| 215|0x00000000ed700000, 0x00000000ed800000, 0x00000000ed800000|100%| E|CS|TAMS 0x00000000ed700000| PB 0x00000000ed700000| Complete 
| 216|0x00000000ed800000, 0x00000000ed900000, 0x00000000ed900000|100%| E|CS|TAMS 0x00000000ed800000| PB 0x00000000ed800000| Complete 
| 217|0x00000000ed900000, 0x00000000eda00000, 0x00000000eda00000|100%| E|CS|TAMS 0x00000000ed900000| PB 0x00000000ed900000| Complete 
| 218|0x00000000eda00000, 0x00000000edb00000, 0x00000000edb00000|100%| E|CS|TAMS 0x00000000eda00000| PB 0x00000000eda00000| Complete 
| 219|0x00000000edb00000, 0x00000000edc00000, 0x00000000edc00000|100%| E|CS|TAMS 0x00000000edb00000| PB 0x00000000edb00000| Complete 
| 220|0x00000000edc00000, 0x00000000edd00000, 0x00000000edd00000|100%| E|CS|TAMS 0x00000000edc00000| PB 0x00000000edc00000| Complete 
| 221|0x00000000edd00000, 0x00000000ede00000, 0x00000000ede00000|100%| E|CS|TAMS 0x00000000edd00000| PB 0x00000000edd00000| Complete 
| 222|0x00000000ede00000, 0x00000000edf00000, 0x00000000edf00000|100%| E|CS|TAMS 0x00000000ede00000| PB 0x00000000ede00000| Complete 
| 223|0x00000000edf00000, 0x00000000ee000000, 0x00000000ee000000|100%| E|CS|TAMS 0x00000000edf00000| PB 0x00000000edf00000| Complete 
| 224|0x00000000ee000000, 0x00000000ee100000, 0x00000000ee100000|100%| E|CS|TAMS 0x00000000ee000000| PB 0x00000000ee000000| Complete 
| 225|0x00000000ee100000, 0x00000000ee200000, 0x00000000ee200000|100%| E|CS|TAMS 0x00000000ee100000| PB 0x00000000ee100000| Complete 
| 226|0x00000000ee200000, 0x00000000ee300000, 0x00000000ee300000|100%| E|CS|TAMS 0x00000000ee200000| PB 0x00000000ee200000| Complete 
| 227|0x00000000ee300000, 0x00000000ee400000, 0x00000000ee400000|100%| E|CS|TAMS 0x00000000ee300000| PB 0x00000000ee300000| Complete 
| 228|0x00000000ee400000, 0x00000000ee500000, 0x00000000ee500000|100%| E|CS|TAMS 0x00000000ee400000| PB 0x00000000ee400000| Complete 
| 229|0x00000000ee500000, 0x00000000ee600000, 0x00000000ee600000|100%| E|CS|TAMS 0x00000000ee500000| PB 0x00000000ee500000| Complete 
| 230|0x00000000ee600000, 0x00000000ee700000, 0x00000000ee700000|100%| E|CS|TAMS 0x00000000ee600000| PB 0x00000000ee600000| Complete 
| 231|0x00000000ee700000, 0x00000000ee800000, 0x00000000ee800000|100%| E|CS|TAMS 0x00000000ee700000| PB 0x00000000ee700000| Complete 
| 232|0x00000000ee800000, 0x00000000ee900000, 0x00000000ee900000|100%| E|CS|TAMS 0x00000000ee800000| PB 0x00000000ee800000| Complete 
| 233|0x00000000ee900000, 0x00000000eea00000, 0x00000000eea00000|100%| E|CS|TAMS 0x00000000ee900000| PB 0x00000000ee900000| Complete 
| 234|0x00000000eea00000, 0x00000000eeb00000, 0x00000000eeb00000|100%| E|CS|TAMS 0x00000000eea00000| PB 0x00000000eea00000| Complete 
| 235|0x00000000eeb00000, 0x00000000eec00000, 0x00000000eec00000|100%| E|CS|TAMS 0x00000000eeb00000| PB 0x00000000eeb00000| Complete 
| 236|0x00000000eec00000, 0x00000000eed00000, 0x00000000eed00000|100%| E|CS|TAMS 0x00000000eec00000| PB 0x00000000eec00000| Complete 
| 237|0x00000000eed00000, 0x00000000eee00000, 0x00000000eee00000|100%| E|CS|TAMS 0x00000000eed00000| PB 0x00000000eed00000| Complete 
| 238|0x00000000eee00000, 0x00000000eef00000, 0x00000000eef00000|100%| E|CS|TAMS 0x00000000eee00000| PB 0x00000000eee00000| Complete 
| 239|0x00000000eef00000, 0x00000000ef000000, 0x00000000ef000000|100%| E|CS|TAMS 0x00000000eef00000| PB 0x00000000eef00000| Complete 
| 240|0x00000000ef000000, 0x00000000ef100000, 0x00000000ef100000|100%| E|CS|TAMS 0x00000000ef000000| PB 0x00000000ef000000| Complete 
| 241|0x00000000ef100000, 0x00000000ef200000, 0x00000000ef200000|100%| E|CS|TAMS 0x00000000ef100000| PB 0x00000000ef100000| Complete 
| 242|0x00000000ef200000, 0x00000000ef300000, 0x00000000ef300000|100%| E|  |TAMS 0x00000000ef200000| PB 0x00000000ef200000| Complete 
| 243|0x00000000ef300000, 0x00000000ef400000, 0x00000000ef400000|100%| E|CS|TAMS 0x00000000ef300000| PB 0x00000000ef300000| Complete 
| 244|0x00000000ef400000, 0x00000000ef500000, 0x00000000ef500000|100%| E|CS|TAMS 0x00000000ef400000| PB 0x00000000ef400000| Complete 
| 245|0x00000000ef500000, 0x00000000ef600000, 0x00000000ef600000|100%| E|CS|TAMS 0x00000000ef500000| PB 0x00000000ef500000| Complete 
| 246|0x00000000ef600000, 0x00000000ef700000, 0x00000000ef700000|100%| E|CS|TAMS 0x00000000ef600000| PB 0x00000000ef600000| Complete 
| 247|0x00000000ef700000, 0x00000000ef800000, 0x00000000ef800000|100%| E|CS|TAMS 0x00000000ef700000| PB 0x00000000ef700000| Complete 
| 248|0x00000000ef800000, 0x00000000ef900000, 0x00000000ef900000|100%| E|CS|TAMS 0x00000000ef800000| PB 0x00000000ef800000| Complete 
| 249|0x00000000ef900000, 0x00000000efa00000, 0x00000000efa00000|100%| E|CS|TAMS 0x00000000ef900000| PB 0x00000000ef900000| Complete 
| 250|0x00000000efa00000, 0x00000000efb00000, 0x00000000efb00000|100%| E|CS|TAMS 0x00000000efa00000| PB 0x00000000efa00000| Complete 
| 251|0x00000000efb00000, 0x00000000efc00000, 0x00000000efc00000|100%| E|CS|TAMS 0x00000000efb00000| PB 0x00000000efb00000| Complete 
| 252|0x00000000efc00000, 0x00000000efd00000, 0x00000000efd00000|100%| E|CS|TAMS 0x00000000efc00000| PB 0x00000000efc00000| Complete 
| 253|0x00000000efd00000, 0x00000000efe00000, 0x00000000efe00000|100%| E|CS|TAMS 0x00000000efd00000| PB 0x00000000efd00000| Complete 
| 254|0x00000000efe00000, 0x00000000eff00000, 0x00000000eff00000|100%| E|CS|TAMS 0x00000000efe00000| PB 0x00000000efe00000| Complete 
| 255|0x00000000eff00000, 0x00000000f0000000, 0x00000000f0000000|100%| E|CS|TAMS 0x00000000eff00000| PB 0x00000000eff00000| Complete 

Card table byte_map: [0x000001877d9a0000,0x000001877daa0000] _byte_map_base: 0x000001877d2a0000

Marking Bits: (CMBitMap*) 0x0000018766516eb0
 Bits: [0x000001877daa0000, 0x000001877e2a0000)

Polling page: 0x0000018765cc0000

Metaspace:

Usage:
  Non-class:     39.45 MB used.
      Class:      6.37 MB used.
       Both:     45.82 MB used.

Virtual space:
  Non-class space:       64.00 MB reserved,      40.12 MB ( 63%) committed,  1 nodes.
      Class space:      320.00 MB reserved,       7.06 MB (  2%) committed,  1 nodes.
             Both:      384.00 MB reserved,      47.19 MB ( 12%) committed. 

Chunk freelists:
   Non-Class:  7.42 MB
       Class:  8.75 MB
        Both:  16.17 MB

MaxMetaspaceSize: 384.00 MB
CompressedClassSpaceSize: 320.00 MB
Initial GC threshold: 21.00 MB
Current GC threshold: 59.81 MB
CDS: on
 - commit_granule_bytes: 65536.
 - commit_granule_words: 8192.
 - virtual_space_node_default_size: 8388608.
 - enlarge_chunks_in_place: 1.
 - use_allocation_guard: 0.


Internal statistics:

num_allocs_failed_limit: 12.
num_arena_births: 2426.
num_arena_deaths: 0.
num_vsnodes_births: 2.
num_vsnodes_deaths: 0.
num_space_committed: 755.
num_space_uncommitted: 0.
num_chunks_returned_to_freelist: 12.
num_chunks_taken_from_freelist: 4442.
num_chunk_merges: 12.
num_chunk_splits: 2946.
num_chunks_enlarged: 1868.
num_inconsistent_stats: 0.

CodeHeap 'non-profiled nmethods': size=120000Kb used=3129Kb max_used=3129Kb free=116870Kb
 bounds [0x0000018776470000, 0x0000018776780000, 0x000001877d9a0000]
CodeHeap 'profiled nmethods': size=120000Kb used=11198Kb max_used=11198Kb free=108801Kb
 bounds [0x000001876e9a0000, 0x000001876f490000, 0x0000018775ed0000]
CodeHeap 'non-nmethods': size=5760Kb used=2720Kb max_used=2746Kb free=3039Kb
 bounds [0x0000018775ed0000, 0x0000018776190000, 0x0000018776470000]
 total_blobs=6497 nmethods=5643 adapters=758
 compilation: enabled
              stopped_count=0, restarted_count=0
 full_count=0

Compilation events (20 events):
Event: 107.342 Thread 0x000001877e8d1450 6034       3       java.util.stream.ReduceOps$9::evaluateSequential (7 bytes)
Event: 107.342 Thread 0x000001877e8d1450 nmethod 6034 0x000001876f468510 code [0x000001876f4686c0, 0x000001876f468800]
Event: 107.342 Thread 0x000001877e8d1450 6038       3       org.apache.groovy.parser.antlr4.util.PositionConfigureUtils::endPosition (94 bytes)
Event: 107.345 Thread 0x000001877e8d1450 nmethod 6038 0x000001876f468890 code [0x000001876f468cc0, 0x000001876f46abb0]
Event: 107.345 Thread 0x000001877e8d1450 6040       3       java.lang.StringLatin1$CharsSpliterator::<init> (10 bytes)
Event: 107.346 Thread 0x000001877e8d1450 nmethod 6040 0x000001876f46b710 code [0x000001876f46b8c0, 0x000001876f46ba08]
Event: 107.346 Thread 0x000001877e8d1450 6036       3       java.util.stream.ReduceOps$9::evaluateSequential (29 bytes)
Event: 107.346 Thread 0x000001877e8d1450 nmethod 6036 0x000001876f46bb10 code [0x000001876f46bd60, 0x000001876f46c690]
Event: 107.346 Thread 0x000001877e8d1450 6037       3       java.util.stream.ReduceOps$CountingSink$OfInt::get (5 bytes)
Event: 107.346 Thread 0x000001877e8d1450 nmethod 6037 0x000001876f46c910 code [0x000001876f46cac0, 0x000001876f46cc58]
Event: 107.346 Thread 0x000001877e8d1450 6039       3       org.apache.groovy.parser.antlr4.util.PositionConfigureUtils::configureAST (39 bytes)
Event: 107.347 Thread 0x000001877e8d1450 nmethod 6039 0x000001876f46cd10 code [0x000001876f46cf40, 0x000001876f46d840]
Event: 107.347 Thread 0x000001877e8d1450 6041       1       org.codehaus.groovy.ast.VariableScope::getParent (5 bytes)
Event: 107.347 Thread 0x000001877e8d1450 nmethod 6041 0x0000018776776c10 code [0x0000018776776da0, 0x0000018776776e68]
Event: 107.347 Thread 0x000001877e8d1450 6042       1       org.codehaus.groovy.ast.VariableScope::getClassScope (5 bytes)
Event: 107.347 Thread 0x000001877e8d1450 nmethod 6042 0x0000018776776f10 code [0x00000187767770a0, 0x0000018776777168]
Event: 107.348 Thread 0x000001877e8d1450 6043       1       org.codehaus.groovy.ast.DynamicVariable::getName (5 bytes)
Event: 107.348 Thread 0x000001877e8d1450 nmethod 6043 0x0000018776777210 code [0x00000187767773a0, 0x0000018776777468]
Event: 107.348 Thread 0x000001877e8d1450 6044       1       org.codehaus.groovy.control.ProcessingUnit::getClassLoader (5 bytes)
Event: 107.348 Thread 0x000001877e8d1450 nmethod 6044 0x0000018776777510 code [0x00000187767776a0, 0x0000018776777768]

GC Heap History (20 events):
Event: 2.710 GC heap before
{Heap before GC invocations=0 (full 0):
 garbage-first heap   total 262144K, used 12288K [0x00000000e0000000, 0x0000000100000000)
  region size 1024K, 13 young (13312K), 0 survivors (0K)
 Metaspace       used 1000K, committed 1152K, reserved 393216K
  class space    used 80K, committed 128K, reserved 327680K
}
Event: 2.730 GC heap after
{Heap after GC invocations=1 (full 0):
 garbage-first heap   total 262144K, used 2985K [0x00000000e0000000, 0x0000000100000000)
  region size 1024K, 2 young (2048K), 2 survivors (2048K)
 Metaspace       used 1000K, committed 1152K, reserved 393216K
  class space    used 80K, committed 128K, reserved 327680K
}
Event: 7.836 GC heap before
{Heap before GC invocations=1 (full 0):
 garbage-first heap   total 262144K, used 23465K [0x00000000e0000000, 0x0000000100000000)
  region size 1024K, 18 young (18432K), 2 survivors (2048K)
 Metaspace       used 4104K, committed 4288K, reserved 393216K
  class space    used 498K, committed 576K, reserved 327680K
}
Event: 7.840 GC heap after
{Heap after GC invocations=2 (full 0):
 garbage-first heap   total 262144K, used 10905K [0x00000000e0000000, 0x0000000100000000)
  region size 1024K, 3 young (3072K), 3 survivors (3072K)
 Metaspace       used 4104K, committed 4288K, reserved 393216K
  class space    used 498K, committed 576K, reserved 327680K
}
Event: 8.509 GC heap before
{Heap before GC invocations=2 (full 0):
 garbage-first heap   total 262144K, used 32409K [0x00000000e0000000, 0x0000000100000000)
  region size 1024K, 24 young (24576K), 3 survivors (3072K)
 Metaspace       used 4181K, committed 4352K, reserved 393216K
  class space    used 501K, committed 576K, reserved 327680K
}
Event: 8.512 GC heap after
{Heap after GC invocations=3 (full 0):
 garbage-first heap   total 262144K, used 11724K [0x00000000e0000000, 0x0000000100000000)
  region size 1024K, 1 young (1024K), 1 survivors (1024K)
 Metaspace       used 4181K, committed 4352K, reserved 393216K
  class space    used 501K, committed 576K, reserved 327680K
}
Event: 42.337 GC heap before
{Heap before GC invocations=3 (full 0):
 garbage-first heap   total 262144K, used 117196K [0x00000000e0000000, 0x0000000100000000)
  region size 1024K, 105 young (107520K), 1 survivors (1024K)
 Metaspace       used 20833K, committed 21504K, reserved 393216K
  class space    used 2990K, committed 3328K, reserved 327680K
}
Event: 42.357 GC heap after
{Heap after GC invocations=4 (full 0):
 garbage-first heap   total 262144K, used 23357K [0x00000000e0000000, 0x0000000100000000)
  region size 1024K, 12 young (12288K), 12 survivors (12288K)
 Metaspace       used 20833K, committed 21504K, reserved 393216K
  class space    used 2990K, committed 3328K, reserved 327680K
}
Event: 76.123 GC heap before
{Heap before GC invocations=5 (full 0):
 garbage-first heap   total 262144K, used 143165K [0x00000000e0000000, 0x0000000100000000)
  region size 1024K, 106 young (108544K), 12 survivors (12288K)
 Metaspace       used 34739K, committed 35968K, reserved 393216K
  class space    used 4994K, committed 5632K, reserved 327680K
}
Event: 76.149 GC heap after
{Heap after GC invocations=6 (full 0):
 garbage-first heap   total 262144K, used 57706K [0x00000000e0000000, 0x0000000100000000)
  region size 1024K, 10 young (10240K), 10 survivors (10240K)
 Metaspace       used 34739K, committed 35968K, reserved 393216K
  class space    used 4994K, committed 5632K, reserved 327680K
}
Event: 76.330 GC heap before
{Heap before GC invocations=6 (full 0):
 garbage-first heap   total 262144K, used 58730K [0x00000000e0000000, 0x0000000100000000)
  region size 1024K, 13 young (13312K), 10 survivors (10240K)
 Metaspace       used 34995K, committed 36288K, reserved 393216K
  class space    used 5038K, committed 5696K, reserved 327680K
}
Event: 76.343 GC heap after
{Heap after GC invocations=7 (full 0):
 garbage-first heap   total 262144K, used 58998K [0x00000000e0000000, 0x0000000100000000)
  region size 1024K, 2 young (2048K), 2 survivors (2048K)
 Metaspace       used 34995K, committed 36288K, reserved 393216K
  class space    used 5038K, committed 5696K, reserved 327680K
}
Event: 76.680 GC heap before
{Heap before GC invocations=7 (full 0):
 garbage-first heap   total 262144K, used 58998K [0x00000000e0000000, 0x0000000100000000)
  region size 1024K, 3 young (3072K), 2 survivors (2048K)
 Metaspace       used 35395K, committed 36608K, reserved 393216K
  class space    used 5055K, committed 5696K, reserved 327680K
}
Event: 76.682 GC heap after
{Heap after GC invocations=8 (full 0):
 garbage-first heap   total 262144K, used 57652K [0x00000000e0000000, 0x0000000100000000)
  region size 1024K, 1 young (1024K), 1 survivors (1024K)
 Metaspace       used 35395K, committed 36608K, reserved 393216K
  class space    used 5055K, committed 5696K, reserved 327680K
}
Event: 87.485 GC heap before
{Heap before GC invocations=9 (full 0):
 garbage-first heap   total 262144K, used 217396K [0x00000000e0000000, 0x0000000100000000)
  region size 1024K, 153 young (156672K), 1 survivors (1024K)
 Metaspace       used 43761K, committed 45120K, reserved 393216K
  class space    used 6185K, committed 6848K, reserved 327680K
}
Event: 88.188 GC heap after
{Heap after GC invocations=10 (full 0):
 garbage-first heap   total 262144K, used 66212K [0x00000000e0000000, 0x0000000100000000)
  region size 1024K, 9 young (9216K), 9 survivors (9216K)
 Metaspace       used 43761K, committed 45120K, reserved 393216K
  class space    used 6185K, committed 6848K, reserved 327680K
}
Event: 88.257 GC heap before
{Heap before GC invocations=10 (full 0):
 garbage-first heap   total 262144K, used 69284K [0x00000000e0000000, 0x0000000100000000)
  region size 1024K, 12 young (12288K), 9 survivors (9216K)
 Metaspace       used 43761K, committed 45120K, reserved 393216K
  class space    used 6185K, committed 6848K, reserved 327680K
}
Event: 88.276 GC heap after
{Heap after GC invocations=11 (full 0):
 garbage-first heap   total 262144K, used 66932K [0x00000000e0000000, 0x0000000100000000)
  region size 1024K, 1 young (1024K), 1 survivors (1024K)
 Metaspace       used 43761K, committed 45120K, reserved 393216K
  class space    used 6185K, committed 6848K, reserved 327680K
}
Event: 89.318 GC heap before
{Heap before GC invocations=11 (full 0):
 garbage-first heap   total 262144K, used 122228K [0x00000000e0000000, 0x0000000100000000)
  region size 1024K, 55 young (56320K), 1 survivors (1024K)
 Metaspace       used 44226K, committed 45696K, reserved 393216K
  class space    used 6250K, committed 6976K, reserved 327680K
}
Event: 89.323 GC heap after
{Heap after GC invocations=12 (full 0):
 garbage-first heap   total 262144K, used 67713K [0x00000000e0000000, 0x0000000100000000)
  region size 1024K, 2 young (2048K), 2 survivors (2048K)
 Metaspace       used 44226K, committed 45696K, reserved 393216K
  class space    used 6250K, committed 6976K, reserved 327680K
}

Dll operation events (15 events):
Event: 1.038 Loaded shared library C:\Program Files\Java\jdk-21.0.10\bin\java.dll
Event: 1.147 Loaded shared library C:\Program Files\Java\jdk-21.0.10\bin\jsvml.dll
Event: 1.347 Loaded shared library C:\Program Files\Java\jdk-21.0.10\bin\zip.dll
Event: 1.473 Loaded shared library C:\Program Files\Java\jdk-21.0.10\bin\instrument.dll
Event: 1.482 Loaded shared library C:\Program Files\Java\jdk-21.0.10\bin\net.dll
Event: 1.503 Loaded shared library C:\Program Files\Java\jdk-21.0.10\bin\nio.dll
Event: 1.512 Loaded shared library C:\Program Files\Java\jdk-21.0.10\bin\zip.dll
Event: 2.390 Loaded shared library C:\Program Files\Java\jdk-21.0.10\bin\jimage.dll
Event: 2.769 Loaded shared library C:\Program Files\Java\jdk-21.0.10\bin\verify.dll
Event: 3.660 Loaded shared library C:\Users\Sarobidy\.gradle\native\c067742578af261105cb4f569cf0c3c89f3d7b1fecec35dd04571415982c5e48\windows-amd64\native-platform.dll
Event: 5.111 Loaded shared library C:\Users\Sarobidy\.gradle\native\38dada09dfb8b06ba9b0570ebf7e218e3eb74d4ef43ca46872605cf95ebc2f47\windows-amd64\native-platform-file-events.dll
Event: 10.998 Loaded shared library C:\Program Files\Java\jdk-21.0.10\bin\management.dll
Event: 11.163 Loaded shared library C:\Program Files\Java\jdk-21.0.10\bin\management_ext.dll
Event: 15.340 Loaded shared library C:\Program Files\Java\jdk-21.0.10\bin\extnet.dll
Event: 18.541 Loaded shared library C:\Program Files\Java\jdk-21.0.10\bin\sunmscapi.dll

Deoptimization events (20 events):
Event: 92.763 Thread 0x000001877eed2820 Uncommon trap: trap_request=0xffffffde fr.pc=0x00000187764808b8 relative=0x0000000000000198
Event: 92.763 Thread 0x000001877eed2820 Uncommon trap: reason=class_check action=maybe_recompile pc=0x00000187764808b8 method=java.lang.String.equals(Ljava/lang/Object;)Z @ 8 c2
Event: 92.763 Thread 0x000001877eed2820 DEOPT PACKING pc=0x00000187764808b8 sp=0x00000085e8df6ba0
Event: 92.763 Thread 0x000001877eed2820 DEOPT UNPACKING pc=0x0000018775f246a2 sp=0x00000085e8df6b28 mode 2
Event: 92.763 Thread 0x000001877eed2820 Uncommon trap: trap_request=0xffffffde fr.pc=0x00000187764808b8 relative=0x0000000000000198
Event: 92.763 Thread 0x000001877eed2820 Uncommon trap: reason=class_check action=maybe_recompile pc=0x00000187764808b8 method=java.lang.String.equals(Ljava/lang/Object;)Z @ 8 c2
Event: 92.763 Thread 0x000001877eed2820 DEOPT PACKING pc=0x00000187764808b8 sp=0x00000085e8df6ba0
Event: 92.763 Thread 0x000001877eed2820 DEOPT UNPACKING pc=0x0000018775f246a2 sp=0x00000085e8df6b28 mode 2
Event: 101.469 Thread 0x000001877eed2820 Uncommon trap: trap_request=0xffffffde fr.pc=0x00000187765f4894 relative=0x00000000000002b4
Event: 101.469 Thread 0x000001877eed2820 Uncommon trap: reason=class_check action=maybe_recompile pc=0x00000187765f4894 method=java.util.Collections$SetFromMap.remove(Ljava/lang/Object;)Z @ 5 c2
Event: 101.469 Thread 0x000001877eed2820 DEOPT PACKING pc=0x00000187765f4894 sp=0x00000085e8df8ca0
Event: 101.469 Thread 0x000001877eed2820 DEOPT UNPACKING pc=0x0000018775f246a2 sp=0x00000085e8df8c88 mode 2
Event: 104.853 Thread 0x000001871b0a0410 Uncommon trap: trap_request=0xffffff45 fr.pc=0x000001877669ec30 relative=0x0000000000000190
Event: 104.853 Thread 0x000001871b0a0410 Uncommon trap: reason=unstable_if action=reinterpret pc=0x000001877669ec30 method=java.util.zip.CRC32.updateBytesCheck([BII)V @ 1 c2
Event: 104.853 Thread 0x000001871b0a0410 DEOPT PACKING pc=0x000001877669ec30 sp=0x00000085e99fe510
Event: 104.854 Thread 0x000001871b0a0410 DEOPT UNPACKING pc=0x0000018775f246a2 sp=0x00000085e99fe400 mode 2
Event: 105.194 Thread 0x000001877eed2820 Uncommon trap: trap_request=0xffffffde fr.pc=0x00000187765f4894 relative=0x00000000000002b4
Event: 105.194 Thread 0x000001877eed2820 Uncommon trap: reason=class_check action=maybe_recompile pc=0x00000187765f4894 method=java.util.Collections$SetFromMap.remove(Ljava/lang/Object;)Z @ 5 c2
Event: 105.194 Thread 0x000001877eed2820 DEOPT PACKING pc=0x00000187765f4894 sp=0x00000085e8df8860
Event: 105.195 Thread 0x000001877eed2820 DEOPT UNPACKING pc=0x0000018775f246a2 sp=0x00000085e8df8848 mode 2

Classes loaded (20 events):
Event: 102.119 Loading class sun/nio/fs/WindowsException
Event: 102.228 Loading class sun/nio/fs/WindowsException done
Event: 102.555 Loading class java/nio/charset/UnsupportedCharsetException
Event: 102.603 Loading class java/nio/charset/UnsupportedCharsetException done
Event: 102.850 Loading class java/util/zip/Deflater
Event: 102.963 Loading class java/util/zip/Deflater done
Event: 103.104 Loading class java/util/zip/Deflater$DeflaterZStreamRef
Event: 103.112 Loading class java/util/zip/Deflater$DeflaterZStreamRef done
Event: 103.289 Loading class java/nio/channels/Channels
Event: 103.344 Loading class java/nio/channels/Channels done
Event: 103.344 Loading class sun/nio/ch/Streams
Event: 103.366 Loading class sun/nio/ch/Streams done
Event: 103.366 Loading class sun/nio/ch/ChannelInputStream
Event: 103.379 Loading class sun/nio/ch/ChannelInputStream done
Event: 104.671 Loading class java/nio/StringCharBuffer
Event: 104.711 Loading class java/nio/StringCharBuffer done
Event: 104.921 Loading class java/nio/file/StandardCopyOption
Event: 105.079 Loading class java/nio/file/StandardCopyOption done
Event: 105.079 Loading class sun/nio/fs/WindowsFileCopy
Event: 105.145 Loading class sun/nio/fs/WindowsFileCopy done

Classes unloaded (0 events):
No events

Classes redefined (0 events):
No events

Internal exceptions (20 events):
Event: 82.086 Thread 0x000001877eed2820 Exception <a 'java/lang/ClassNotFoundException'{0x00000000ed1211b8}: ijIdeaPluginConfigurator1_4ykjpqhxn26f1peh262ieiwga$_run_closure1Customizer> (0x00000000ed1211b8) 
thrown [s\open\src\hotspot\share\classfile\systemDictionary.cpp, line 312]
Event: 82.560 Thread 0x000001877eed2820 Exception <a 'java/lang/NoSuchMethodError'{0x00000000ecd01668}: 'java.lang.Object java.lang.invoke.DirectMethodHandle$Holder.newInvokeSpecial(java.lang.Object, java.lang.Object, java.lang.Object, java.lang.Object, java.lang.Object, java.lang.Object, java.lang.Object, java.lang.Object, java.lang.Object)'> (0x00000000ecd01668) 
thrown [s\open\src\hotspot\share\interpreter\linkResolver.cpp, line 773]
Event: 82.565 Thread 0x000001877eed2820 Exception <a 'java/lang/NoSuchMethodError'{0x00000000ecd3f2c0}: 'java.lang.Object java.lang.invoke.DirectMethodHandle$Holder.newInvokeSpecial(java.lang.Object, int, java.lang.Object)'> (0x00000000ecd3f2c0) 
thrown [s\open\src\hotspot\share\interpreter\linkResolver.cpp, line 773]
Event: 83.677 Thread 0x000001877eed2820 Exception <a 'java/lang/NoSuchMethodError'{0x00000000ec337308}: 'int java.lang.invoke.DirectMethodHandle$Holder.invokeStaticInit(java.lang.Object)'> (0x00000000ec337308) 
thrown [s\open\src\hotspot\share\interpreter\linkResolver.cpp, line 773]
Event: 84.187 Thread 0x000001877eed2820 Exception <a 'java/lang/ClassNotFoundException'{0x00000000ec2f86e0}: ijIdeaPluginConfigurator1_4ykjpqhxn26f1peh262ieiwgaBeanInfo> (0x00000000ec2f86e0) 
thrown [s\open\src\hotspot\share\classfile\systemDictionary.cpp, line 312]
Event: 84.188 Thread 0x000001877eed2820 Exception <a 'java/lang/ClassNotFoundException'{0x00000000ec2fec60}: ijIdeaPluginConfigurator1_4ykjpqhxn26f1peh262ieiwgaCustomizer> (0x00000000ec2fec60) 
thrown [s\open\src\hotspot\share\classfile\systemDictionary.cpp, line 312]
Event: 84.380 Thread 0x000001877eed2820 Exception <a 'java/lang/ClassNotFoundException'{0x00000000ec167070}: sun/misc/SharedSecrets> (0x00000000ec167070) 
thrown [s\open\src\hotspot\share\classfile\systemDictionary.cpp, line 312]
Event: 84.381 Thread 0x000001877eed2820 Exception <a 'java/lang/ClassNotFoundException'{0x00000000ec16abc8}: com/intellij/gradle/toolingExtension/impl/initScript/util/GradleLifecycleUtilBeanInfo> (0x00000000ec16abc8) 
thrown [s\open\src\hotspot\share\classfile\systemDictionary.cpp, line 312]
Event: 84.382 Thread 0x000001877eed2820 Exception <a 'java/lang/ClassNotFoundException'{0x00000000ec173910}: com/intellij/gradle/toolingExtension/impl/initScript/util/GradleLifecycleUtilCustomizer> (0x00000000ec173910) 
thrown [s\open\src\hotspot\share\classfile\systemDictionary.cpp, line 312]
Event: 84.870 Thread 0x000001877eed2820 Exception <a 'java/lang/NoSuchMethodError'{0x00000000ebf34848}: 'void java.lang.invoke.DirectMethodHandle$Holder.invokeVirtual(java.lang.Object, java.lang.Object)'> (0x00000000ebf34848) 
thrown [s\open\src\hotspot\share\interpreter\linkResolver.cpp, line 773]
Event: 84.936 Thread 0x000001877eed2820 Exception <a 'java/lang/NoSuchMethodError'{0x00000000ebf78460}: 'void java.lang.invoke.DirectMethodHandle$Holder.invokeStatic(java.lang.Object, java.lang.Object, java.lang.Object, java.lang.Object, java.lang.Object, java.lang.Object)'> (0x00000000ebf78460) 
thrown [s\open\src\hotspot\share\interpreter\linkResolver.cpp, line 773]
Event: 84.943 Thread 0x000001877eed2820 Exception <a 'java/lang/NoSuchMethodError'{0x00000000ebfa2db0}: 'void java.lang.invoke.Invokers$Holder.invokeExact_MT(java.lang.Object, java.lang.Object, java.lang.Object, java.lang.Object)'> (0x00000000ebfa2db0) 
thrown [s\open\src\hotspot\share\interpreter\linkResolver.cpp, line 773]
Event: 89.140 Thread 0x000001877eed2820 Exception <a 'java/lang/NoSuchMethodError'{0x00000000ec9ae928}: 'void java.lang.invoke.DirectMethodHandle$Holder.invokeSpecialIFC(java.lang.Object, java.lang.Object, java.lang.Object)'> (0x00000000ec9ae928) 
thrown [s\open\src\hotspot\share\interpreter\linkResolver.cpp, line 773]
Event: 102.228 Thread 0x000001871b0a0410 Exception <a 'sun/nio/fs/WindowsException'{0x00000000ef354c00}> (0x00000000ef354c00) 
thrown [s\open\src\hotspot\share\prims\jni.cpp, line 520]
Event: 105.146 Thread 0x000001871b0a0410 Exception <a 'sun/nio/fs/WindowsException'{0x00000000ef1ff668}> (0x00000000ef1ff668) 
thrown [s\open\src\hotspot\share\prims\jni.cpp, line 520]
Event: 105.147 Thread 0x000001871b0a0410 Exception <a 'sun/nio/fs/WindowsException'{0x00000000ef1ff880}> (0x00000000ef1ff880) 
thrown [s\open\src\hotspot\share\prims\jni.cpp, line 520]
Event: 105.168 Thread 0x000001877eed2820 Exception <a 'java/lang/ClassNotFoundException'{0x00000000ef0386d8}: ijInit8_dgs737ywgr25z35bw28e5xyl6BeanInfo> (0x00000000ef0386d8) 
thrown [s\open\src\hotspot\share\classfile\systemDictionary.cpp, line 312]
Event: 105.170 Thread 0x000001877eed2820 Exception <a 'java/lang/ClassNotFoundException'{0x00000000ef03ebe8}: ijInit8_dgs737ywgr25z35bw28e5xyl6Customizer> (0x00000000ef03ebe8) 
thrown [s\open\src\hotspot\share\classfile\systemDictionary.cpp, line 312]
Event: 105.181 Thread 0x000001877eed2820 Exception <a 'java/lang/ClassNotFoundException'{0x00000000ef080c88}: ijInit8_dgs737ywgr25z35bw28e5xyl6$_run_closure1BeanInfo> (0x00000000ef080c88) 
thrown [s\open\src\hotspot\share\classfile\systemDictionary.cpp, line 312]
Event: 105.182 Thread 0x000001877eed2820 Exception <a 'java/lang/ClassNotFoundException'{0x00000000ef088000}: ijInit8_dgs737ywgr25z35bw28e5xyl6$_run_closure1Customizer> (0x00000000ef088000) 
thrown [s\open\src\hotspot\share\classfile\systemDictionary.cpp, line 312]

ZGC Phase Switch (0 events):
No events

VM Operations (20 events):
Event: 91.919 Executing VM operation: HandshakeAllThreads (Deoptimize)
Event: 91.920 Executing VM operation: HandshakeAllThreads (Deoptimize) done
Event: 92.335 Executing VM operation: HandshakeAllThreads (Deoptimize)
Event: 92.335 Executing VM operation: HandshakeAllThreads (Deoptimize) done
Event: 93.347 Executing VM operation: Cleanup
Event: 93.347 Executing VM operation: Cleanup done
Event: 94.358 Executing VM operation: Cleanup
Event: 94.358 Executing VM operation: Cleanup done
Event: 102.439 Executing VM operation: Cleanup
Event: 102.439 Executing VM operation: Cleanup done
Event: 104.395 Executing VM operation: HandshakeAllThreads (Deoptimize)
Event: 104.396 Executing VM operation: HandshakeAllThreads (Deoptimize) done
Event: 104.396 Executing VM operation: Cleanup
Event: 104.396 Executing VM operation: Cleanup done
Event: 104.712 Executing VM operation: HandshakeAllThreads (Deoptimize)
Event: 104.712 Executing VM operation: HandshakeAllThreads (Deoptimize) done
Event: 105.726 Executing VM operation: Cleanup
Event: 105.726 Executing VM operation: Cleanup done
Event: 106.726 Executing VM operation: Cleanup
Event: 106.850 Executing VM operation: Cleanup done

Events (20 events):
Event: 76.854 Thread 0x000001877e89b610 flushing nmethod 0x000001876ec95510
Event: 76.854 Thread 0x000001877e89b610 flushing nmethod 0x000001876ec99290
Event: 76.854 Thread 0x000001877e89b610 flushing nmethod 0x000001876eccb910
Event: 76.854 Thread 0x000001877e89b610 flushing nmethod 0x000001876eccbd10
Event: 76.854 Thread 0x000001877e89b610 flushing nmethod 0x000001876ecccd90
Event: 76.854 Thread 0x000001877e89b610 flushing nmethod 0x000001876eccd290
Event: 76.854 Thread 0x000001877e89b610 flushing nmethod 0x000001876eccf490
Event: 76.854 Thread 0x000001877e89b610 flushing nmethod 0x000001876ecd0f90
Event: 76.854 Thread 0x000001877e89b610 flushing nmethod 0x000001876ecddc90
Event: 76.854 Thread 0x000001877e89b610 flushing nmethod 0x000001876ece0b10
Event: 76.854 Thread 0x000001877e89b610 flushing nmethod 0x000001876ece1e90
Event: 76.854 Thread 0x000001877e89b610 flushing nmethod 0x000001876ed16110
Event: 76.854 Thread 0x000001877e89b610 flushing nmethod 0x000001876ed16e90
Event: 76.854 Thread 0x000001877e89b610 flushing nmethod 0x000001876ed62b10
Event: 76.854 Thread 0x000001877e89b610 flushing nmethod 0x000001876ede9110
Event: 76.854 Thread 0x000001877e89b610 flushing nmethod 0x000001876ee2b410
Event: 76.854 Thread 0x000001877e89b610 flushing nmethod 0x000001876ee5bf90
Event: 76.854 Thread 0x000001877e89b610 flushing nmethod 0x000001876ef72c10
Event: 76.854 Thread 0x000001877e89b610 flushing nmethod 0x000001876ef75590
Event: 76.854 Thread 0x000001877e89b610 flushing nmethod 0x000001876ef77b90


Dynamic libraries:
0x00007ff7a4180000 - 0x00007ff7a4190000 	C:\Program Files\Java\jdk-21.0.10\bin\java.exe
0x00007ffa69a50000 - 0x00007ffa69c48000 	C:\WINDOWS\SYSTEM32\ntdll.dll
0x00007ffa67e60000 - 0x00007ffa67f22000 	C:\WINDOWS\System32\KERNEL32.DLL
0x00007ffa67290000 - 0x00007ffa67587000 	C:\WINDOWS\System32\KERNELBASE.dll
0x00007ffa67660000 - 0x00007ffa67760000 	C:\WINDOWS\System32\ucrtbase.dll
0x00007ffa5d1f0000 - 0x00007ffa5d209000 	C:\Program Files\Java\jdk-21.0.10\bin\jli.dll
0x00007ffa5d090000 - 0x00007ffa5d0ae000 	C:\Program Files\Java\jdk-21.0.10\bin\VCRUNTIME140.dll
0x00007ffa69830000 - 0x00007ffa698e1000 	C:\WINDOWS\System32\ADVAPI32.dll
0x00007ffa67c10000 - 0x00007ffa67cae000 	C:\WINDOWS\System32\msvcrt.dll
0x00007ffa68eb0000 - 0x00007ffa68f4f000 	C:\WINDOWS\System32\sechost.dll
0x00007ffa698f0000 - 0x00007ffa69a10000 	C:\WINDOWS\System32\RPCRT4.dll
0x00007ffa67590000 - 0x00007ffa675b7000 	C:\WINDOWS\System32\bcrypt.dll
0x00007ffa67a60000 - 0x00007ffa67c01000 	C:\WINDOWS\System32\USER32.dll
0x00007ffa670d0000 - 0x00007ffa670f2000 	C:\WINDOWS\System32\win32u.dll
0x00007ffa68a70000 - 0x00007ffa68a9b000 	C:\WINDOWS\System32\GDI32.dll
0x00007ffa678c0000 - 0x00007ffa679d9000 	C:\WINDOWS\System32\gdi32full.dll
0x00007ffa675c0000 - 0x00007ffa6765d000 	C:\WINDOWS\System32\msvcp_win.dll
0x00007ffa57430000 - 0x00007ffa576cb000 	C:\WINDOWS\WinSxS\amd64_microsoft.windows.common-controls_6595b64144ccf1df_6.0.19041.6456_none_60b8a6cb71f64256\COMCTL32.dll
0x00007ffa58aa0000 - 0x00007ffa58aaa000 	C:\WINDOWS\SYSTEM32\VERSION.dll
0x00007ffa684d0000 - 0x00007ffa684ff000 	C:\WINDOWS\System32\IMM32.DLL
0x00007ffa620d0000 - 0x00007ffa620dc000 	C:\Program Files\Java\jdk-21.0.10\bin\vcruntime140_1.dll
0x00007ffa4d4c0000 - 0x00007ffa4d54d000 	C:\Program Files\Java\jdk-21.0.10\bin\msvcp140.dll
0x00007ffa2a660000 - 0x00007ffa2b387000 	C:\Program Files\Java\jdk-21.0.10\bin\server\jvm.dll
0x00007ffa68fd0000 - 0x00007ffa6903b000 	C:\WINDOWS\System32\WS2_32.dll
0x00007ffa66620000 - 0x00007ffa6666b000 	C:\WINDOWS\SYSTEM32\POWRPROF.dll
0x00007ffa4cc60000 - 0x00007ffa4cc87000 	C:\WINDOWS\SYSTEM32\WINMM.dll
0x00007ffa66490000 - 0x00007ffa664a2000 	C:\WINDOWS\SYSTEM32\UMPDC.dll
0x00007ffa64f00000 - 0x00007ffa64f12000 	C:\WINDOWS\SYSTEM32\kernel.appcore.dll
0x00007ffa5d060000 - 0x00007ffa5d06a000 	C:\Program Files\Java\jdk-21.0.10\bin\jimage.dll
0x00007ffa57700000 - 0x00007ffa57901000 	C:\WINDOWS\SYSTEM32\DBGHELP.DLL
0x00007ffa4d040000 - 0x00007ffa4d074000 	C:\WINDOWS\SYSTEM32\dbgcore.DLL
0x00007ffa67200000 - 0x00007ffa67282000 	C:\WINDOWS\System32\bcryptPrimitives.dll
0x00007ffa5d050000 - 0x00007ffa5d060000 	C:\Program Files\Java\jdk-21.0.10\bin\instrument.dll
0x00007ffa550d0000 - 0x00007ffa550f1000 	C:\Program Files\Java\jdk-21.0.10\bin\java.dll
0x00007ffa69040000 - 0x00007ffa697b1000 	C:\WINDOWS\System32\SHELL32.dll
0x00007ffa65100000 - 0x00007ffa658a6000 	C:\WINDOWS\SYSTEM32\windows.storage.dll
0x00007ffa68040000 - 0x00007ffa68393000 	C:\WINDOWS\System32\combase.dll
0x00007ffa66a20000 - 0x00007ffa66a4b000 	C:\WINDOWS\SYSTEM32\Wldp.dll
0x00007ffa68de0000 - 0x00007ffa68ead000 	C:\WINDOWS\System32\OLEAUT32.dll
0x00007ffa67f30000 - 0x00007ffa67fdd000 	C:\WINDOWS\System32\SHCORE.dll
0x00007ffa68f50000 - 0x00007ffa68fab000 	C:\WINDOWS\System32\shlwapi.dll
0x00007ffa67000000 - 0x00007ffa67024000 	C:\WINDOWS\SYSTEM32\profapi.dll
0x00007ffa4c230000 - 0x00007ffa4c307000 	C:\Program Files\Java\jdk-21.0.10\bin\jsvml.dll
0x00007ffa545d0000 - 0x00007ffa545e8000 	C:\Program Files\Java\jdk-21.0.10\bin\zip.dll
0x00007ffa54560000 - 0x00007ffa54571000 	C:\Program Files\Java\jdk-21.0.10\bin\net.dll
0x00007ffa5e220000 - 0x00007ffa5e32a000 	C:\WINDOWS\SYSTEM32\WINHTTP.dll
0x00007ffa66800000 - 0x00007ffa6686a000 	C:\WINDOWS\system32\mswsock.dll
0x00007ffa4f420000 - 0x00007ffa4f436000 	C:\Program Files\Java\jdk-21.0.10\bin\nio.dll
0x00007ffa5d040000 - 0x00007ffa5d050000 	C:\Program Files\Java\jdk-21.0.10\bin\verify.dll
0x00007ff9fa360000 - 0x00007ff9fa387000 	C:\Users\Sarobidy\.gradle\native\c067742578af261105cb4f569cf0c3c89f3d7b1fecec35dd04571415982c5e48\windows-amd64\native-platform.dll
0x00007ffa4c0e0000 - 0x00007ffa4c224000 	C:\Users\Sarobidy\.gradle\native\38dada09dfb8b06ba9b0570ebf7e218e3eb74d4ef43ca46872605cf95ebc2f47\windows-amd64\native-platform-file-events.dll
0x00007ffa5b830000 - 0x00007ffa5b83a000 	C:\Program Files\Java\jdk-21.0.10\bin\management.dll
0x00007ffa5b5c0000 - 0x00007ffa5b5cc000 	C:\Program Files\Java\jdk-21.0.10\bin\management_ext.dll
0x00007ffa683a0000 - 0x00007ffa683a8000 	C:\WINDOWS\System32\PSAPI.DLL
0x00007ffa66be0000 - 0x00007ffa66bf8000 	C:\WINDOWS\SYSTEM32\CRYPTSP.dll
0x00007ffa660d0000 - 0x00007ffa66108000 	C:\WINDOWS\system32\rsaenh.dll
0x00007ffa66fc0000 - 0x00007ffa66fee000 	C:\WINDOWS\SYSTEM32\USERENV.dll
0x00007ffa66990000 - 0x00007ffa6699c000 	C:\WINDOWS\SYSTEM32\CRYPTBASE.dll
0x00007ffa664b0000 - 0x00007ffa664eb000 	C:\WINDOWS\SYSTEM32\IPHLPAPI.DLL
0x00007ffa697c0000 - 0x00007ffa697c8000 	C:\WINDOWS\System32\NSI.dll
0x00007ffa54180000 - 0x00007ffa54189000 	C:\Program Files\Java\jdk-21.0.10\bin\extnet.dll
0x00007ffa4e8e0000 - 0x00007ffa4e8ee000 	C:\Program Files\Java\jdk-21.0.10\bin\sunmscapi.dll
0x00007ffa67760000 - 0x00007ffa678bd000 	C:\WINDOWS\System32\CRYPT32.dll
0x00007ffa66a90000 - 0x00007ffa66ab7000 	C:\WINDOWS\SYSTEM32\ncrypt.dll
0x00007ffa66a50000 - 0x00007ffa66a8b000 	C:\WINDOWS\SYSTEM32\NTASN1.dll
0x00007ffa4d1c0000 - 0x00007ffa4d1c7000 	C:\WINDOWS\system32\wshunix.dll

dbghelp: loaded successfully - version: 4.0.5 - missing functions: none
symbol engine: initialized successfully - sym options: 0x614 - pdb path: .;C:\Program Files\Java\jdk-21.0.10\bin;C:\WINDOWS\SYSTEM32;C:\WINDOWS\WinSxS\amd64_microsoft.windows.common-controls_6595b64144ccf1df_6.0.19041.6456_none_60b8a6cb71f64256;C:\Program Files\Java\jdk-21.0.10\bin\server;C:\Users\Sarobidy\.gradle\native\c067742578af261105cb4f569cf0c3c89f3d7b1fecec35dd04571415982c5e48\windows-amd64;C:\Users\Sarobidy\.gradle\native\38dada09dfb8b06ba9b0570ebf7e218e3eb74d4ef43ca46872605cf95ebc2f47\windows-amd64

VM Arguments:
jvm_args: --add-opens=java.base/java.util=ALL-UNNAMED --add-opens=java.base/java.lang=ALL-UNNAMED --add-opens=java.base/java.lang.invoke=ALL-UNNAMED --add-opens=java.prefs/java.util.prefs=ALL-UNNAMED --add-opens=java.base/java.nio.charset=ALL-UNNAMED --add-opens=java.base/java.net=ALL-UNNAMED --add-opens=java.base/java.util.concurrent.atomic=ALL-UNNAMED -XX:MaxMetaspaceSize=384m -XX:+HeapDumpOnOutOfMemoryError -Xms256m -Xmx512m -Dfile.encoding=UTF-8 -Duser.country=FR -Duser.language=fr -Duser.variant -javaagent:C:\Users\Sarobidy\.gradle\wrapper\dists\gradle-8.5-bin\5t9huq95ubn472n8rpzujfbqh\gradle-8.5\lib\agents\gradle-instrumentation-agent-8.5.jar 
java_command: org.gradle.launcher.daemon.bootstrap.GradleDaemon 8.5
java_class_path (initial): C:\Users\Sarobidy\.gradle\wrapper\dists\gradle-8.5-bin\5t9huq95ubn472n8rpzujfbqh\gradle-8.5\lib\gradle-launcher-8.5.jar
Launcher Type: SUN_STANDARD

[Global flags]
     intx CICompilerCount                          = 3                                         {product} {ergonomic}
   size_t CompressedClassSpaceSize                 = 335544320                                 {product} {ergonomic}
     uint ConcGCThreads                            = 1                                         {product} {ergonomic}
     uint G1ConcRefinementThreads                  = 4                                         {product} {ergonomic}
   size_t G1HeapRegionSize                         = 1048576                                   {product} {ergonomic}
    uintx GCDrainStackTargetSize                   = 64                                        {product} {ergonomic}
     bool HeapDumpOnOutOfMemoryError               = true                                   {manageable} {command line}
   size_t InitialHeapSize                          = 268435456                                 {product} {command line}
   size_t MarkStackSize                            = 4194304                                   {product} {ergonomic}
   size_t MaxHeapSize                              = 536870912                                 {product} {command line}
   size_t MaxMetaspaceSize                         = 402653184                                 {product} {command line}
   size_t MaxNewSize                               = 321912832                                 {product} {ergonomic}
   size_t MinHeapDeltaBytes                        = 1048576                                   {product} {ergonomic}
   size_t MinHeapSize                              = 268435456                                 {product} {command line}
    uintx NonNMethodCodeHeapSize                   = 5832780                                {pd product} {ergonomic}
    uintx NonProfiledCodeHeapSize                  = 122912730                              {pd product} {ergonomic}
    uintx ProfiledCodeHeapSize                     = 122912730                              {pd product} {ergonomic}
    uintx ReservedCodeCacheSize                    = 251658240                              {pd product} {ergonomic}
     bool SegmentedCodeCache                       = true                                      {product} {ergonomic}
   size_t SoftMaxHeapSize                          = 536870912                              {manageable} {ergonomic}
     bool UseCompressedOops                        = true                           {product lp64_product} {ergonomic}
     bool UseG1GC                                  = true                                      {product} {ergonomic}
     bool UseLargePagesIndividualAllocation        = false                                  {pd product} {ergonomic}

Logging:
Log output configuration:
 #0: stdout all=warning uptime,level,tags foldmultilines=false
 #1: stderr all=off uptime,level,tags foldmultilines=false

Environment Variables:
JAVA_HOME=C:\Program Files\Java\jdk-21.0.10
PATH=C:\Program Files (x86)\VMware\VMware Workstation\bin\;C:\WINDOWS\system32;C:\WINDOWS;C:\WINDOWS\System32\Wbem;C:\WINDOWS\System32\WindowsPowerShell\v1.0\;C:\WINDOWS\System32\OpenSSH\;C:\Program Files\Git\cmd;C:\php;C:\ProgramData\ComposerSetup\bin;C:\Program Files\Java\jdk-21.0.10\bin;C:\Program Files\Apache\Maven\apache-maven-3.9.13-bin\apache-maven-3.9.13\bin;C:\Program Files\PostgreSQL\17\bin;C:\Program Files\KeePassXC\;C:\Users\Sarobidy\AppData\Local\nvm;C:\nvm4w\nodejs;C:\Program Files\nodejs\;C:\Program Files\Apache\Maven\apache-maven-3.9.13-bin\apache-maven-3.9.13\bin;C:\Users\Sarobidy\AppData\Local\Programs\Microsoft VS Code\bin;C:\Users\Sarobidy\AppData\Local\Python\bin;C:\Users\Sarobidy\AppData\Local\nvm;C:\nvm4w\nodejs;C:\Users\Sarobidy\AppData\Roaming\npm
USERNAME=Sarobidy
OS=Windows_NT
PROCESSOR_IDENTIFIER=Intel64 Family 6 Model 58 Stepping 9, GenuineIntel
TMP=C:\Users\Sarobidy\AppData\Local\Temp
TEMP=C:\Users\Sarobidy\AppData\Local\Temp




Periodic native trim disabled

---------------  S Y S T E M  ---------------

OS:
 Windows 10 , 64 bit Build 19041 (10.0.19041.6807)
OS uptime: 0 days 1:13 hours
Hyper-V role detected

CPU: total 4 (initial active 4) (2 cores per cpu, 2 threads per core) family 6 model 58 stepping 9 microcode 0x21, cx8, cmov, fxsr, ht, mmx, sse, sse2, sse3, ssse3, sse4.1, sse4.2, popcnt, tsc, tscinvbit, avx, aes, erms, clmul, vzeroupper, clflush, hv, rdtscp, f16c
Processor Information for all 4 processors :
  Max Mhz: 2601, Current Mhz: 2601, Mhz Limit: 2601

Memory: 4k page, system-wide physical 6017M (282M free)
TotalPageFile size 8017M (AvailPageFile size 73M)
current process WorkingSet (physical memory assigned to process): 308M, peak: 333M
current process commit charge ("private bytes"): 444M, peak: 444M

vm_info: Java HotSpot(TM) 64-Bit Server VM (21.0.10+8-LTS-217) for windows-amd64 JRE (21.0.10+8-LTS-217), built on 2025-12-18T14:59:28Z by "mach5run" with MS VC++ 17.13 (VS2022)

END.
