#
# There is insufficient memory for the Java Runtime Environment to continue.
# Native memory allocation (mmap) failed to map 134217728 bytes for G1 virtual space
# Possible reasons:
#   The system is out of physical RAM or swap space
#   The process is running with CompressedOops enabled, and the Java Heap may be blocking the growth of the native heap
# Possible solutions:
#   Reduce memory load on the system
#   Increase physical memory or swap space
#   Check if swap backing store is full
#   Decrease Java heap size (-Xmx/-Xms)
#   Decrease number of Java threads
#   Decrease Java thread stack sizes (-Xss)
#   Set larger code cache with -XX:ReservedCodeCacheSize=
#   JVM is running with Unscaled Compressed Oops mode in which the Java heap is
#     placed in the first 4GB address space. The Java Heap base address is the
#     maximum limit for the native heap growth. Please use -XX:HeapBaseMinAddress
#     to set the Java Heap base and to place the Java Heap above 4GB virtual address.
# This output file may be truncated or incomplete.
#
#  Out of Memory Error (os_windows.cpp:3604), pid=11124, tid=11368
#
# JRE version:  (21.0.10+8) (build )
# Java VM: Java HotSpot(TM) 64-Bit Server VM (21.0.10+8-LTS-217, mixed mode, emulated-client, sharing, tiered, compressed oops, compressed class ptrs, g1 gc, windows-amd64)
# No core dump will be written. Minidumps are not enabled by default on client versions of Windows
#

---------------  S U M M A R Y ------------

Command Line: -Xms128m -Xmx512m -XX:MaxMetaspaceSize=256m -XX:TieredStopAtLevel=1 -Dspring.output.ansi.enabled=always -Dcom.sun.management.jmxremote -Dspring.jmx.enabled=true -Dspring.liveBeansView.mbeanDomain -Dspring.application.admin.enabled=true -Dmanagement.endpoints.jmx.exposure.include=* -javaagent:C:\Program Files\JetBrains\IntelliJ IDEA 2025.1.3\lib\idea_rt.jar=62681 -Dfile.encoding=UTF-8 -Dsun.stdout.encoding=UTF-8 -Dsun.stderr.encoding=UTF-8 library.app.com.PojaApplication

Host: Intel(R) Core(TM) i5-3230M CPU @ 2.60GHz, 4 cores, 5G,  Windows 10 , 64 bit Build 19041 (10.0.19041.6807)
Time: Wed Jul  8 20:44:46 2026 Jordanie elapsed time: 0.184408 seconds (0d 0h 0m 0s)

---------------  T H R E A D  ---------------

Current thread (0x0000028e4bdffba0):  JavaThread "Unknown thread" [_thread_in_vm, id=11368, stack(0x000000fffb700000,0x000000fffb800000) (1024K)]

Stack: [0x000000fffb700000,0x000000fffb800000]
Native frames: (J=compiled Java code, j=interpreted, Vv=VM code, C=native code)
V  [jvm.dll+0x6d0b59]
V  [jvm.dll+0x85fd56]
V  [jvm.dll+0x86224e]
V  [jvm.dll+0x862923]
V  [jvm.dll+0x282a16]
V  [jvm.dll+0x6cd405]
V  [jvm.dll+0x6c1f8a]
V  [jvm.dll+0x35bcc8]
V  [jvm.dll+0x363986]
V  [jvm.dll+0x3b4a3e]
V  [jvm.dll+0x3b4ce8]
V  [jvm.dll+0x32f98c]
V  [jvm.dll+0x3304db]
V  [jvm.dll+0x829d3e]
V  [jvm.dll+0x3c19d1]
V  [jvm.dll+0x812c0a]
V  [jvm.dll+0x4543d1]
V  [jvm.dll+0x455e21]
C  [jli.dll+0x5310]
C  [ucrtbase.dll+0x21bb2]
C  [KERNEL32.DLL+0x17374]
C  [ntdll.dll+0x4cc91]


---------------  P R O C E S S  ---------------

Threads class SMR info:
_java_thread_list=0x00007fffda5e8c88, length=0, elements={
}

Java Threads: ( => current thread )
Total: 0

Other Threads:
  0x0000028e4df7be80 WorkerThread "GC Thread#0"                     [id=10720, stack(0x000000fffb800000,0x000000fffb900000) (1024K)]
  0x0000028e4df80d80 ConcurrentGCThread "G1 Main Marker"            [id=4276, stack(0x000000fffb900000,0x000000fffba00000) (1024K)]
  0x0000028e4df81950 WorkerThread "G1 Conc#0"                       [id=6728, stack(0x000000fffba00000,0x000000fffbb00000) (1024K)]

[error occurred during error reporting (printing all threads), id 0xc0000005, EXCEPTION_ACCESS_VIOLATION (0xc0000005) at pc=0x00007fffd9d52447]
VM state: not at safepoint (not fully initialized)

VM Mutex/Monitor currently owned by a thread:  ([mutex/lock_event])
[0x00007fffda65a010] Heap_lock - owner thread: 0x0000028e4bdffba0

Heap address: 0x00000000e0000000, size: 512 MB, Compressed Oops mode: 32-bit

CDS archive(s) mapped at: [0x0000000000000000-0x0000000000000000-0x0000000000000000), size 0, SharedBaseAddress: 0x0000000800000000, ArchiveRelocationMode: 1.
Narrow klass base: 0x0000000000000000, Narrow klass shift: 0, Narrow klass range: 0x0

GC Precious Log:
 CardTable entry size: 512
 Card Set container configuration: InlinePtr #cards 5 size 8 Array Of Cards #cards 12 size 40 Howl #buckets 4 coarsen threshold 1843 Howl Bitmap #cards 512 size 80 coarsen threshold 460 Card regions per heap region 1 cards per card region 2048

Heap:
 garbage-first heap   total 0K, used 0K [0x00000000e0000000, 0x0000000100000000)
  region size 1024K, 0 young (0K), 0 survivors (0K)

[error occurred during error reporting (printing heap information), id 0xc0000005, EXCEPTION_ACCESS_VIOLATION (0xc0000005) at pc=0x00007fffda13ac39]
GC Heap History (0 events):
No events

Dll operation events (1 events):
Event: 0.011 Loaded shared library C:\Program Files\Java\jdk-21.0.10\bin\java.dll

Deoptimization events (0 events):
No events

Classes loaded (0 events):
No events

Classes unloaded (0 events):
No events

Classes redefined (0 events):
No events

Internal exceptions (0 events):
No events

ZGC Phase Switch (0 events):
No events

VM Operations (0 events):
No events

Events (0 events):
No events


Dynamic libraries:
0x00007ff631b50000 - 0x00007ff631b60000 	C:\Program Files\Java\jdk-21.0.10\bin\java.exe
0x00007ff80a130000 - 0x00007ff80a328000 	C:\WINDOWS\SYSTEM32\ntdll.dll
0x00007ff8088e0000 - 0x00007ff8089a2000 	C:\WINDOWS\System32\KERNEL32.DLL
0x00007ff807b40000 - 0x00007ff807e37000 	C:\WINDOWS\System32\KERNELBASE.dll
0x00007ff8077b0000 - 0x00007ff8078b0000 	C:\WINDOWS\System32\ucrtbase.dll
0x00007fffeb8b0000 - 0x00007fffeb8c9000 	C:\Program Files\Java\jdk-21.0.10\bin\jli.dll
0x00007fffeef40000 - 0x00007fffeef5e000 	C:\Program Files\Java\jdk-21.0.10\bin\VCRUNTIME140.dll
0x00007ff809480000 - 0x00007ff809531000 	C:\WINDOWS\System32\ADVAPI32.dll
0x00007ff809880000 - 0x00007ff80991e000 	C:\WINDOWS\System32\msvcrt.dll
0x00007ff809c80000 - 0x00007ff809d1f000 	C:\WINDOWS\System32\sechost.dll
0x00007ff809670000 - 0x00007ff809790000 	C:\WINDOWS\System32\RPCRT4.dll
0x00007ff808110000 - 0x00007ff808137000 	C:\WINDOWS\System32\bcrypt.dll
0x00007ff809920000 - 0x00007ff809ac1000 	C:\WINDOWS\System32\USER32.dll
0x00007ff807ec0000 - 0x00007ff807ee2000 	C:\WINDOWS\System32\win32u.dll
0x00007ff8089c0000 - 0x00007ff8089eb000 	C:\WINDOWS\System32\GDI32.dll
0x00007ffffa4f0000 - 0x00007ffffa78b000 	C:\WINDOWS\WinSxS\amd64_microsoft.windows.common-controls_6595b64144ccf1df_6.0.19041.6456_none_60b8a6cb71f64256\COMCTL32.dll
0x00007ff807ef0000 - 0x00007ff808009000 	C:\WINDOWS\System32\gdi32full.dll
0x00007ff807a10000 - 0x00007ff807aad000 	C:\WINDOWS\System32\msvcp_win.dll
0x00007ffffd370000 - 0x00007ffffd37a000 	C:\WINDOWS\SYSTEM32\VERSION.dll
0x00007ff809850000 - 0x00007ff80987f000 	C:\WINDOWS\System32\IMM32.DLL
0x00007ffff8160000 - 0x00007ffff816c000 	C:\Program Files\Java\jdk-21.0.10\bin\vcruntime140_1.dll
0x00007fffe5ff0000 - 0x00007fffe607d000 	C:\Program Files\Java\jdk-21.0.10\bin\msvcp140.dll
0x00007fffd9a10000 - 0x00007fffda737000 	C:\Program Files\Java\jdk-21.0.10\bin\server\jvm.dll
0x00007ff808bb0000 - 0x00007ff808c1b000 	C:\WINDOWS\System32\WS2_32.dll
0x00007ff806d00000 - 0x00007ff806d4b000 	C:\WINDOWS\SYSTEM32\POWRPROF.dll
0x00007ff8044a0000 - 0x00007ff8044c7000 	C:\WINDOWS\SYSTEM32\WINMM.dll
0x00007ff806b70000 - 0x00007ff806b82000 	C:\WINDOWS\SYSTEM32\UMPDC.dll
0x00007ff8055e0000 - 0x00007ff8055f2000 	C:\WINDOWS\SYSTEM32\kernel.appcore.dll
0x00007ffff5b10000 - 0x00007ffff5b1a000 	C:\Program Files\Java\jdk-21.0.10\bin\jimage.dll
0x00007ffffcc10000 - 0x00007ffffce11000 	C:\WINDOWS\SYSTEM32\DBGHELP.DLL
0x00007fffeea70000 - 0x00007fffeeaa4000 	C:\WINDOWS\SYSTEM32\dbgcore.DLL
0x00007ff807ab0000 - 0x00007ff807b32000 	C:\WINDOWS\System32\bcryptPrimitives.dll
0x00007ffff5410000 - 0x00007ffff5420000 	C:\Program Files\Java\jdk-21.0.10\bin\instrument.dll
0x00007fffeb520000 - 0x00007fffeb541000 	C:\Program Files\Java\jdk-21.0.10\bin\java.dll

dbghelp: loaded successfully - version: 4.0.5 - missing functions: none
symbol engine: initialized successfully - sym options: 0x614 - pdb path: .;C:\Program Files\Java\jdk-21.0.10\bin;C:\WINDOWS\SYSTEM32;C:\WINDOWS\WinSxS\amd64_microsoft.windows.common-controls_6595b64144ccf1df_6.0.19041.6456_none_60b8a6cb71f64256;C:\Program Files\Java\jdk-21.0.10\bin\server

VM Arguments:
jvm_args: -Xms128m -Xmx512m -XX:MaxMetaspaceSize=256m -XX:TieredStopAtLevel=1 -Dspring.output.ansi.enabled=always -Dcom.sun.management.jmxremote -Dspring.jmx.enabled=true -Dspring.liveBeansView.mbeanDomain -Dspring.application.admin.enabled=true -Dmanagement.endpoints.jmx.exposure.include=* -javaagent:C:\Program Files\JetBrains\IntelliJ IDEA 2025.1.3\lib\idea_rt.jar=62681 -Dfile.encoding=UTF-8 -Dsun.stdout.encoding=UTF-8 -Dsun.stderr.encoding=UTF-8 
java_command: library.app.com.PojaApplication
java_class_path (initial): E:\L2\Prog4\Library-App-Prog4\build\classes\java\main;E:\L2\Prog4\Library-App-Prog4\build\resources\main;C:\Users\Sarobidy\.gradle\caches\modules-2\files-2.1\org.projectlombok\lombok\1.18.30\f195ee86e6c896ea47a1d39defbe20eb59cd149d\lombok-1.18.30.jar;C:\Users\Sarobidy\.gradle\caches\modules-2\files-2.1\org.springframework.boot\spring-boot-starter-web\3.2.2\b89d213d9f49c3e6247b2503ac7d94b0ac8260f6\spring-boot-starter-web-3.2.2.jar;C:\Users\Sarobidy\.gradle\caches\modules-2\files-2.1\org.springframework.boot\spring-boot-starter-data-jpa\3.2.2\65cf3aad09f0218b7dfab849c9b0350d0a9e0d81\spring-boot-starter-data-jpa-3.2.2.jar;C:\Users\Sarobidy\.gradle\caches\modules-2\files-2.1\org.flywaydb\flyway-core\9.22.3\76519923a547892f0108b99d1e7b06dcb4727ecd\flyway-core-9.22.3.jar;C:\Users\Sarobidy\.gradle\caches\modules-2\files-2.1\org.postgresql\postgresql\42.6.0\7614cfce466145b84972781ab0079b8dea49e363\postgresql-42.6.0.jar;C:\Users\Sarobidy\.gradle\caches\modules-2\files-2.1\org.hibernate.orm\hibernate-community-dialects\6.4.3.Final\d192539c9f0f373bc866f6420b3a6783878361dd\hibernate-community-dialects-6.4.3.Final.jar;C:\Users\Sarobidy\.gradle\caches\modules-2\files-2.1\org.springframework.boot\spring-boot-starter-jdbc\3.2.2\22ffda6938dca5f584c8b1b64e4e9096e8302c1e\spring-boot-starter-jdbc-3.2.2.jar;C:\Users\Sarobidy\.gradle\caches\modules-2\files-2.1\org.openapitools\jackson-databind-nullable\0.2.6\d8c7e6b4fcc10d36771d157fc011d2a04479e4a7\jackson-databind-nullable-0.2.6.jar;C:\Users\Sarobidy\.gradle\caches\modules-2\files-2.1\com.amazonaws.serverless\aws-serverless-java-container-springboot3\2.1.0\d68ef412e0be6e41cd299eaba3fef941381b5199\aws-serverless-java-container-springboot3-2.1.0.jar;C:\Users\Sarobidy\.gradle\caches\modules-2\files-2.1\com.fasterxml.jackson.datatype\jackson-datatype-jsr310\2.15.3\4a20a0e104931bfa72f24ef358c2eb63f1ef2aaf\jackson-datatype-jsr310-2.15.3.jar;C:\Users\Sarobidy\.gradle\caches\modules-2\files-2.1\software.amazon.awssdk\ses\2.21.40\8926ab124c387249b41c02e32b24e59ef7a00657\ses-2.21.40.jar;C:\Users\Sarobidy\.gradle\caches\modules-2\files-2.1\software.amazon.awssdk\aws-query-protocol\2.20.26\62d01a32c684a863b2e7aa288f8faceadef6e5ee\aws-query-protocol-2.20.26.jar;C:\Users\Sarobidy\.gradle\caches\modules-2\files-2.1\com.amazonaws\aws-lambda-java-core\1.2.3\4b2c5b56d06034778afb8def8a803614c6017e2\aws-lambda-java-core-1.2.3.jar;C:\Users\Sarobidy\.gradle\caches\modules-2\files-2.1\com.amazonaws\aws-lambda-java-events\3.11.3\38d2a58dda4229339943dcf00a17dd56051619f8\aws-lambda-java-events-3.11.3.jar;C:\Users\Sarobidy\.gradle\caches\modules-2\files-2.1\software.amazon.awssdk\sqs\2.21.40\1bb9c4ea8639da523548c315eb2da35d08baef07\sqs-2.21.40.jar;C:\Users\Sarobidy\.gradle\caches\modules-2\files-2.1\software.amazon.awssdk\eventbridge\2.21.40\454dc0f186e7ad3a5072479dde74855217dee73c\eventbridge-2.21.40.jar;C:\Users\Sarobidy\.gradle\caches\modules-2\files-2.1\software.amazon.awssdk.crt\aws-crt\0.28.12\caa10b2f21e884ffdd72789c66be802bcd0c82fe\aws-crt-0.28.12.jar;C:\Users\Sarobidy\.gradle\caches\modules-2\files-2.1\jakarta.mail\jakarta.mail-api\2.1.2\e2f24836f1720a6b53d98240a78b4860597428c8\jakarta.mail-api-2.1.2.jar;C:\Users\Sarobidy\.gradle\caches\modules-2\files-2.1\jakarta.activation\jakarta.activation-api\2.1.2\640c0d5aff45dbff1e1a1bc09673ff3a02b1ba12\jakarta.activation-api-2.1.2.jar;C:\Users\Sarobidy\.gradle\caches\modules-2\files-2.1\com.sun.mail\jakarta.mail\2.0.1\96d3645f02a92bcc5e7ae1ff037151e44179f230\jakarta.mail-2.0.1.jar;C:\Users\Sarobidy\.gradle\caches\modules-2\files-2.1\com.sun.activation\jakarta.activation\2.0.1\828b80e886a52bb09fe41ff410b10b342f533ce1\jakarta.activation-2.0.1.jar;C:\Users\Sarobidy\.gradle\caches\modules-2\files-2.1\org.apache.tika\tika-core\2.9.1\bfd572826e7023dd6ceeefe1b4d0f6d3d8eef507\tika-core-2.9.1.jar;C:\Users\Sarobidy\.gradle\caches\modules-2\files-2.1\org.reflections\reflections\0.10.2\b638d7ca0e0fe0146b60a0e7ba232ad852a73b31\reflections-0.10.2.jar;C:\Users\Sarobidy\.gradle\caches\modules-2\files-2.1\io.swagger\swagger-annotations\1.6.12\47688c32bd236a8df0142c08d047760e1f53c991\swagger-annotations-1.6.12.jar;C:\Users\Sarobidy\.gradle\caches\modules-2\files-2.1\org.springframework.boot\spring-boot-starter-json\3.2.2\328f5ce9e10d5f90520e72a3ff8a2586b9e46b37\spring-boot-starter-json-3.2.2.jar;C:\Users\Sarobidy\.gradle\caches\modules-2\files-2.1\org.springframework.boot\spring-boot-starter\3.2.2\dc04714f9295297f92fa8099eb51edc54dbe67db\spring-boot-starter-3.2.2.jar;C:\Users\Sarobidy\.gradle\caches\modules-2\files-2.1\org.springframework.boot\spring-boot-starter-tomcat\3.2.2\e22a0ba37910731b382f3fe47ad36aed20fad24d\spring-boot-starter-tomcat-3.2.2.jar;C:\Users\Sarobidy\.gradle\caches\modules-2\files-2.1\org.springframework\spring-webmvc\6.1.3\f4738a57787add6567e0679eebb1b499a11019cc\spring-webmvc-6.1.3.jar;C:\Users\Sarobidy\.gradle\caches\modules-2\files-2.1\org.springframework\spring-web\6.1.3\cc3459b4abd436331608ddb6424886875f7086ab\spring-web-6.1.3.jar;C:\Users\Sarobidy\.gradle\caches\modules-2\files-2.1\org.springframework.boot\spring-boot-starter-aop\3.2.2\f01ecef0ce5f8d5631890a0c456a88a72323b569\spring-boot-starter-aop-3.2.2.jar;C:\Users\Sarobidy\.gradle\caches\modules-2\files-2.1\org.hibernate.orm\hibernate-core\6.4.1.Final\3dcefddf6609e6491d37208bcc0cab1273598cbd\hibernate-core-6.4.1.Final.jar;C:\Users\Sarobidy\.gradle\caches\modules-2\files-2.1\org.springframework.data\spring-data-jpa\3.2.2\f91a3896c2a6139ac1da1fd8ff4350ca4b0e409e\spring-data-jpa-3.2.2.jar;C:\Users\Sarobidy\.gradle\caches\modules-2\files-2.1\org.springframework\spring-aspects\6.1.3\c8b5dde3568dc5df6109916d8ad4866efe4e61fd\spring-aspects-6.1.3.jar;C:\Users\Sarobidy\.gradle\caches\modules-2\files-2.1\com.fasterxml.jackson.dataformat\jackson-dataformat-toml\2.15.3\94d1222e3ee02f8d44a0ad6a5f7476d0833e654a\jackson-dataformat-toml-2.15.3.jar;C:\Users\Sarobidy\.gradle\caches\modules-2\files-2.1\com.google.code.gson\gson\2.10.1\b3add478d4382b78ea20b1671390a858002feb6c\gson-2.10.1.jar;C:\Users\Sarobidy\.gradle\caches\modules-2\files-2.1\com.zaxxer\HikariCP\5.0.1\a74c7f0a37046846e88d54f7cb6ea6d565c65f9c\HikariCP-5.0.1.jar;C:\Users\Sarobidy\.gradle\caches\modules-2\files-2.1\org.springframework\spring-jdbc\6.1.3\be4b30cc956b26f13e04ccadc2b0575038c531bb\spring-jdbc-6.1.3.jar;C:\Users\Sarobidy\.gradle\caches\modules-2\files-2.1\com.fasterxml.jackson.core\jackson-databind\2.15.3\a734bc2c47a9453c4efa772461a3aeb273c010d9\jackson-databind-2.15.3.jar;C:\Users\Sarobidy\.gradle\caches\modules-2\files-2.1\com.amazonaws.serverless\aws-serverless-java-container-core\2.1.0\cec7916a6c5aa03f6818220ca8f1a864136f9c5b\aws-serverless-java-container-core-2.1.0.jar;C:\Users\Sarobidy\.gradle\caches\modules-2\files-2.1\org.springframework.cloud\spring-cloud-function-serverless-web\4.1.4\621161d5604fbc2217e3e9322b81ebf415af134e\spring-cloud-function-serverless-web-4.1.4.jar;C:\Users\Sarobidy\.gradle\caches\modules-2\files-2.1\org.slf4j\slf4j-api\2.0.11\ad96c3f8cf895e696dd35c2bc8e8ebe710be9e6d\slf4j-api-2.0.11.jar;C:\Users\Sarobidy\.gradle\caches\modules-2\files-2.1\com.fasterxml.jackson.core\jackson-annotations\2.15.3\79baf4e605eb3bbb60b1c475d44a7aecceea1d60\jackson-annotations-2.15.3.jar;C:\Users\Sarobidy\.gradle\caches\modules-2\files-2.1\com.fasterxml.jackson.core\jackson-core\2.15.3\60d600567c1862840397bf9ff5a92398edc5797b\jackson-core-2.15.3.jar;C:\Users\Sarobidy\.gradle\caches\modules-2\files-2.1\software.amazon.awssdk\protocol-core\2.21.40\e87cdd212d8216572a0e6d009c04e941eae29e95\protocol-core-2.21.40.jar;C:\Users\Sarobidy\.gradle\caches\modules-2\files-2.1\software.amazon.awssdk\aws-core\2.21.40\a16c8f6df9bd109bbad88e1305ad543c8e9068ff\aws-core-2.21.40.jar;C:\Users\Sarobidy\.gradle\caches\modules-2\files-2.1\software.amazon.awssdk\auth\2.21.40\35dfb5a4ba81867728bb76ad361052c36ae7d6ac\auth-2.21.40.jar;C:\Users\Sarobidy\.gradle\caches\modules-2\files-2.1\software.amazon.awssdk\regions\2.21.40\c3980558a2fac93ccf9a9e0012ed4f9ad9d0b73c\regions-2.21.40.jar;C:\Users\Sarobidy\.gradle\caches\modules-2\files-2.1\software.amazon.awssdk\sdk-core\2.21.40\391ee3e8d735e65b2e673a4f2a95bb59f50b7f63\sdk-core-2.21.40.jar;C:\Users\Sarobidy\.gradle\caches\modules-2\files-2.1\software.amazon.awssdk\http-auth-aws\2.21.40\2080bc865f9cf700c4678d9e92913ad7774abb84\http-auth-aws-2.21.40.jar;C:\Users\Sarobidy\.gradle\caches\modules-2\files-2.1\software.amazon.awssdk\http-auth\2.21.40\37c68a83b46f1379f41f0fd46d88c9127a02c2b9\http-auth-2.21.40.jar;C:\Users\Sarobidy\.gradle\caches\modules-2\files-2.1\software.amazon.awssdk\http-auth-spi\2.21.40\3763606e224e647ae59975d146f62e7fa8f8a004\http-auth-spi-2.21.40.jar;C:\Users\Sarobidy\.gradle\caches\modules-2\files-2.1\software.amazon.awssdk\http-client-spi\2.21.40\aae2d1cef0f805efa36383e7a0f8c5fcf7ab7be8\http-client-spi-2.21.40.jar;C:\Users\Sarobidy\.gradle\caches\modules-2\files-2.1\software.amazon.awssdk\identity-spi\2.21.40\c8009ff55bcd5482b4f1e89f8026db1ffd10cfdf\identity-spi-2.21.40.jar;C:\Users\Sarobidy\.gradle\caches\modules-2\files-2.1\software.amazon.awssdk\metrics-spi\2.21.40\a43405adcc8a13018942afa8bcc578d1eedca9b6\metrics-spi-2.21.40.jar;C:\Users\Sarobidy\.gradle\caches\modules-2\files-2.1\software.amazon.awssdk\json-utils\2.21.40\9f888c83764fa4179a69b71e4b29981aed794038\json-utils-2.21.40.jar;C:\Users\Sarobidy\.gradle\caches\modules-2\files-2.1\software.amazon.awssdk\utils\2.21.40\966fe822556b6a7dc500eb0c1afe4625f3ec16b9\utils-2.21.40.jar;C:\Users\Sarobidy\.gradle\caches\modules-2\files-2.1\software.amazon.awssdk\endpoints-spi\2.21.40\293fa40e5e3267132b9d0e88581de952b590f5f0\endpoints-spi-2.21.40.jar;C:\Users\Sarobidy\.gradle\caches\modules-2\files-2.1\software.amazon.awssdk\annotations\2.21.40\aad81823cc1bead88b7a0ba3b3b342f0ffdd7bdd\annotations-2.21.40.jar;C:\Users\Sarobidy\.gradle\caches\modules-2\files-2.1\joda-time\joda-time\2.10.8\b0442d652c209a7ba7af0410ce219d997a447701\joda-time-2.10.8.jar;C:\Users\Sarobidy\.gradle\caches\modules-2\files-2.1\software.amazon.awssdk\aws-json-protocol\2.21.40\f9d4f4da875f8e3b97c7d29eecf3735e8c2257c3\aws-json-protocol-2.21.40.jar;C:\Users\Sarobidy\.gradle\caches\modules-2\files-2.1\commons-io\commons-io\2.15.1\f11560da189ab563a5c8e351941415430e9304ea\commons-io-2.15.1.jar;C:\Users\Sarobidy\.gradle\caches\modules-2\files-2.1\org.javassist\javassist\3.28.0-GA\9a958811a88381bb159cc2f5ed79c34a45c4af7a\javassist-3.28.0-GA.jar;C:\Users\Sarobidy\.gradle\caches\modules-2\files-2.1\com.google.code.findbugs\jsr305\3.0.2\25ea2e8b0c338a877313bd4672d3fe056ea78f0d\jsr305-3.0.2.jar;C:\Users\Sarobidy\.gradle\caches\modules-2\files-2.1\com.fasterxml.jackson.datatype\jackson-datatype-jdk8\2.15.3\80158cb020c7bd4e4ba94d8d752a65729dc943b2\jackson-datatype-jdk8-2.15.3.jar;C:\Users\Sarobidy\.gradle\caches\modules-2\files-2.1\com.fasterxml.jackson.module\jackson-module-parameter-names\2.15.3\8d251b90c5358677e7d8161e0c2488e6f84f49da\jackson-module-parameter-names-2.15.3.jar;C:\Users\Sarobidy\.gradle\caches\modules-2\files-2.1\org.springframework.boot\spring-boot-starter-logging\3.2.2\3347c3b1cec6cf2d5fa186d1e49d2f378a6b7cae\spring-boot-starter-logging-3.2.2.jar;C:\Users\Sarobidy\.gradle\caches\modules-2\files-2.1\org.springframework.boot\spring-boot-autoconfigure\3.2.2\5c407409f8d260a4bc6e173d16fc3b36e6adec21\spring-boot-autoconfigure-3.2.2.jar;C:\Users\Sarobidy\.gradle\caches\modules-2\files-2.1\org.springframework.boot\spring-boot\3.2.2\9f274d1bd822c4c57bb5b37ecae2380b980f567\spring-boot-3.2.2.jar;C:\Users\Sarobidy\.gradle\caches\modules-2\files-2.1\jakarta.annotation\jakarta.annotation-api\2.1.1\48b9bda22b091b1f48b13af03fe36db3be6e1ae3\jakarta.annotation-api-2.1.1.jar;C:\Users\Sarobidy\.gradle\caches\modules-2\files-2.1\org.springframework\spring-core\6.1.3\a002e96e780954cc3ac4cd70fd3bb16accdc47ed\spring-core-6.1.3.jar;C:\Users\Sarobidy\.gradle\caches\modules-2\files-2.1\org.yaml\snakeyaml\2.2\3af797a25458550a16bf89acc8e4ab2b7f2bfce0\snakeyaml-2.2.jar;C:\Users\Sarobidy\.gradle\caches\modules-2\files-2.1\org.apache.tomcat.embed\tomcat-embed-websocket\10.1.18\83a3bc6898f2ceed2357ba231a5e83dc2016d454\tomcat-embed-websocket-10.1.18.jar;C:\Users\Sarobidy\.gradle\caches\modules-2\files-2.1\org.apache.tomcat.embed\tomcat-embed-core\10.1.18\bff6c34649d1dd7b509e819794d73ba795947dcf\tomcat-embed-core-10.1.18.jar;C:\Users\Sarobidy\.gradle\caches\modules-2\files-2.1\org.apache.tomcat.embed\tomcat-embed-el\10.1.18\b2c4dc05abd363c63b245523bb071727aa2f1046\tomcat-embed-el-10.1.18.jar;C:\Users\Sarobidy\.gradle\caches\modules-2\files-2.1\org.springframework\spring-context\6.1.3\c63f038933701058fd7578460c66dbe2d424915\spring-context-6.1.3.jar;C:\Users\Sarobidy\.gradle\caches\modules-2\files-2.1\org.springframework\spring-aop\6.1.3\4d9bd4bd9b8bedf9ef151b45c79766b336117b9a\spring-aop-6.1.3.jar;C:\Users\Sarobidy\.gradle\caches\modules-2\files-2.1\org.springframework\spring-beans\6.1.3\c2df4210e796d3a27efc1f22621aa4e2c6cd985f\spring-beans-6.1.3.jar;C:\Users\Sarobidy\.gradle\caches\modules-2\files-2.1\org.springframework\spring-expression\6.1.3\7c35fc3d7525a024fdde8a5d7597a6a8a4e59d7\spring-expression-6.1.3.jar;C:\Users\Sarobidy\.gradle\caches\modules-2\files-2.1\io.micrometer\micrometer-observation\1.12.2\e082b05a2527fc24ea6fbe4c4b7ae34653aace81\micrometer-observation-1.12.2.jar;C:\Users\Sarobidy\.gradle\caches\modules-2\files-2.1\org.aspectj\aspectjweaver\1.9.21\beaabaea95c7f3330f415c72ee0ffe79b51d172f\aspectjweaver-1.9.21.jar;C:\Users\Sarobidy\.gradle\caches\modules-2\files-2.1\jakarta.persistence\jakarta.persistence-api\3.1.0\66901fa1c373c6aff65c13791cc11da72060a8d6\jakarta.persistence-api-3.1.0.jar;C:\Users\Sarobidy\.gradle\caches\modules-2\files-2.1\jakarta.transaction\jakarta.transaction-api\2.0.1\51a520e3fae406abb84e2e1148e6746ce3f80a1a\jakarta.transaction-api-2.0.1.jar;C:\Users\Sarobidy\.gradle\caches\modules-2\files-2.1\org.springframework\spring-orm\6.1.3\98572e26c6d011c9710545085358a4e35e27649\spring-orm-6.1.3.jar;C:\Users\Sarobidy\.gradle\caches\modules-2\files-2.1\org.springframework.data\spring-data-commons\3.2.2\9b0b0f5f5bc793463a81171d6889809abc14b19b\spring-data-commons-3.2.2.jar;C:\Users\Sarobidy\.gradle\caches\modules-2\files-2.1\org.springframework\spring-tx\6.1.3\7750337bf46a2ff248685915c7cc88d3bef2f666\spring-tx-6.1.3.jar;C:\Users\Sarobidy\.gradle\caches\modules-2\files-2.1\org.antlr\antlr4-runtime\4.13.0\5a02e48521624faaf5ff4d99afc88b01686af655\antlr4-runtime-4.13.0.jar;C:\Users\Sarobidy\.gradle\caches\modules-2\files-2.1\com.fasterxml.jackson.module\jackson-module-afterburner\2.15.3\a34eaee30ed9c7c09f7fcd0c339dd8052347a43a\jackson-module-afterburner-2.15.3.jar;C:\Users\Sarobidy\.gradle\caches\modules-2\files-2.1\org.apache.commons\commons-fileupload2-jakarta-servlet6\2.0.0-M2\de8ac10c2fcf051714db8c23754cce58eacdcdb6\commons-fileupload2-jakarta-servlet6-2.0.0-M2.jar;C:\Users\Sarobidy\.gradle\caches\modules-2\files-2.1\jakarta.servlet\jakarta.servlet-api\6.0.0\abecc699286e65035ebba9844c03931357a6a963\jakarta.servlet-api-6.0.0.jar;C:\Users\Sarobidy\.gradle\caches\modules-2\files-2.1\jakarta.ws.rs\jakarta.ws.rs-api\3.1.0\15ce10d249a38865b58fc39521f10f29ab0e3363\jakarta.ws.rs-api-3.1.0.jar;C:\Users\Sarobidy\.gradle\caches\modules-2\files-2.1\software.amazon.awssdk\profiles\2.21.40\859228b1b098b835e61c7825a0ef7d28172ddb23\profiles-2.21.40.jar;C:\Users\Sarobidy\.gradle\caches\modules-2\files-2.1\software.amazon.eventstream\eventstream\1.0.1\6ff8649dffc5190366ada897ba8525a836297784\eventstream-1.0.1.jar;C:\Users\Sarobidy\.gradle\caches\modules-2\files-2.1\software.amazon.awssdk\checksums\2.21.40\56cc2c329c775f97e647f57e0fa2e4dc464d0755\checksums-2.21.40.jar;C:\Users\Sarobidy\.gradle\caches\modules-2\files-2.1\software.amazon.awssdk\checksums-spi\2.21.40\41b20606644967d5fd394b5f512f0be7d5325016\checksums-spi-2.21.40.jar;C:\Users\Sarobidy\.gradle\caches\modules-2\files-2.1\org.reactivestreams\reactive-streams\1.0.4\3864a1320d97d7b045f729a326e1e077661f31b7\reactive-streams-1.0.4.jar;C:\Users\Sarobidy\.gradle\caches\modules-2\files-2.1\software.amazon.awssdk\third-party-jackson-core\2.21.40\bdad1fb829627469d269a898f4d51df70f80c407\third-party-jackson-core-2.21.40.jar;C:\Users\Sarobidy\.gradle\caches\modules-2\files-2.1\ch.qos.logback\logback-classic\1.4.14\d98bc162275134cdf1518774da4a2a17ef6fb94d\logback-classic-1.4.14.jar;C:\Users\Sarobidy\.gradle\caches\modules-2\files-2.1\org.apache.logging.log4j\log4j-to-slf4j\2.21.1\d77b2ba81711ed596cd797cc2b5b5bd7409d841c\log4j-to-slf4j-2.21.1.jar;C:\Users\Sarobidy\.gradle\caches\modules-2\files-2.1\org.slf4j\jul-to-slf4j\2.0.11\279356f8e873b1a26badd8bbb3284b5c3b22c770\jul-to-slf4j-2.0.11.jar;C:\Users\Sarobidy\.gradle\caches\modules-2\files-2.1\org.springframework\spring-jcl\6.1.3\a715e091ee86243ee94534a03f3c26b4e48de31e\spring-jcl-6.1.3.jar;C:\Users\Sarobidy\.gradle\caches\modules-2\files-2.1\io.micrometer\micrometer-commons\1.12.2\b44127d8ec7b3ef11a01912d1e6474e1167f3929\micrometer-commons-1.12.2.jar;C:\Users\Sarobidy\.gradle\caches\modules-2\files-2.1\org.apache.commons\commons-fileupload2-core\2.0.0-M2\5b16aec91c2e0b0e6052bff9795045c2704f6ca7\commons-fileupload2-core-2.0.0-M2.jar;C:\Users\Sarobidy\.gradle\caches\modules-2\files-2.1\ch.qos.logback\logback-core\1.4.14\4d3c2248219ac0effeb380ed4c5280a80bf395e8\logback-core-1.4.14.jar;C:\Users\Sarobidy\.gradle\caches\modules-2\files-2.1\org.apache.logging.log4j\log4j-api\2.21.1\74c65e87b9ce1694a01524e192d7be989ba70486\log4j-api-2.21.1.jar;C:\Users\Sarobidy\.gradle\caches\modules-2\files-2.1\org.checkerframework\checker-qual\3.31.0\eeefd4af42e2f4221d145c1791582f91868f99ab\checker-qual-3.31.0.jar;C:\Users\Sarobidy\.gradle\caches\modules-2\files-2.1\org.jboss.logging\jboss-logging\3.5.3.Final\c88fc1d8a96d4c3491f55d4317458ccad53ca663\jboss-logging-3.5.3.Final.jar;C:\Users\Sarobidy\.gradle\caches\modules-2\files-2.1\software.amazon.awssdk\apache-client\2.21.40\c85db84bfacf67fe9278a4d1775774750cd4f55c\apache-client-2.21.40.jar;C:\Users\Sarobidy\.gradle\caches\modules-2\files-2.1\software.amazon.awssdk\netty-nio-client\2.21.40\4412861c773c475da1553cd6030074f91a443757\netty-nio-client-2.21.40.jar;C:\Users\Sarobidy\.gradle\caches\modules-2\files-2.1\org.glassfish.jaxb\jaxb-runtime\4.0.4\7180c50ef8bd127bb1dd645458b906cffcf6c2b5\jaxb-runtime-4.0.4.jar;C:\Users\Sarobidy\.gradle\caches\modules-2\files-2.1\jakarta.xml.bind\jakarta.xml.bind-api\4.0.1\ca2330866cbc624c7e5ce982e121db1125d23e15\jakarta.xml.bind-api-4.0.1.jar;C:\Users\Sarobidy\.gradle\caches\modules-2\files-2.1\org.hibernate.common\hibernate-commons-annotations\6.0.6.Final\77a5f94b56d49508e0ee334751db5b78e5ccd50c\hibernate-commons-annotations-6.0.6.Final.jar;C:\Users\Sarobidy\.gradle\caches\modules-2\files-2.1\io.smallrye\jandex\3.1.2\a6c1c89925c7df06242b03dddb353116ceb9584c\jandex-3.1.2.jar;C:\Users\Sarobidy\.gradle\caches\modules-2\files-2.1\com.fasterxml\classmate\1.6.0\91affab6f84a2182fce5dd72a8d01bc14346dddd\classmate-1.6.0.jar;C:\Users\Sarobidy\.gradle\caches\modules-2\files-2.1\net.bytebuddy\byte-buddy\1.14.11\725602eb7c8c56b51b9c21f273f9df5c909d9e7d\byte-buddy-1.14.11.jar;C:\Users\Sarobidy\.gradle\caches\modules-2\files-2.1\jakarta.inject\jakarta.inject-api\2.0.1\4c28afe1991a941d7702fe1362c365f0a8641d1e\jakarta.inject-api-2.0.1.jar;C:\Users\Sarobidy\.gradle\caches\modules-2\files-2.1\org.apache.httpcomponents\httpclient\4.5.13\e5f6cae5ca7ecaac1ec2827a9e2d65ae2869cada\httpclient-4.5.13.jar;C:\Users\Sarobidy\.gradle\caches\modules-2\files-2.1\org.apache.httpcomponents\httpcore\4.4.16\51cf043c87253c9f58b539c9f7e44c8894223850\httpcore-4.4.16.jar;C:\Users\Sarobidy\.gradle\caches\modules-2\files-2.1\commons-codec\commons-codec\1.16.0\4e3eb3d79888d76b54e28b350915b5dc3919c9de\commons-codec-1.16.0.jar;C:\Users\Sarobidy\.gradle\caches\modules-2\files-2.1\io.netty\netty-codec-http2\4.1.105.Final\7c558b1ea68a2385b250191ad5ecb0f4afb2d866\netty-codec-http2-4.1.105.Final.jar;C:\Users\Sarobidy\.gradle\caches\modules-2\files-2.1\io.netty\netty-codec-http\4.1.105.Final\bc8bc7b5384fb3dcb467d2a44159282935328779\netty-codec-http-4.1.105.Final.jar;C:\Users\Sarobidy\.gradle\caches\modules-2\files-2.1\io.netty\netty-handler\4.1.105.Final\7e997e63d0a445c4b352bcd38474d50f06f2eaf1\netty-handler-4.1.105.Final.jar;C:\Users\Sarobidy\.gradle\caches\modules-2\files-2.1\io.netty\netty-codec\4.1.105.Final\4733830b4b2b9111e9bf8136691d07b20027cd51\netty-codec-4.1.105.Final.jar;C:\Users\Sarobidy\.gradle\caches\modules-2\files-2.1\io.netty\netty-transport-classes-epoll\4.1.105.Final\e006d3b0cfd5b8133c9fcebfa05d9ae80a721e80\netty-transport-classes-epoll-4.1.105.Final.jar;C:\Users\Sarobidy\.gradle\caches\modules-2\files-2.1\io.netty\netty-transport\4.1.105.Final\5184e1308ed7d853d7061b4e21e47e8de43a28df\netty-transport-4.1.105.Final.jar;C:\Users\Sarobidy\.gradle\caches\modules-2\files-2.1\io.netty\netty-buffer\4.1.105.Final\c1c1b4d2c89d2f74c80a2701c124ecfde1ecf067\netty-buffer-4.1.105.Final.jar;C:\Users\Sarobidy\.gradle\caches\modules-2\files-2.1\io.netty\netty-resolver\4.1.105.Final\e69687e013ded60f3f9054164e121c2702200711\netty-resolver-4.1.105.Final.jar;C:\Users\Sarobidy\.gradle\caches\modules-2\files-2.1\io.netty\netty-common\4.1.105.Final\8438fc1de4c10301bb53ceb49ed8db74bd40cc2c\netty-common-4.1.105.Final.jar;C:\Users\Sarobidy\.gradle\caches\modules-2\files-2.1\org.glassfish.jaxb\jaxb-core\4.0.4\2d5aadd02af86f1e9d8c6f7e8501673f915d4e25\jaxb-core-4.0.4.jar;C:\Users\Sarobidy\.gradle\caches\modules-2\files-2.1\commons-logging\commons-logging\1.2\4bfc12adfe4842bf07b657f0369c4cb522955686\commons-logging-1.2.jar;C:\Users\Sarobidy\.gradle\caches\modules-2\files-2.1\io.netty\netty-transport-native-unix-common\4.1.105.Final\8bb8ab3a8f1e730c6e7d1d1cf8fc24221eacc6cd\netty-transport-native-unix-common-4.1.105.Final.jar;C:\Users\Sarobidy\.gradle\caches\modules-2\files-2.1\org.eclipse.angus\angus-activation\2.0.1\eaafaf4eb71b400e4136fc3a286f50e34a68ecb7\angus-activation-2.0.1.jar;C:\Users\Sarobidy\.gradle\caches\modules-2\files-2.1\org.glassfish.jaxb\txw2\4.0.4\cfd2bcf08782673ac370694fdf2cf76dbaa607ef\txw2-4.0.4.jar;C:\Users\Sarobidy\.gradle\caches\modules-2\files-2.1\com.sun.istack\istack-commons-runtime\4.1.2\18ec117c85f3ba0ac65409136afa8e42bc74e739\istack-commons-runtime-4.1.2.jar
Launcher Type: SUN_STANDARD

[Global flags]
     intx CICompilerCount                          = 3                                         {product} {ergonomic}
   size_t CompressedClassSpaceSize                 = 218103808                                 {product} {ergonomic}
     uint ConcGCThreads                            = 1                                         {product} {ergonomic}
     uint G1ConcRefinementThreads                  = 4                                         {product} {ergonomic}
   size_t G1HeapRegionSize                         = 1048576                                   {product} {ergonomic}
    uintx GCDrainStackTargetSize                   = 64                                        {product} {ergonomic}
   size_t InitialHeapSize                          = 134217728                                 {product} {command line}
     bool ManagementServer                         = true                                      {product} {command line}
   size_t MarkStackSize                            = 4194304                                   {product} {ergonomic}
   size_t MaxHeapSize                              = 536870912                                 {product} {command line}
   size_t MaxMetaspaceSize                         = 268435456                                 {product} {command line}
   size_t MinHeapDeltaBytes                        = 1048576                                   {product} {ergonomic}
   size_t MinHeapSize                              = 134217728                                 {product} {command line}
    uintx NonNMethodCodeHeapSize                   = 4096                                   {pd product} {ergonomic}
    uintx NonProfiledCodeHeapSize                  = 0                                      {pd product} {ergonomic}
     bool ProfileInterpreter                       = false                                  {pd product} {command line}
    uintx ProfiledCodeHeapSize                     = 0                                      {pd product} {ergonomic}
   size_t SoftMaxHeapSize                          = 536870912                              {manageable} {ergonomic}
     intx TieredStopAtLevel                        = 1                                         {product} {command line}
     bool UseCompressedOops                        = true                           {product lp64_product} {ergonomic}
     bool UseG1GC                                  = true                                      {product} {ergonomic}
     bool UseLargePagesIndividualAllocation        = false                                  {pd product} {ergonomic}

Logging:
Log output configuration:
 #0: stdout all=warning uptime,level,tags foldmultilines=false
 #1: stderr all=off uptime,level,tags foldmultilines=false

Environment Variables:
JAVA_HOME=C:\Program Files\Java\jdk-21.0.10
PATH=C:\Program Files (x86)\VMware\VMware Workstation\bin\;C:\WINDOWS\system32;C:\WINDOWS;C:\WINDOWS\System32\Wbem;C:\WINDOWS\System32\WindowsPowerShell\v1.0\;C:\WINDOWS\System32\OpenSSH\;C:\Program Files\Git\cmd;C:\php;C:\ProgramData\ComposerSetup\bin;C:\Program Files\Java\jdk-21.0.10\bin;C:\Program Files\Apache\Maven\apache-maven-3.9.13-bin\apache-maven-3.9.13\bin;C:\Program Files\PostgreSQL\17\bin;C:\Program Files\KeePassXC\;C:\Users\Sarobidy\AppData\Local\nvm;C:\nvm4w\nodejs;C:\Program Files\nodejs\;C:\Program Files\Apache\Maven\apache-maven-3.9.13-bin\apache-maven-3.9.13\bin;C:\Users\Sarobidy\AppData\Local\Programs\Microsoft VS Code\bin;C:\Users\Sarobidy\AppData\Local\Python\bin;C:\Users\Sarobidy\AppData\Local\nvm;C:\nvm4w\nodejs;C:\Users\Sarobidy\AppData\Roaming\npm
USERNAME=neondb_owner
OS=Windows_NT
PROCESSOR_IDENTIFIER=Intel64 Family 6 Model 58 Stepping 9, GenuineIntel
TMP=C:\Users\Sarobidy\AppData\Local\Temp
TEMP=C:\Users\Sarobidy\AppData\Local\Temp




Periodic native trim disabled

---------------  S Y S T E M  ---------------

OS:
 Windows 10 , 64 bit Build 19041 (10.0.19041.6807)
OS uptime: 1 days 10:27 hours
Hyper-V role detected

CPU: total 4 (initial active 4) (2 cores per cpu, 2 threads per core) family 6 model 58 stepping 9 microcode 0x21, cx8, cmov, fxsr, ht, mmx, sse, sse2, sse3, ssse3, sse4.1, sse4.2, popcnt, tsc, tscinvbit, avx, aes, erms, clmul, vzeroupper, clflush, hv, rdtscp, f16c
Processor Information for all 4 processors :
  Max Mhz: 2601, Current Mhz: 2601, Mhz Limit: 2601

Memory: 4k page, system-wide physical 6017M (283M free)
TotalPageFile size 8016M (AvailPageFile size 128M)
current process WorkingSet (physical memory assigned to process): 10M, peak: 10M
current process commit charge ("private bytes"): 46M, peak: 174M

vm_info: Java HotSpot(TM) 64-Bit Server VM (21.0.10+8-LTS-217) for windows-amd64 JRE (21.0.10+8-LTS-217), built on 2025-12-18T14:59:28Z by "mach5run" with MS VC++ 17.13 (VS2022)

END.
