#
# There is insufficient memory for the Java Runtime Environment to continue.
# Native memory allocation (mmap) failed to map 100663296 bytes for G1 virtual space
# Possible reasons:
#   The system is out of physical RAM or swap space
#   The process is running with CompressedOops enabled, and the Java Heap may be blocking the growth of the native heap
# Possible solutions:
#   Reduce memory load on the system
#   Increase physical memory or swap space
#   Check if swap backing store is full
#   Decrease Java heap size (-Xmx/-Xms)
#   Decrease number of Java threads
#   Decrease Java thread stack sizes (-Xss)
#   Set larger code cache with -XX:ReservedCodeCacheSize=
#   JVM is running with Unscaled Compressed Oops mode in which the Java heap is
#     placed in the first 4GB address space. The Java Heap base address is the
#     maximum limit for the native heap growth. Please use -XX:HeapBaseMinAddress
#     to set the Java Heap base and to place the Java Heap above 4GB virtual address.
# This output file may be truncated or incomplete.
#
#  Out of Memory Error (os_windows.cpp:3604), pid=9724, tid=8780
#
# JRE version:  (21.0.10+8) (build )
# Java VM: Java HotSpot(TM) 64-Bit Server VM (21.0.10+8-LTS-217, mixed mode, sharing, tiered, compressed oops, compressed class ptrs, g1 gc, windows-amd64)
# No core dump will be written. Minidumps are not enabled by default on client versions of Windows
#

---------------  S U M M A R Y ------------

Command Line: -Dorg.gradle.appname=gradlew org.gradle.wrapper.GradleWrapperMain clean build

Host: Intel(R) Core(TM) i5-3230M CPU @ 2.60GHz, 4 cores, 5G,  Windows 10 , 64 bit Build 19041 (10.0.19041.6807)
Time: Fri Jul 10 04:03:07 2026 Jordanie elapsed time: 0.165247 seconds (0d 0h 0m 0s)

---------------  T H R E A D  ---------------

Current thread (0x0000021f4250ef00):  JavaThread "Unknown thread" [_thread_in_vm, id=8780, stack(0x0000009338700000,0x0000009338800000) (1024K)]

Stack: [0x0000009338700000,0x0000009338800000]
Native frames: (J=compiled Java code, j=interpreted, Vv=VM code, C=native code)
V  [jvm.dll+0x6d0b59]
V  [jvm.dll+0x85fd56]
V  [jvm.dll+0x86224e]
V  [jvm.dll+0x862923]
V  [jvm.dll+0x282a16]
V  [jvm.dll+0x6cd405]
V  [jvm.dll+0x6c1f8a]
V  [jvm.dll+0x35bcc8]
V  [jvm.dll+0x363986]
V  [jvm.dll+0x3b4a3e]
V  [jvm.dll+0x3b4ce8]
V  [jvm.dll+0x32f98c]
V  [jvm.dll+0x3304db]
V  [jvm.dll+0x829d3e]
V  [jvm.dll+0x3c19d1]
V  [jvm.dll+0x812c0a]
V  [jvm.dll+0x4543d1]
V  [jvm.dll+0x455e21]
C  [jli.dll+0x5310]
C  [ucrtbase.dll+0x21bb2]
C  [KERNEL32.DLL+0x17374]
C  [ntdll.dll+0x4cc91]


---------------  P R O C E S S  ---------------

Threads class SMR info:
_java_thread_list=0x00007ff807bf8c88, length=0, elements={
}

Java Threads: ( => current thread )
Total: 0

Other Threads:
  0x0000021f445f35f0 WorkerThread "GC Thread#0"                     [id=5160, stack(0x0000009338800000,0x0000009338900000) (1024K)]
  0x0000021f44600130 ConcurrentGCThread "G1 Main Marker"            [id=8620, stack(0x0000009338900000,0x0000009338a00000) (1024K)]
  0x0000021f44600d00 WorkerThread "G1 Conc#0"                       [id=11100, stack(0x0000009338a00000,0x0000009338b00000) (1024K)]

[error occurred during error reporting (printing all threads), id 0xc0000005, EXCEPTION_ACCESS_VIOLATION (0xc0000005) at pc=0x00007ff807362447]
VM state: not at safepoint (not fully initialized)

VM Mutex/Monitor currently owned by a thread:  ([mutex/lock_event])
[0x00007ff807c6a010] Heap_lock - owner thread: 0x0000021f4250ef00

Heap address: 0x00000000a1e00000, size: 1506 MB, Compressed Oops mode: 32-bit

CDS archive(s) mapped at: [0x0000000000000000-0x0000000000000000-0x0000000000000000), size 0, SharedBaseAddress: 0x0000000800000000, ArchiveRelocationMode: 1.
Narrow klass base: 0x0000000000000000, Narrow klass shift: 0, Narrow klass range: 0x0

GC Precious Log:
 CardTable entry size: 512
 Card Set container configuration: InlinePtr #cards 5 size 8 Array Of Cards #cards 12 size 40 Howl #buckets 4 coarsen threshold 1843 Howl Bitmap #cards 512 size 80 coarsen threshold 460 Card regions per heap region 1 cards per card region 2048

Heap:
 garbage-first heap   total 0K, used 0K [0x00000000a1e00000, 0x0000000100000000)
  region size 1024K, 0 young (0K), 0 survivors (0K)

[error occurred during error reporting (printing heap information), id 0xc0000005, EXCEPTION_ACCESS_VIOLATION (0xc0000005) at pc=0x00007ff80774ac39]
GC Heap History (0 events):
No events

Dll operation events (1 events):
Event: 0.010 Loaded shared library C:\Program Files\Java\jdk-21.0.10\bin\java.dll

Deoptimization events (0 events):
No events

Classes loaded (0 events):
No events

Classes unloaded (0 events):
No events

Classes redefined (0 events):
No events

Internal exceptions (0 events):
No events

ZGC Phase Switch (0 events):
No events

VM Operations (0 events):
No events

Events (0 events):
No events


Dynamic libraries:
0x00007ff7442e0000 - 0x00007ff7442f0000 	C:\Program Files\Java\jdk-21.0.10\bin\java.exe
0x00007ff836d90000 - 0x00007ff836f88000 	C:\WINDOWS\SYSTEM32\ntdll.dll
0x00007ff8357e0000 - 0x00007ff8358a2000 	C:\WINDOWS\System32\KERNEL32.DLL
0x00007ff834810000 - 0x00007ff834b07000 	C:\WINDOWS\System32\KERNELBASE.dll
0x00007ff834410000 - 0x00007ff834510000 	C:\WINDOWS\System32\ucrtbase.dll
0x00007ff8306f0000 - 0x00007ff83070e000 	C:\Program Files\Java\jdk-21.0.10\bin\VCRUNTIME140.dll
0x00007ff8306d0000 - 0x00007ff8306e9000 	C:\Program Files\Java\jdk-21.0.10\bin\jli.dll
0x00007ff836c90000 - 0x00007ff836d41000 	C:\WINDOWS\System32\ADVAPI32.dll
0x00007ff8368e0000 - 0x00007ff83697e000 	C:\WINDOWS\System32\msvcrt.dll
0x00007ff836470000 - 0x00007ff83650f000 	C:\WINDOWS\System32\sechost.dll
0x00007ff835650000 - 0x00007ff835770000 	C:\WINDOWS\System32\RPCRT4.dll
0x00007ff834c10000 - 0x00007ff834c37000 	C:\WINDOWS\System32\bcrypt.dll
0x00007ff8360c0000 - 0x00007ff836261000 	C:\WINDOWS\System32\USER32.dll
0x00007ff834b60000 - 0x00007ff834b82000 	C:\WINDOWS\System32\win32u.dll
0x00007ff823d20000 - 0x00007ff823fbb000 	C:\WINDOWS\WinSxS\amd64_microsoft.windows.common-controls_6595b64144ccf1df_6.0.19041.6456_none_60b8a6cb71f64256\COMCTL32.dll
0x00007ff834e80000 - 0x00007ff834eab000 	C:\WINDOWS\System32\GDI32.dll
0x00007ff8345a0000 - 0x00007ff8346b9000 	C:\WINDOWS\System32\gdi32full.dll
0x00007ff834770000 - 0x00007ff83480d000 	C:\WINDOWS\System32\msvcp_win.dll
0x00007ff828510000 - 0x00007ff82851a000 	C:\WINDOWS\SYSTEM32\VERSION.dll
0x00007ff836b30000 - 0x00007ff836b5f000 	C:\WINDOWS\System32\IMM32.DLL
0x00007ff8306c0000 - 0x00007ff8306cc000 	C:\Program Files\Java\jdk-21.0.10\bin\vcruntime140_1.dll
0x00007ff819ae0000 - 0x00007ff819b6d000 	C:\Program Files\Java\jdk-21.0.10\bin\msvcp140.dll
0x00007ff807020000 - 0x00007ff807d47000 	C:\Program Files\Java\jdk-21.0.10\bin\server\jvm.dll
0x00007ff836050000 - 0x00007ff8360bb000 	C:\WINDOWS\System32\WS2_32.dll
0x00007ff833910000 - 0x00007ff83395b000 	C:\WINDOWS\SYSTEM32\POWRPROF.dll
0x00007ff818060000 - 0x00007ff818087000 	C:\WINDOWS\SYSTEM32\WINMM.dll
0x00007ff8337d0000 - 0x00007ff8337e2000 	C:\WINDOWS\SYSTEM32\UMPDC.dll
0x00007ff832240000 - 0x00007ff832252000 	C:\WINDOWS\SYSTEM32\kernel.appcore.dll
0x00007ff8306b0000 - 0x00007ff8306ba000 	C:\Program Files\Java\jdk-21.0.10\bin\jimage.dll
0x00007ff827040000 - 0x00007ff827241000 	C:\WINDOWS\SYSTEM32\DBGHELP.DLL
0x00007ff81c980000 - 0x00007ff81c9b4000 	C:\WINDOWS\SYSTEM32\dbgcore.DLL
0x00007ff834510000 - 0x00007ff834592000 	C:\WINDOWS\System32\bcryptPrimitives.dll
0x00007ff81bcf0000 - 0x00007ff81bd11000 	C:\Program Files\Java\jdk-21.0.10\bin\java.dll

dbghelp: loaded successfully - version: 4.0.5 - missing functions: none
symbol engine: initialized successfully - sym options: 0x614 - pdb path: .;C:\Program Files\Java\jdk-21.0.10\bin;C:\WINDOWS\SYSTEM32;C:\WINDOWS\WinSxS\amd64_microsoft.windows.common-controls_6595b64144ccf1df_6.0.19041.6456_none_60b8a6cb71f64256;C:\Program Files\Java\jdk-21.0.10\bin\server

VM Arguments:
jvm_args: -Dorg.gradle.appname=gradlew 
java_command: org.gradle.wrapper.GradleWrapperMain clean build
java_class_path (initial): E:/L2/Prog4/Library-App-Prog4/gradle/wrapper/gradle-wrapper.jar
Launcher Type: SUN_STANDARD

[Global flags]
     intx CICompilerCount                          = 3                                         {product} {ergonomic}
     uint ConcGCThreads                            = 1                                         {product} {ergonomic}
     uint G1ConcRefinementThreads                  = 4                                         {product} {ergonomic}
   size_t G1HeapRegionSize                         = 1048576                                   {product} {ergonomic}
    uintx GCDrainStackTargetSize                   = 64                                        {product} {ergonomic}
   size_t InitialHeapSize                          = 100663296                                 {product} {ergonomic}
   size_t MarkStackSize                            = 4194304                                   {product} {ergonomic}
   size_t MaxHeapSize                              = 1579155456                                {product} {ergonomic}
   size_t MinHeapDeltaBytes                        = 1048576                                   {product} {ergonomic}
   size_t MinHeapSize                              = 8388608                                   {product} {ergonomic}
    uintx NonNMethodCodeHeapSize                   = 5832780                                {pd product} {ergonomic}
    uintx NonProfiledCodeHeapSize                  = 122912730                              {pd product} {ergonomic}
    uintx ProfiledCodeHeapSize                     = 122912730                              {pd product} {ergonomic}
    uintx ReservedCodeCacheSize                    = 251658240                              {pd product} {ergonomic}
     bool SegmentedCodeCache                       = true                                      {product} {ergonomic}
   size_t SoftMaxHeapSize                          = 1579155456                             {manageable} {ergonomic}
     bool UseCompressedOops                        = true                           {product lp64_product} {ergonomic}
     bool UseG1GC                                  = true                                      {product} {ergonomic}
     bool UseLargePagesIndividualAllocation        = false                                  {pd product} {ergonomic}

Logging:
Log output configuration:
 #0: stdout all=warning uptime,level,tags foldmultilines=false
 #1: stderr all=off uptime,level,tags foldmultilines=false

Environment Variables:
JAVA_HOME=C:\Program Files\Java\jdk-21.0.10
PATH=C:\Users\Sarobidy\bin;C:\Program Files\Git\mingw64\bin;C:\Program Files\Git\usr\local\bin;C:\Program Files\Git\usr\bin;C:\Program Files\Git\usr\bin;C:\Program Files\Git\mingw64\bin;C:\Program Files\Git\usr\bin;C:\Users\Sarobidy\bin;C:\Program Files (x86)\VMware\VMware Workstation\bin;C:\WINDOWS\system32;C:\WINDOWS;C:\WINDOWS\System32\Wbem;C:\WINDOWS\System32\WindowsPowerShell\v1.0;C:\WINDOWS\System32\OpenSSH;C:\Program Files\Git\cmd;C:\php;C:\ProgramData\ComposerSetup\bin;C:\Program Files\Java\jdk-21.0.10\bin;C:\Program Files\Apache\Maven\apache-maven-3.9.13-bin\apache-maven-3.9.13\bin;C:\Program Files\PostgreSQL\17\bin;C:\Program Files\KeePassXC;%NVM_HOME%;%NVM_SYMLINK%;C:\Program Files\nodejs;C:\Program Files\Apache\Maven\apache-maven-3.9.13-bin\apache-maven-3.9.13\bin;C:\Users\Sarobidy\AppData\Local\Programs\Microsoft VS Code\bin;C:\Users\Sarobidy\AppData\Local\Python\bin;C:\Users\Sarobidy\AppData\Local\nvm;C:\nvm4w\nodejs;C:\Users\Sarobidy\AppData\Roaming\npm;C:\Program Files\Git\usr\bin\vendor_perl;C:\Program Files\Git\usr\bin\core_perl
USERNAME=Sarobidy
SHELL=C:\Program Files\Git\usr\bin\bash.exe
DISPLAY=needs-to-be-defined
LC_CTYPE=fr_FR.UTF-8
TERM=xterm
TMPDIR=C:\Users\Sarobidy\AppData\Local\Temp
OS=Windows_NT
PROCESSOR_IDENTIFIER=Intel64 Family 6 Model 58 Stepping 9, GenuineIntel
TMP=C:\Users\Sarobidy\AppData\Local\Temp
TEMP=C:\Users\Sarobidy\AppData\Local\Temp




Periodic native trim disabled

---------------  S Y S T E M  ---------------

OS:
 Windows 10 , 64 bit Build 19041 (10.0.19041.6807)
OS uptime: 0 days 3:48 hours
Hyper-V role detected

CPU: total 4 (initial active 4) (2 cores per cpu, 2 threads per core) family 6 model 58 stepping 9 microcode 0x21, cx8, cmov, fxsr, ht, mmx, sse, sse2, sse3, ssse3, sse4.1, sse4.2, popcnt, tsc, tscinvbit, avx, aes, erms, clmul, vzeroupper, clflush, hv, rdtscp, f16c
Processor Information for all 4 processors :
  Max Mhz: 2601, Current Mhz: 2601, Mhz Limit: 2601

Memory: 4k page, system-wide physical 6017M (459M free)
TotalPageFile size 8017M (AvailPageFile size 91M)
current process WorkingSet (physical memory assigned to process): 10M, peak: 10M
current process commit charge ("private bytes"): 51M, peak: 147M

vm_info: Java HotSpot(TM) 64-Bit Server VM (21.0.10+8-LTS-217) for windows-amd64 JRE (21.0.10+8-LTS-217), built on 2025-12-18T14:59:28Z by "mach5run" with MS VC++ 17.13 (VS2022)

END.
